Archive member included to satisfy reference by file (symbol)

/Applications/ArmGNUToolchain/13.3.rel1/arm-none-eabi/bin/../lib/gcc/arm-none-eabi/13.3.1/../../../../arm-none-eabi/lib/thumb/v7-m/nofp/libc_nano.a(libc_a-exit.o)
                              /Applications/ArmGNUToolchain/13.3.rel1/arm-none-eabi/bin/../lib/gcc/arm-none-eabi/13.3.1/../../../../arm-none-eabi/lib/thumb/v7-m/nofp/crt0.o (exit)
/Applications/ArmGNUToolchain/13.3.rel1/arm-none-eabi/bin/../lib/gcc/arm-none-eabi/13.3.1/../../../../arm-none-eabi/lib/thumb/v7-m/nofp/libc_nano.a(libc_a-findfp.o)
                              /Applications/ArmGNUToolchain/13.3.rel1/arm-none-eabi/bin/../lib/gcc/arm-none-eabi/13.3.1/../../../../arm-none-eabi/lib/thumb/v7-m/nofp/libc_nano.a(libc_a-exit.o) (__stdio_exit_handler)
/Applications/ArmGNUToolchain/13.3.rel1/arm-none-eabi/bin/../lib/gcc/arm-none-eabi/13.3.1/../../../../arm-none-eabi/lib/thumb/v7-m/nofp/libc_nano.a(libc_a-fwalk.o)
                              /Applications/ArmGNUToolchain/13.3.rel1/arm-none-eabi/bin/../lib/gcc/arm-none-eabi/13.3.1/../../../../arm-none-eabi/lib/thumb/v7-m/nofp/libc_nano.a(libc_a-findfp.o) (_fwalk_sglue)
/Applications/ArmGNUToolchain/13.3.rel1/arm-none-eabi/bin/../lib/gcc/arm-none-eabi/13.3.1/../../../../arm-none-eabi/lib/thumb/v7-m/nofp/libc_nano.a(libc_a-printf.o)
                              build/main.o (printf)
/Applications/ArmGNUToolchain/13.3.rel1/arm-none-eabi/bin/../lib/gcc/arm-none-eabi/13.3.1/../../../../arm-none-eabi/lib/thumb/v7-m/nofp/libc_nano.a(libc_a-puts.o)
                              build/main.o (puts)
/Applications/ArmGNUToolchain/13.3.rel1/arm-none-eabi/bin/../lib/gcc/arm-none-eabi/13.3.1/../../../../arm-none-eabi/lib/thumb/v7-m/nofp/libc_nano.a(libc_a-memset.o)
                              /Applications/ArmGNUToolchain/13.3.rel1/arm-none-eabi/bin/../lib/gcc/arm-none-eabi/13.3.1/../../../../arm-none-eabi/lib/thumb/v7-m/nofp/crt0.o (memset)
/Applications/ArmGNUToolchain/13.3.rel1/arm-none-eabi/bin/../lib/gcc/arm-none-eabi/13.3.1/../../../../arm-none-eabi/lib/thumb/v7-m/nofp/libc_nano.a(libc_a-errno.o)
                              build/sysmem.o (__errno)
/Applications/ArmGNUToolchain/13.3.rel1/arm-none-eabi/bin/../lib/gcc/arm-none-eabi/13.3.1/../../../../arm-none-eabi/lib/thumb/v7-m/nofp/libc_nano.a(libc_a-init.o)
                              /Applications/ArmGNUToolchain/13.3.rel1/arm-none-eabi/bin/../lib/gcc/arm-none-eabi/13.3.1/../../../../arm-none-eabi/lib/thumb/v7-m/nofp/crt0.o (__libc_init_array)
/Applications/ArmGNUToolchain/13.3.rel1/arm-none-eabi/bin/../lib/gcc/arm-none-eabi/13.3.1/../../../../arm-none-eabi/lib/thumb/v7-m/nofp/libc_nano.a(libc_a-lock.o)
                              /Applications/ArmGNUToolchain/13.3.rel1/arm-none-eabi/bin/../lib/gcc/arm-none-eabi/13.3.1/../../../../arm-none-eabi/lib/thumb/v7-m/nofp/libc_nano.a(libc_a-findfp.o) (__retarget_lock_init_recursive)
/Applications/ArmGNUToolchain/13.3.rel1/arm-none-eabi/bin/../lib/gcc/arm-none-eabi/13.3.1/../../../../arm-none-eabi/lib/thumb/v7-m/nofp/libc_nano.a(libc_a-impure.o)
                              /Applications/ArmGNUToolchain/13.3.rel1/arm-none-eabi/bin/../lib/gcc/arm-none-eabi/13.3.1/../../../../arm-none-eabi/lib/thumb/v7-m/nofp/libc_nano.a(libc_a-printf.o) (_impure_ptr)
/Applications/ArmGNUToolchain/13.3.rel1/arm-none-eabi/bin/../lib/gcc/arm-none-eabi/13.3.1/../../../../arm-none-eabi/lib/thumb/v7-m/nofp/libc_nano.a(libc_a-strlen.o)
                              build/main.o (strlen)
/Applications/ArmGNUToolchain/13.3.rel1/arm-none-eabi/bin/../lib/gcc/arm-none-eabi/13.3.1/../../../../arm-none-eabi/lib/thumb/v7-m/nofp/libc_nano.a(libc_a-nano-vfprintf.o)
                              /Applications/ArmGNUToolchain/13.3.rel1/arm-none-eabi/bin/../lib/gcc/arm-none-eabi/13.3.1/../../../../arm-none-eabi/lib/thumb/v7-m/nofp/libc_nano.a(libc_a-printf.o) (_vfprintf_r)
/Applications/ArmGNUToolchain/13.3.rel1/arm-none-eabi/bin/../lib/gcc/arm-none-eabi/13.3.1/../../../../arm-none-eabi/lib/thumb/v7-m/nofp/libc_nano.a(libc_a-mallocr.o)
                              /Applications/ArmGNUToolchain/13.3.rel1/arm-none-eabi/bin/../lib/gcc/arm-none-eabi/13.3.1/../../../../arm-none-eabi/lib/thumb/v7-m/nofp/libc_nano.a(libc_a-findfp.o) (_malloc_r)
/Applications/ArmGNUToolchain/13.3.rel1/arm-none-eabi/bin/../lib/gcc/arm-none-eabi/13.3.1/../../../../arm-none-eabi/lib/thumb/v7-m/nofp/libc_nano.a(libc_a-nano-vfprintf_i.o)
                              /Applications/ArmGNUToolchain/13.3.rel1/arm-none-eabi/bin/../lib/gcc/arm-none-eabi/13.3.1/../../../../arm-none-eabi/lib/thumb/v7-m/nofp/libc_nano.a(libc_a-nano-vfprintf.o) (_printf_i)
/Applications/ArmGNUToolchain/13.3.rel1/arm-none-eabi/bin/../lib/gcc/arm-none-eabi/13.3.1/../../../../arm-none-eabi/lib/thumb/v7-m/nofp/libc_nano.a(libc_a-fflush.o)
[...]
Memory Configuration

Name             Origin             Length             Attributes
RAM              0x20000000         0x00005000         xrw
FLASH            0x08000000         0x00010000         xr
*default*        0x00000000         0xffffffff

Linker script and memory map

LOAD /Applications/ArmGNUToolchain/13.3.rel1/arm-none-eabi/bin/../lib/gcc/arm-none-eabi/13.3.1/thumb/v7-m/nofp/crti.o
LOAD /Applications/ArmGNUToolchain/13.3.rel1/arm-none-eabi/bin/../lib/gcc/arm-none-eabi/13.3.1/thumb/v7-m/nofp/crtbegin.o
LOAD /Applications/ArmGNUToolchain/13.3.rel1/arm-none-eabi/bin/../lib/gcc/arm-none-eabi/13.3.1/../../../../arm-none-eabi/lib/thumb/v7-m/nofp/crt0.o
LOAD build/main.o
LOAD build/gpio.o
LOAD build/can.o
LOAD build/i2c.o
LOAD build/usart.o
LOAD build/stm32f1xx_it.o
LOAD build/stm32f1xx_hal_msp.o
LOAD build/stm32f1xx_hal_gpio_ex.o
LOAD build/stm32f1xx_hal_can.o
LOAD build/stm32f1xx_hal.o
LOAD build/stm32f1xx_hal_rcc.o
LOAD build/stm32f1xx_hal_rcc_ex.o
LOAD build/stm32f1xx_hal_gpio.o
LOAD build/stm32f1xx_hal_dma.o
LOAD build/stm32f1xx_hal_cortex.o
LOAD build/stm32f1xx_hal_pwr.o
LOAD build/stm32f1xx_hal_flash.o
LOAD build/stm32f1xx_hal_flash_ex.o
LOAD build/stm32f1xx_hal_exti.o
LOAD build/stm32f1xx_hal_i2c.o
LOAD build/stm32f1xx_hal_tim.o
LOAD build/stm32f1xx_hal_tim_ex.o
LOAD build/stm32f1xx_hal_uart.o
LOAD build/system_stm32f1xx.o
LOAD build/sysmem.o
LOAD build/syscalls.o
LOAD build/usb.o
LOAD build/stm32f1xx_hal_pcd.o
LOAD build/stm32f1xx_hal_pcd_ex.o
LOAD build/stm32f1xx_ll_usb.o
LOAD build/startup_stm32f103xb.o
LOAD /Applications/ArmGNUToolchain/13.3.rel1/arm-none-eabi/bin/../lib/gcc/arm-none-eabi/13.3.1/../../../../arm-none-eabi/lib/thumb/v7-m/nofp/libc_nano.a
LOAD /Applications/ArmGNUToolchain/13.3.rel1/arm-none-eabi/bin/../lib/gcc/arm-none-eabi/13.3.1/../../../../arm-none-eabi/lib/thumb/v7-m/nofp/libm.a
LOAD /Applications/ArmGNUToolchain/13.3.rel1/arm-none-eabi/bin/../lib/gcc/arm-none-eabi/13.3.1/../../../../arm-none-eabi/lib/thumb/v7-m/nofp/libnosys.a
START GROUP
LOAD /Applications/ArmGNUToolchain/13.3.rel1/arm-none-eabi/bin/../lib/gcc/arm-none-eabi/13.3.1/thumb/v7-m/nofp/libgcc.a
LOAD /Applications/ArmGNUToolchain/13.3.rel1/arm-none-eabi/bin/../lib/gcc/arm-none-eabi/13.3.1/../../../../arm-none-eabi/lib/thumb/v7-m/nofp/libc_nano.a
END GROUP
START GROUP
LOAD /Applications/ArmGNUToolchain/13.3.rel1/arm-none-eabi/bin/../lib/gcc/arm-none-eabi/13.3.1/thumb/v7-m/nofp/libgcc.a
LOAD /Applications/ArmGNUToolchain/13.3.rel1/arm-none-eabi/bin/../lib/gcc/arm-none-eabi/13.3.1/../../../../arm-none-eabi/lib/thumb/v7-m/nofp/libc_nano.a
END GROUP
LOAD /Applications/ArmGNUToolchain/13.3.rel1/arm-none-eabi/bin/../lib/gcc/arm-none-eabi/13.3.1/thumb/v7-m/nofp/crtend.o
LOAD /Applications/ArmGNUToolchain/13.3.rel1/arm-none-eabi/bin/../lib/gcc/arm-none-eabi/13.3.1/thumb/v7-m/nofp/crtn.o
                0x20005000                        _estack = (ORIGIN (RAM) + LENGTH (RAM))
                0x00000200                        _Min_Heap_Size = 0x200
                0x00000400                        _Min_Stack_Size = 0x400

.isr_vector     0x08000000      0x10c
                0x08000000                        . = ALIGN (0x4)
 *(.isr_vector)
 .isr_vector    0x08000000      0x10c build/startup_stm32f103xb.o
                0x08000000                g_pfnVectors
                0x0800010c                        . = ALIGN (0x4)

.text           0x0800010c     0x2c34
                0x0800010c                        . = ALIGN (0x4)
 *(.text)
 *(.text*)
 .text.deregister_tm_clones
                0x0800010c       0x1c /Applications/ArmGNUToolchain/13.3.rel1/arm-none-eabi/bin/../lib/gcc/arm-none-eabi/13.3.1/thumb/v7-m/nofp/crtbegin.o
 .text.register_tm_clones
                0x08000128       0x24 /Applications/ArmGNUToolchain/13.3.rel1/arm-none-eabi/bin/../lib/gcc/arm-none-eabi/13.3.1/thumb/v7-m/nofp/crtbegin.o
 .text.__do_global_dtors_aux
                0x0800014c       0x28 /Applications/ArmGNUToolchain/13.3.rel1/arm-none-eabi/bin/../lib/gcc/arm-none-eabi/13.3.1/thumb/v7-m/nofp/crtbegin.o
 .text.frame_dummy
                0x08000174       0x24 /Applications/ArmGNUToolchain/13.3.rel1/arm-none-eabi/bin/../lib/gcc/arm-none-eabi/13.3.1/thumb/v7-m/nofp/crtbegin.o
 .text.__io_putchar
                0x08000198       0x20 build/main.o
                0x08000198                __io_putchar
 .text.Error_Handler
                0x080001b8       0x18 build/main.o
                0x080001b8                Error_Handler
 .text.SystemClock_Config
                0x080001d0       0x88 build/main.o
                0x080001d0                SystemClock_Config
 .text.main     0x08000258      0x150 build/main.o
                0x08000258                main
 .text.MX_GPIO_Init
                0x080003a8       0x74 build/gpio.o
                0x080003a8                MX_GPIO_Init
 .text.MX_CAN_Init
                0x0800041c       0x4c build/can.o
                0x0800041c                MX_CAN_Init
 .text.HAL_CAN_MspInit
                0x08000468       0x8c build/can.o
                0x08000468                HAL_CAN_MspInit
 .text.MX_I2C1_Init
                0x080004f4       0x3c build/i2c.o
                0x080004f4                MX_I2C1_Init
 .text.HAL_I2C_MspInit
                0x08000530       0x64 build/i2c.o
                0x08000530                HAL_I2C_MspInit
 .text.MX_USART1_UART_Init
                0x08000594       0x34 build/usart.o
                0x08000594                MX_USART1_UART_Init
 .text.HAL_UART_MspInit
                0x080005c8       0x78 build/usart.o
                0x080005c8                HAL_UART_MspInit
 .text.NMI_Handler
                0x08000640        0x2 build/stm32f1xx_it.o
                0x08000640                NMI_Handler
 .text.HardFault_Handler
                0x08000642        0x2 build/stm32f1xx_it.o
                0x08000642                HardFault_Handler
 .text.MemManage_Handler
                0x08000644        0x2 build/stm32f1xx_it.o
                0x08000644                MemManage_Handler
 .text.BusFault_Handler
                0x08000646        0x2 build/stm32f1xx_it.o
                0x08000646                BusFault_Handler
 .text.UsageFault_Handler
                0x08000648        0x2 build/stm32f1xx_it.o
                0x08000648                UsageFault_Handler
 .text.SVC_Handler
                0x0800064a        0x2 build/stm32f1xx_it.o
                0x0800064a                SVC_Handler
 .text.DebugMon_Handler
                0x0800064c        0x2 build/stm32f1xx_it.o
                0x0800064c                DebugMon_Handler
 .text.PendSV_Handler
                0x0800064e        0x2 build/stm32f1xx_it.o
                0x0800064e                PendSV_Handler
 .text.SysTick_Handler
                0x08000650        0x8 build/stm32f1xx_it.o
                0x08000650                SysTick_Handler
 .text.HAL_MspInit
                0x08000658       0x44 build/stm32f1xx_hal_msp.o
                0x08000658                HAL_MspInit
 .text.HAL_CAN_Init
                0x0800069c      0x14c build/stm32f1xx_hal_can.o
                0x0800069c                HAL_CAN_Init
 .text.HAL_CAN_ConfigFilter
                0x080007e8      0x10c build/stm32f1xx_hal_can.o
                0x080007e8                HAL_CAN_ConfigFilter
 .text.HAL_CAN_Start
                0x080008f4       0x5c build/stm32f1xx_hal_can.o
                0x080008f4                HAL_CAN_Start
 .text.HAL_CAN_AddTxMessage
                0x08000950       0xea build/stm32f1xx_hal_can.o
                0x08000950                HAL_CAN_AddTxMessage
 .text.HAL_CAN_IsTxMessagePending
                0x08000a3a       0x26 build/stm32f1xx_hal_can.o
                0x08000a3a                HAL_CAN_IsTxMessagePending
 .text.HAL_CAN_GetRxMessage
                0x08000a60      0x16a build/stm32f1xx_hal_can.o
                0x08000a60                HAL_CAN_GetRxMessage
 .text.HAL_CAN_ActivateNotification
                0x08000bca       0x24 build/stm32f1xx_hal_can.o
                0x08000bca                HAL_CAN_ActivateNotification
 *fill*         0x08000bee        0x2 
 .text.HAL_InitTick
                0x08000bf0       0x4c build/stm32f1xx_hal.o
                0x08000bf0                HAL_InitTick
 .text.HAL_Init
                0x08000c3c       0x24 build/stm32f1xx_hal.o
                0x08000c3c                HAL_Init
 .text.HAL_IncTick
                0x08000c60       0x18 build/stm32f1xx_hal.o
                0x08000c60                HAL_IncTick
 .text.HAL_GetTick
                0x08000c78        0xc build/stm32f1xx_hal.o
                0x08000c78                HAL_GetTick
 .text.HAL_Delay
                0x08000c84       0x28 build/stm32f1xx_hal.o
                0x08000c84                HAL_Delay
 .text.RCC_Delay
                0x08000cac       0x2c build/stm32f1xx_hal_rcc.o
 .text.HAL_RCC_OscConfig
                0x08000cd8      0x410 build/stm32f1xx_hal_rcc.o
                0x08000cd8                HAL_RCC_OscConfig
 .text.HAL_RCC_GetSysClockFreq
                0x080010e8       0x60 build/stm32f1xx_hal_rcc.o
                0x080010e8                HAL_RCC_GetSysClockFreq
 .text.HAL_RCC_ClockConfig
                0x08001148      0x16c build/stm32f1xx_hal_rcc.o
                0x08001148                HAL_RCC_ClockConfig
 .text.HAL_RCC_GetHCLKFreq
                0x080012b4        0xc build/stm32f1xx_hal_rcc.o
                0x080012b4                HAL_RCC_GetHCLKFreq
 .text.HAL_RCC_GetPCLK1Freq
                0x080012c0       0x20 build/stm32f1xx_hal_rcc.o
                0x080012c0                HAL_RCC_GetPCLK1Freq
 .text.HAL_RCC_GetPCLK2Freq
                0x080012e0       0x20 build/stm32f1xx_hal_rcc.o
                0x080012e0                HAL_RCC_GetPCLK2Freq
 .text.HAL_RCCEx_PeriphCLKConfig
                0x08001300      0x118 build/stm32f1xx_hal_rcc_ex.o
                0x08001300                HAL_RCCEx_PeriphCLKConfig
 .text.HAL_GPIO_Init
                0x08001418      0x21c build/stm32f1xx_hal_gpio.o
                0x08001418                HAL_GPIO_Init
 .text.HAL_GPIO_WritePin
                0x08001634        0xc build/stm32f1xx_hal_gpio.o
                0x08001634                HAL_GPIO_WritePin
 .text.HAL_GPIO_TogglePin
                0x08001640       0x12 build/stm32f1xx_hal_gpio.o
                0x08001640                HAL_GPIO_TogglePin
 *fill*         0x08001652        0x2 
 .text.__NVIC_SetPriority
                0x08001654       0x28 build/stm32f1xx_hal_cortex.o
 .text.NVIC_EncodePriority
                0x0800167c       0x3e build/stm32f1xx_hal_cortex.o
 *fill*         0x080016ba        0x2 
 .text.HAL_NVIC_SetPriorityGrouping
                0x080016bc       0x24 build/stm32f1xx_hal_cortex.o
                0x080016bc                HAL_NVIC_SetPriorityGrouping
 .text.HAL_NVIC_SetPriority
                0x080016e0       0x20 build/stm32f1xx_hal_cortex.o
                0x080016e0                HAL_NVIC_SetPriority
 .text.HAL_SYSTICK_Config
                0x08001700       0x28 build/stm32f1xx_hal_cortex.o
                0x08001700                HAL_SYSTICK_Config
 .text.HAL_I2C_Init
                0x08001728      0x1bc build/stm32f1xx_hal_i2c.o
                0x08001728                HAL_I2C_Init
 .text.UART_EndRxTransfer
                0x080018e4       0x5c build/stm32f1xx_hal_uart.o
 .text.UART_SetConfig
                0x08001940       0x94 build/stm32f1xx_hal_uart.o
 .text.UART_WaitOnFlagUntilTimeout
                0x080019d4       0x86 build/stm32f1xx_hal_uart.o
 .text.HAL_UART_Init
                0x08001a5a       0x60 build/stm32f1xx_hal_uart.o
                0x08001a5a                HAL_UART_Init
 .text.HAL_UART_Transmit
                0x08001aba       0xcc build/stm32f1xx_hal_uart.o
                0x08001aba                HAL_UART_Transmit
 .text.SystemInit
                0x08001b86        0x2 build/system_stm32f1xx.o
                0x08001b86                SystemInit
 .text._sbrk    0x08001b88       0x48 build/sysmem.o
                0x08001b88                _sbrk
 .text._read    0x08001bd0       0x20 build/syscalls.o
                0x08001bd0                _read
 .text._write   0x08001bf0       0x1c build/syscalls.o
                0x08001bf0                _write
 .text._close   0x08001c0c        0x6 build/syscalls.o
                0x08001c0c                _close
 .text._fstat   0x08001c12        0xa build/syscalls.o
                0x08001c12                _fstat
 .text._isatty  0x08001c1c        0x4 build/syscalls.o
                0x08001c1c                _isatty
 .text._lseek   0x08001c20        0x4 build/syscalls.o
                0x08001c20                _lseek
 .text.MX_USB_PCD_Init
                0x08001c24       0x30 build/usb.o
                0x08001c24                MX_USB_PCD_Init
 .text.HAL_PCD_MspInit
                0x08001c54       0x2c build/usb.o
                0x08001c54                HAL_PCD_MspInit
 .text.HAL_PCD_Init
                0x08001c80       0xe8 build/stm32f1xx_hal_pcd.o
                0x08001c80                HAL_PCD_Init
 .text.USB_CoreInit
                0x08001d68        0xe build/stm32f1xx_ll_usb.o
                0x08001d68                USB_CoreInit
 .text.USB_DisableGlobalInt
                0x08001d76       0x14 build/stm32f1xx_ll_usb.o
                0x08001d76                USB_DisableGlobalInt
 .text.USB_SetCurrentMode
                0x08001d8a        0x4 build/stm32f1xx_ll_usb.o
                0x08001d8a                USB_SetCurrentMode
 .text.USB_DevInit
                0x08001d8e       0x22 build/stm32f1xx_ll_usb.o
                0x08001d8e                USB_DevInit
 .text.USB_DevDisconnect
                0x08001db0        0x4 build/stm32f1xx_ll_usb.o
                0x08001db0                USB_DevDisconnect
 .text.Reset_Handler
                0x08001db4       0x48 build/startup_stm32f103xb.o
                0x08001db4                Reset_Handler
 .text.Default_Handler
                0x08001dfc        0x2 build/startup_stm32f103xb.o
                0x08001dfc                USBWakeUp_IRQHandler
                0x08001dfc                EXTI2_IRQHandler
                0x08001dfc                TIM1_CC_IRQHandler
                0x08001dfc                PVD_IRQHandler
                0x08001dfc                EXTI3_IRQHandler
                0x08001dfc                EXTI0_IRQHandler
                0x08001dfc                I2C2_EV_IRQHandler
                0x08001dfc                ADC1_2_IRQHandler
                0x08001dfc                SPI1_IRQHandler
                0x08001dfc                TAMPER_IRQHandler
                0x08001dfc                DMA1_Channel4_IRQHandler
                0x08001dfc                USART3_IRQHandler
                0x08001dfc                RTC_IRQHandler
                0x08001dfc                DMA1_Channel7_IRQHandler
                0x08001dfc                CAN1_RX1_IRQHandler
                0x08001dfc                TIM4_IRQHandler
                0x08001dfc                I2C1_EV_IRQHandler
                0x08001dfc                DMA1_Channel6_IRQHandler
                0x08001dfc                TIM3_IRQHandler
                0x08001dfc                RCC_IRQHandler
                0x08001dfc                TIM1_TRG_COM_IRQHandler
                0x08001dfc                DMA1_Channel1_IRQHandler
                0x08001dfc                Default_Handler
                0x08001dfc                EXTI15_10_IRQHandler
                0x08001dfc                EXTI9_5_IRQHandler
                0x08001dfc                SPI2_IRQHandler
                0x08001dfc                DMA1_Channel5_IRQHandler
                0x08001dfc                EXTI4_IRQHandler
                0x08001dfc                USB_LP_CAN1_RX0_IRQHandler
                0x08001dfc                USB_HP_CAN1_TX_IRQHandler
                0x08001dfc                DMA1_Channel3_IRQHandler
                0x08001dfc                TIM1_UP_IRQHandler
                0x08001dfc                WWDG_IRQHandler
                0x08001dfc                TIM2_IRQHandler
                0x08001dfc                TIM1_BRK_IRQHandler
                0x08001dfc                EXTI1_IRQHandler
                0x08001dfc                USART2_IRQHandler
                0x08001dfc                I2C2_ER_IRQHandler
                0x08001dfc                DMA1_Channel2_IRQHandler
                0x08001dfc                CAN1_SCE_IRQHandler
                0x08001dfc                FLASH_IRQHandler
                0x08001dfc                USART1_IRQHandler
                0x08001dfc                I2C1_ER_IRQHandler
                0x08001dfc                RTC_Alarm_IRQHandler
 *fill*         0x08001dfe        0x2 
 .text.std      0x08001e00       0x6c /Applications/ArmGNUToolchain/13.3.rel1/arm-none-eabi/bin/../lib/gcc/arm-none-eabi/13.3.1/../../../../arm-none-eabi/lib/thumb/v7-m/nofp/libc_nano.a(libc_a-findfp.o)
 .text.stdio_exit_handler
                0x08001e6c       0x18 /Applications/ArmGNUToolchain/13.3.rel1/arm-none-eabi/bin/../lib/gcc/arm-none-eabi/13.3.1/../../../../arm-none-eabi/lib/thumb/v7-m/nofp/libc_nano.a(libc_a-findfp.o)
 .text.cleanup_stdio
                0x08001e84       0x40 /Applications/ArmGNUToolchain/13.3.rel1/arm-none-eabi/bin/../lib/gcc/arm-none-eabi/13.3.1/../../../../arm-none-eabi/lib/thumb/v7-m/nofp/libc_nano.a(libc_a-findfp.o)
 .text.global_stdio_init.part.0
                0x08001ec4       0x3c /Applications/ArmGNUToolchain/13.3.rel1/arm-none-eabi/bin/../lib/gcc/arm-none-eabi/13.3.1/../../../../arm-none-eabi/lib/thumb/v7-m/nofp/libc_nano.a(libc_a-findfp.o)
 .text.__sfp_lock_acquire
                0x08001f00        0xc /Applications/ArmGNUToolchain/13.3.rel1/arm-none-eabi/bin/../lib/gcc/arm-none-eabi/13.3.1/../../../../arm-none-eabi/lib/thumb/v7-m/nofp/libc_nano.a(libc_a-findfp.o)
                0x08001f00                __sfp_lock_acquire
 .text.__sfp_lock_release
                0x08001f0c        0xc /Applications/ArmGNUToolchain/13.3.rel1/arm-none-eabi/bin/../lib/gcc/arm-none-eabi/13.3.1/../../../../arm-none-eabi/lib/thumb/v7-m/nofp/libc_nano.a(libc_a-findfp.o)
                0x08001f0c                __sfp_lock_release
 .text.__sinit  0x08001f18       0x30 /Applications/ArmGNUToolchain/13.3.rel1/arm-none-eabi/bin/../lib/gcc/arm-none-eabi/13.3.1/../../../../arm-none-eabi/lib/thumb/v7-m/nofp/libc_nano.a(libc_a-findfp.o)
                0x08001f18                __sinit
 .text._fwalk_sglue
                0x08001f48       0x3c /Applications/ArmGNUToolchain/13.3.rel1/arm-none-eabi/bin/../lib/gcc/arm-none-eabi/13.3.1/../../../../arm-none-eabi/lib/thumb/v7-m/nofp/libc_nano.a(libc_a-fwalk.o)
                0x08001f48                _fwalk_sglue
 .text.printf   0x08001f84       0x24 /Applications/ArmGNUToolchain/13.3.rel1/arm-none-eabi/bin/../lib/gcc/arm-none-eabi/13.3.1/../../../../arm-none-eabi/lib/thumb/v7-m/nofp/libc_nano.a(libc_a-printf.o)
                0x08001f84                printf
                0x08001f84                iprintf
 .text._puts_r  0x08001fa8       0xaa /Applications/ArmGNUToolchain/13.3.rel1/arm-none-eabi/bin/../lib/gcc/arm-none-eabi/13.3.1/../../../../arm-none-eabi/lib/thumb/v7-m/nofp/libc_nano.a(libc_a-puts.o)
                0x08001fa8                _puts_r
 *fill*         0x08002052        0x2 
 .text.puts     0x08002054       0x10 /Applications/ArmGNUToolchain/13.3.rel1/arm-none-eabi/bin/../lib/gcc/arm-none-eabi/13.3.1/../../../../arm-none-eabi/lib/thumb/v7-m/nofp/libc_nano.a(libc_a-puts.o)
                0x08002054                puts
 .text.memset   0x08002064       0x10 /Applications/ArmGNUToolchain/13.3.rel1/arm-none-eabi/bin/../lib/gcc/arm-none-eabi/13.3.1/../../../../arm-none-eabi/lib/thumb/v7-m/nofp/libc_nano.a(libc_a-memset.o)
                0x08002064                memset
 .text.__errno  0x08002074        0xc /Applications/ArmGNUToolchain/13.3.rel1/arm-none-eabi/bin/../lib/gcc/arm-none-eabi/13.3.1/../../../../arm-none-eabi/lib/thumb/v7-m/nofp/libc_nano.a(libc_a-errno.o)
                0x08002074                __errno
 .text.__libc_init_array
                0x08002080       0x48 /Applications/ArmGNUToolchain/13.3.rel1/arm-none-eabi/bin/../lib/gcc/arm-none-eabi/13.3.1/../../../../arm-none-eabi/lib/thumb/v7-m/nofp/libc_nano.a(libc_a-init.o)
                0x08002080                __libc_init_array
 .text.__retarget_lock_init_recursive
                0x080020c8        0x2 /Applications/ArmGNUToolchain/13.3.rel1/arm-none-eabi/bin/../lib/gcc/arm-none-eabi/13.3.1/../../../../arm-none-eabi/lib/thumb/v7-m/nofp/libc_nano.a(libc_a-lock.o)
                0x080020c8                __retarget_lock_init_recursive
 .text.__retarget_lock_acquire_recursive
                0x080020ca        0x2 /Applications/ArmGNUToolchain/13.3.rel1/arm-none-eabi/bin/../lib/gcc/arm-none-eabi/13.3.1/../../../../arm-none-eabi/lib/thumb/v7-m/nofp/libc_nano.a(libc_a-lock.o)
                0x080020ca                __retarget_lock_acquire_recursive
 .text.__retarget_lock_release_recursive
                0x080020cc        0x2 /Applications/ArmGNUToolchain/13.3.rel1/arm-none-eabi/bin/../lib/gcc/arm-none-eabi/13.3.1/../../../../arm-none-eabi/lib/thumb/v7-m/nofp/libc_nano.a(libc_a-lock.o)
                0x080020cc                __retarget_lock_release_recursive
 .text.__sfputc_r
                0x080020ce       0x2a /Applications/ArmGNUToolchain/13.3.rel1/arm-none-eabi/bin/../lib/gcc/arm-none-eabi/13.3.1/../../../../arm-none-eabi/lib/thumb/v7-m/nofp/libc_nano.a(libc_a-nano-vfprintf.o)
 .text.__sfputs_r
                0x080020f8       0x24 /Applications/ArmGNUToolchain/13.3.rel1/arm-none-eabi/bin/../lib/gcc/arm-none-eabi/13.3.1/../../../../arm-none-eabi/lib/thumb/v7-m/nofp/libc_nano.a(libc_a-nano-vfprintf.o)
                0x080020f8                __sfputs_r
 .text._vfprintf_r
                0x0800211c      0x230 /Applications/ArmGNUToolchain/13.3.rel1/arm-none-eabi/bin/../lib/gcc/arm-none-eabi/13.3.1/../../../../arm-none-eabi/lib/thumb/v7-m/nofp/libc_nano.a(libc_a-nano-vfprintf.o)
                0x0800211c                _vfiprintf_r
                0x0800211c                _vfprintf_r
 .text.sbrk_aligned
                0x0800234c       0x44 /Applications/ArmGNUToolchain/13.3.rel1/arm-none-eabi/bin/../lib/gcc/arm-none-eabi/13.3.1/../../../../arm-none-eabi/lib/thumb/v7-m/nofp/libc_nano.a(libc_a-mallocr.o)
 .text._malloc_r
                0x08002390      0x100 /Applications/ArmGNUToolchain/13.3.rel1/arm-none-eabi/bin/../lib/gcc/arm-none-eabi/13.3.1/../../../../arm-none-eabi/lib/thumb/v7-m/nofp/libc_nano.a(libc_a-mallocr.o)
                0x08002390                _malloc_r
 .text._printf_common
                0x08002490       0xe4 /Applications/ArmGNUToolchain/13.3.rel1/arm-none-eabi/bin/../lib/gcc/arm-none-eabi/13.3.1/../../../../arm-none-eabi/lib/thumb/v7-m/nofp/libc_nano.a(libc_a-nano-vfprintf_i.o)
                0x08002490                _printf_common
 .text._printf_i
                0x08002574      0x23c /Applications/ArmGNUToolchain/13.3.rel1/arm-none-eabi/bin/../lib/gcc/arm-none-eabi/13.3.1/../../../../arm-none-eabi/lib/thumb/v7-m/nofp/libc_nano.a(libc_a-nano-vfprintf_i.o)
                0x08002574                _printf_i
 .text.__sflush_r
                0x080027b0      0x100 /Applications/ArmGNUToolchain/13.3.rel1/arm-none-eabi/bin/../lib/gcc/arm-none-eabi/13.3.1/../../../../arm-none-eabi/lib/thumb/v7-m/nofp/libc_nano.a(libc_a-fflush.o)
                0x080027b0                __sflush_r
 .text._fflush_r
                0x080028b0       0x50 /Applications/ArmGNUToolchain/13.3.rel1/arm-none-eabi/bin/../lib/gcc/arm-none-eabi/13.3.1/../../../../arm-none-eabi/lib/thumb/v7-m/nofp/libc_nano.a(libc_a-fflush.o)
                0x080028b0                _fflush_r
 .text.__malloc_lock
                0x08002900        0xc /Applications/ArmGNUToolchain/13.3.rel1/arm-none-eabi/bin/../lib/gcc/arm-none-eabi/13.3.1/../../../../arm-none-eabi/lib/thumb/v7-m/nofp/libc_nano.a(libc_a-mlock.o)
                0x08002900                __malloc_lock
 .text.__malloc_unlock
                0x0800290c        0xc /Applications/ArmGNUToolchain/13.3.rel1/arm-none-eabi/bin/../lib/gcc/arm-none-eabi/13.3.1/../../../../arm-none-eabi/lib/thumb/v7-m/nofp/libc_nano.a(libc_a-mlock.o)
                0x0800290c                __malloc_unlock
 .text.__sread  0x08002918       0x22 /Applications/ArmGNUToolchain/13.3.rel1/arm-none-eabi/bin/../lib/gcc/arm-none-eabi/13.3.1/../../../../arm-none-eabi/lib/thumb/v7-m/nofp/libc_nano.a(libc_a-stdio.o)
                0x08002918                __sread
 .text.__swrite
                0x0800293a       0x38 /Applications/ArmGNUToolchain/13.3.rel1/arm-none-eabi/bin/../lib/gcc/arm-none-eabi/13.3.1/../../../../arm-none-eabi/lib/thumb/v7-m/nofp/libc_nano.a(libc_a-stdio.o)
                0x0800293a                __swrite
 .text.__sseek  0x08002972       0x24 /Applications/ArmGNUToolchain/13.3.rel1/arm-none-eabi/bin/../lib/gcc/arm-none-eabi/13.3.1/../../../../arm-none-eabi/lib/thumb/v7-m/nofp/libc_nano.a(libc_a-stdio.o)
                0x08002972                __sseek
 .text.__sclose
                0x08002996        0x8 /Applications/ArmGNUToolchain/13.3.rel1/arm-none-eabi/bin/../lib/gcc/arm-none-eabi/13.3.1/../../../../arm-none-eabi/lib/thumb/v7-m/nofp/libc_nano.a(libc_a-stdio.o)
                0x08002996                __sclose
 .text.__swbuf_r
                0x0800299e       0x7c /Applications/ArmGNUToolchain/13.3.rel1/arm-none-eabi/bin/../lib/gcc/arm-none-eabi/13.3.1/../../../../arm-none-eabi/lib/thumb/v7-m/nofp/libc_nano.a(libc_a-wbuf.o)
                0x0800299e                __swbuf_r
 *fill*         0x08002a1a        0x2 
 .text.__swsetup_r
                0x08002a1c       0xac /Applications/ArmGNUToolchain/13.3.rel1/arm-none-eabi/bin/../lib/gcc/arm-none-eabi/13.3.1/../../../../arm-none-eabi/lib/thumb/v7-m/nofp/libc_nano.a(libc_a-wsetup.o)
                0x08002a1c                __swsetup_r
 .text.__swhatbuf_r
                0x08002ac8       0x4a /Applications/ArmGNUToolchain/13.3.rel1/arm-none-eabi/bin/../lib/gcc/arm-none-eabi/13.3.1/../../../../arm-none-eabi/lib/thumb/v7-m/nofp/libc_nano.a(libc_a-makebuf.o)
                0x08002ac8                __swhatbuf_r
 .text.__smakebuf_r
                0x08002b12       0x78 /Applications/ArmGNUToolchain/13.3.rel1/arm-none-eabi/bin/../lib/gcc/arm-none-eabi/13.3.1/../../../../arm-none-eabi/lib/thumb/v7-m/nofp/libc_nano.a(libc_a-makebuf.o)
                0x08002b12                __smakebuf_r
 *fill*         0x08002b8a        0x2 
 .text._isatty_r
                0x08002b8c       0x20 /Applications/ArmGNUToolchain/13.3.rel1/arm-none-eabi/bin/../lib/gcc/arm-none-eabi/13.3.1/../../../../arm-none-eabi/lib/thumb/v7-m/nofp/libc_nano.a(libc_a-isattyr.o)
                0x08002b8c                _isatty_r
 .text._lseek_r
                0x08002bac       0x24 /Applications/ArmGNUToolchain/13.3.rel1/arm-none-eabi/bin/../lib/gcc/arm-none-eabi/13.3.1/../../../../arm-none-eabi/lib/thumb/v7-m/nofp/libc_nano.a(libc_a-lseekr.o)
                0x08002bac                _lseek_r
 .text._read_r  0x08002bd0       0x24 /Applications/ArmGNUToolchain/13.3.rel1/arm-none-eabi/bin/../lib/gcc/arm-none-eabi/13.3.1/../../../../arm-none-eabi/lib/thumb/v7-m/nofp/libc_nano.a(libc_a-readr.o)
                0x08002bd0                _read_r
 .text._sbrk_r  0x08002bf4       0x20 /Applications/ArmGNUToolchain/13.3.rel1/arm-none-eabi/bin/../lib/gcc/arm-none-eabi/13.3.1/../../../../arm-none-eabi/lib/thumb/v7-m/nofp/libc_nano.a(libc_a-sbrkr.o)
                0x08002bf4                _sbrk_r
 .text._write_r
                0x08002c14       0x24 /Applications/ArmGNUToolchain/13.3.rel1/arm-none-eabi/bin/../lib/gcc/arm-none-eabi/13.3.1/../../../../arm-none-eabi/lib/thumb/v7-m/nofp/libc_nano.a(libc_a-writer.o)
                0x08002c14                _write_r
 .text._close_r
                0x08002c38       0x20 /Applications/ArmGNUToolchain/13.3.rel1/arm-none-eabi/bin/../lib/gcc/arm-none-eabi/13.3.1/../../../../arm-none-eabi/lib/thumb/v7-m/nofp/libc_nano.a(libc_a-closer.o)
                0x08002c38                _close_r
 .text._fstat_r
                0x08002c58       0x24 /Applications/ArmGNUToolchain/13.3.rel1/arm-none-eabi/bin/../lib/gcc/arm-none-eabi/13.3.1/../../../../arm-none-eabi/lib/thumb/v7-m/nofp/libc_nano.a(libc_a-fstatr.o)
                0x08002c58                _fstat_r
 .text.memchr   0x08002c7c       0x1c /Applications/ArmGNUToolchain/13.3.rel1/arm-none-eabi/bin/../lib/gcc/arm-none-eabi/13.3.1/../../../../arm-none-eabi/lib/thumb/v7-m/nofp/libc_nano.a(libc_a-memchr-stub.o)
                0x08002c7c                memchr
 .text._free_r  0x08002c98       0x90 /Applications/ArmGNUToolchain/13.3.rel1/arm-none-eabi/bin/../lib/gcc/arm-none-eabi/13.3.1/../../../../arm-none-eabi/lib/thumb/v7-m/nofp/libc_nano.a(libc_a-freer.o)
                0x08002c98                _free_r
 *(.glue_7)
 .glue_7        0x08002d28        0x0 linker stubs
 *(.glue_7t)
 .glue_7t       0x08002d28        0x0 linker stubs
 *(.eh_frame)
 .eh_frame      0x08002d28        0x0 /Applications/ArmGNUToolchain/13.3.rel1/arm-none-eabi/bin/../lib/gcc/arm-none-eabi/13.3.1/thumb/v7-m/nofp/crtbegin.o
 *(.init)
 .init          0x08002d28        0x4 /Applications/ArmGNUToolchain/13.3.rel1/arm-none-eabi/bin/../lib/gcc/arm-none-eabi/13.3.1/thumb/v7-m/nofp/crti.o
                0x08002d28                _init
 .init          0x08002d2c        0x8 /Applications/ArmGNUToolchain/13.3.rel1/arm-none-eabi/bin/../lib/gcc/arm-none-eabi/13.3.1/thumb/v7-m/nofp/crtn.o
 *(.fini)
 .fini          0x08002d34        0x4 /Applications/ArmGNUToolchain/13.3.rel1/arm-none-eabi/bin/../lib/gcc/arm-none-eabi/13.3.1/thumb/v7-m/nofp/crti.o
                0x08002d34                _fini
 .fini          0x08002d38        0x8 /Applications/ArmGNUToolchain/13.3.rel1/arm-none-eabi/bin/../lib/gcc/arm-none-eabi/13.3.1/thumb/v7-m/nofp/crtn.o
                0x08002d40                        . = ALIGN (0x4)
                0x08002d40                        _etext = .

.vfp11_veneer   0x08002d40        0x0
 .vfp11_veneer  0x08002d40        0x0 linker stubs

.v4_bx          0x08002d40        0x0
 .v4_bx         0x08002d40        0x0 linker stubs

.iplt           0x08002d40        0x0
 .iplt          0x08002d40        0x0 /Applications/ArmGNUToolchain/13.3.rel1/arm-none-eabi/bin/../lib/gcc/arm-none-eabi/13.3.1/thumb/v7-m/nofp/crtbegin.o

.rodata         0x08002d40      0x1a4
                0x08002d40                        . = ALIGN (0x4)
 *(.rodata)
 *(.rodata*)
 .rodata.HAL_CAN_RxFifo0MsgPendingCallback.str1.4
                0x08002d40      0x143 build/main.o
                                 0xee (size before relaxing)
 .rodata.main.str1.4
                0x08002e83       0x53 build/main.o
 *fill*         0x08002e83        0x1 
 .rodata.aPredivFactorTable.0
                0x08002e84        0x2 build/stm32f1xx_hal_rcc.o
 *fill*         0x08002e86        0x2 
 .rodata.aPLLMULFactorTable.1
                0x08002e88       0x10 build/stm32f1xx_hal_rcc.o
 .rodata.APBPrescTable
                0x08002e98        0x8 build/system_stm32f1xx.o
                0x08002e98                APBPrescTable
 .rodata.AHBPrescTable
                0x08002ea0       0x10 build/system_stm32f1xx.o
                0x08002ea0                AHBPrescTable
 .rodata._vfprintf_r.str1.1
                0x08002eb0       0x33 /Applications/ArmGNUToolchain/13.3.rel1/arm-none-eabi/bin/../lib/gcc/arm-none-eabi/13.3.1/../../../../arm-none-eabi/lib/thumb/v7-m/nofp/libc_nano.a(libc_a-nano-vfprintf.o)
                                 0x11 (size before relaxing)
 .rodata._printf_i.str1.1
                0x08002ee3       0x22 /Applications/ArmGNUToolchain/13.3.rel1/arm-none-eabi/bin/../lib/gcc/arm-none-eabi/13.3.1/../../../../arm-none-eabi/lib/thumb/v7-m/nofp/libc_nano.a(libc_a-nano-vfprintf_i.o)
                0x08002f08                        . = ALIGN (0x4)
 *fill*         0x08002ee3        0x1 

.rel.dyn        0x08002ee4        0x0
 .rel.iplt      0x08002ee4        0x0 /Applications/ArmGNUToolchain/13.3.rel1/arm-none-eabi/bin/../lib/gcc/arm-none-eabi/13.3.1/thumb/v7-m/nofp/crtbegin.o

.ARM.extab
 *(.ARM.extab* .gnu.linkonce.armextab.*)

.ARM            0x08002ee4        0x0
                0x08002ee4                        __exidx_start = .
 *(.ARM.exidx*)
                0x08002ee4                        __exidx_end = .

.preinit_array  0x08002ee4        0x0
                0x08002ee4                        PROVIDE (__preinit_array_start = .)
 *(.preinit_array*)
                0x08002ee4                        PROVIDE (__preinit_array_end = .)

.init_array     0x08002ee4        0x4
                0x08002ee4                        PROVIDE (__init_array_start = .)
 *(SORT_BY_NAME(.init_array.*))
 *(.init_array*)
 .init_array    0x08002ee4        0x4 /Applications/ArmGNUToolchain/13.3.rel1/arm-none-eabi/bin/../lib/gcc/arm-none-eabi/13.3.1/thumb/v7-m/nofp/crtbegin.o
                0x08002ee8                        PROVIDE (__init_array_end = .)

.fini_array     0x08002ee8        0x4
                [!provide]                        PROVIDE (__fini_array_start = .)
 *(SORT_BY_NAME(.fini_array.*))
 *(.fini_array*)
 .fini_array    0x08002ee8        0x4 /Applications/ArmGNUToolchain/13.3.rel1/arm-none-eabi/bin/../lib/gcc/arm-none-eabi/13.3.1/thumb/v7-m/nofp/crtbegin.o
                [!provide]                        PROVIDE (__fini_array_end = .)
                0x08002eec                        _sidata = LOADADDR (.data)

.data           0x20000000       0x68 load address 0x08002eec
                0x20000000                        . = ALIGN (0x4)
                0x20000000                        _sdata = .
 *(.data)
 *(.data*)
 .data.uwTickFreq
                0x20000000        0x1 build/stm32f1xx_hal.o
                0x20000000                uwTickFreq
 *fill*         0x20000001        0x3 
 .data.uwTickPrio
                0x20000004        0x4 build/stm32f1xx_hal.o
                0x20000004                uwTickPrio
 .data.SystemCoreClock
                0x20000008        0x4 build/system_stm32f1xx.o
                0x20000008                SystemCoreClock
 .data.__sglue  0x2000000c        0xc /Applications/ArmGNUToolchain/13.3.rel1/arm-none-eabi/bin/../lib/gcc/arm-none-eabi/13.3.1/../../../../arm-none-eabi/lib/thumb/v7-m/nofp/libc_nano.a(libc_a-findfp.o)
                0x2000000c                __sglue
 .data._impure_ptr
                0x20000018        0x4 /Applications/ArmGNUToolchain/13.3.rel1/arm-none-eabi/bin/../lib/gcc/arm-none-eabi/13.3.1/../../../../arm-none-eabi/lib/thumb/v7-m/nofp/libc_nano.a(libc_a-impure.o)
                0x20000018                _impure_ptr
 .data._impure_data
                0x2000001c       0x4c /Applications/ArmGNUToolchain/13.3.rel1/arm-none-eabi/bin/../lib/gcc/arm-none-eabi/13.3.1/../../../../arm-none-eabi/lib/thumb/v7-m/nofp/libc_nano.a(libc_a-impure.o)
                0x2000001c                _impure_data
                0x20000068                        . = ALIGN (0x4)
                0x20000068                        _edata = .

.tm_clone_table
                0x20000068        0x0 load address 0x08002f54
 .tm_clone_table
                0x20000068        0x0 /Applications/ArmGNUToolchain/13.3.rel1/arm-none-eabi/bin/../lib/gcc/arm-none-eabi/13.3.1/thumb/v7-m/nofp/crtbegin.o
 .tm_clone_table
                0x20000068        0x0 /Applications/ArmGNUToolchain/13.3.rel1/arm-none-eabi/bin/../lib/gcc/arm-none-eabi/13.3.1/thumb/v7-m/nofp/crtend.o

.igot.plt       0x20000068        0x0 load address 0x08002f54
 .igot.plt      0x20000068        0x0 /Applications/ArmGNUToolchain/13.3.rel1/arm-none-eabi/bin/../lib/gcc/arm-none-eabi/13.3.1/thumb/v7-m/nofp/crtbegin.o
                0x20000068                        . = ALIGN (0x4)

.bss            0x20000068      0x580 load address 0x08002f54
                0x20000068                        _sbss = .
                0x20000068                        __bss_start__ = _sbss
 *(.bss)
 *(.bss*)
 .bss.completed.1
                0x20000068        0x1 /Applications/ArmGNUToolchain/13.3.rel1/arm-none-eabi/bin/../lib/gcc/arm-none-eabi/13.3.1/thumb/v7-m/nofp/crtbegin.o
 *fill*         0x20000069        0x3 
 .bss.object.0  0x2000006c       0x18 /Applications/ArmGNUToolchain/13.3.rel1/arm-none-eabi/bin/../lib/gcc/arm-none-eabi/13.3.1/thumb/v7-m/nofp/crtbegin.o
 .bss.canRX     0x20000084        0x8 build/main.o
                0x20000084                canRX
 .bss.canMailbox
                0x2000008c        0x4 build/main.o
                0x2000008c                canMailbox
 .bss.canfil    0x20000090       0x28 build/main.o
                0x20000090                canfil
 .bss.TxMailbox
                0x200000b8        0x4 build/main.o
                0x200000b8                TxMailbox
 .bss.TxData    0x200000bc        0x8 build/main.o
                0x200000bc                TxData
 .bss.RxHeader  0x200000c4       0x1c build/main.o
                0x200000c4                RxHeader
 .bss.TxHeader  0x200000e0       0x18 build/main.o
                0x200000e0                TxHeader
 .bss.hcan      0x200000f8       0x28 build/can.o
                0x200000f8                hcan
 .bss.hi2c1     0x20000120       0x54 build/i2c.o
                0x20000120                hi2c1
 .bss.huart1    0x20000174       0x48 build/usart.o
                0x20000174                huart1
 .bss.uwTick    0x200001bc        0x4 build/stm32f1xx_hal.o
                0x200001bc                uwTick
 .bss.__sbrk_heap_end
                0x200001c0        0x4 build/sysmem.o
 .bss.hpcd_USB_FS
                0x200001c4      0x2d8 build/usb.o
                0x200001c4                hpcd_USB_FS
 .bss.__sf      0x2000049c      0x138 /Applications/ArmGNUToolchain/13.3.rel1/arm-none-eabi/bin/../lib/gcc/arm-none-eabi/13.3.1/../../../../arm-none-eabi/lib/thumb/v7-m/nofp/libc_nano.a(libc_a-findfp.o)
                0x2000049c                __sf
 .bss.__stdio_exit_handler
                0x200005d4        0x4 /Applications/ArmGNUToolchain/13.3.rel1/arm-none-eabi/bin/../lib/gcc/arm-none-eabi/13.3.1/../../../../arm-none-eabi/lib/thumb/v7-m/nofp/libc_nano.a(libc_a-findfp.o)
                0x200005d4                __stdio_exit_handler
 .bss.__lock___malloc_recursive_mutex
                0x200005d8        0x1 /Applications/ArmGNUToolchain/13.3.rel1/arm-none-eabi/bin/../lib/gcc/arm-none-eabi/13.3.1/../../../../arm-none-eabi/lib/thumb/v7-m/nofp/libc_nano.a(libc_a-lock.o)
                0x200005d8                __lock___malloc_recursive_mutex
 .bss.__lock___sfp_recursive_mutex
                0x200005d9        0x1 /Applications/ArmGNUToolchain/13.3.rel1/arm-none-eabi/bin/../lib/gcc/arm-none-eabi/13.3.1/../../../../arm-none-eabi/lib/thumb/v7-m/nofp/libc_nano.a(libc_a-lock.o)
                0x200005d9                __lock___sfp_recursive_mutex
 *fill*         0x200005da        0x2 
 .bss.__malloc_sbrk_start
                0x200005dc        0x4 /Applications/ArmGNUToolchain/13.3.rel1/arm-none-eabi/bin/../lib/gcc/arm-none-eabi/13.3.1/../../../../arm-none-eabi/lib/thumb/v7-m/nofp/libc_nano.a(libc_a-mallocr.o)
                0x200005dc                __malloc_sbrk_start
 .bss.__malloc_free_list
                0x200005e0        0x4 /Applications/ArmGNUToolchain/13.3.rel1/arm-none-eabi/bin/../lib/gcc/arm-none-eabi/13.3.1/../../../../arm-none-eabi/lib/thumb/v7-m/nofp/libc_nano.a(libc_a-mallocr.o)
                0x200005e0                __malloc_free_list
 .bss.errno     0x200005e4        0x4 /Applications/ArmGNUToolchain/13.3.rel1/arm-none-eabi/bin/../lib/gcc/arm-none-eabi/13.3.1/../../../../arm-none-eabi/lib/thumb/v7-m/nofp/libc_nano.a(libc_a-reent.o)
                0x200005e4                errno
 *(COMMON)
                0x200005e8                        . = ALIGN (0x4)
                0x200005e8                        _ebss = .
                0x200005e8                        __bss_end__ = _ebss

._user_heap_stack
                0x200005e8      0x600 load address 0x08002f54
                0x200005e8                        . = ALIGN (0x8)
                [!provide]                        PROVIDE (end = .)
                0x200005e8                        PROVIDE (_end = .)
                0x200007e8                        . = (. + _Min_Heap_Size)
 *fill*         0x200005e8      0x200 
                0x20000be8                        . = (. + _Min_Stack_Size)
 *fill*         0x200007e8      0x400 
                0x20000be8                        . = ALIGN (0x8)

/DISCARD/
 libc.a(*)
 libm.a(*)
 libgcc.a(*)

.ARM.attributes
                0x00000000       0x29
 *(.ARM.attributes)
 .ARM.attributes
                0x00000000       0x1d /Applications/ArmGNUToolchain/13.3.rel1/arm-none-eabi/bin/../lib/gcc/arm-none-eabi/13.3.1/thumb/v7-m/nofp/crti.o
 .ARM.attributes
                0x0000001d       0x2d /Applications/ArmGNUToolchain/13.3.rel1/arm-none-eabi/bin/../lib/gcc/arm-none-eabi/13.3.1/thumb/v7-m/nofp/crtbegin.o
 .ARM.attributes
                0x0000004a       0x2d build/main.o
 .ARM.attributes
                0x00000077       0x2d build/gpio.o
 .ARM.attributes
                0x000000a4       0x2d build/can.o
 .ARM.attributes
                0x000000d1       0x2d build/i2c.o
 .ARM.attributes
                0x000000fe       0x2d build/usart.o
 .ARM.attributes
                0x0000012b       0x2d build/stm32f1xx_it.o
 .ARM.attributes
                0x00000158       0x2d build/stm32f1xx_hal_msp.o
 .ARM.attributes
                0x00000185       0x2d build/stm32f1xx_hal_can.o
 .ARM.attributes
                0x000001b2       0x2d build/stm32f1xx_hal.o
 .ARM.attributes
                0x000001df       0x2d build/stm32f1xx_hal_rcc.o
 .ARM.attributes
                0x0000020c       0x2d build/stm32f1xx_hal_rcc_ex.o
 .ARM.attributes
                0x00000239       0x2d build/stm32f1xx_hal_gpio.o
 .ARM.attributes
                0x00000266       0x2d build/stm32f1xx_hal_cortex.o
 .ARM.attributes
                0x00000293       0x2d build/stm32f1xx_hal_i2c.o
 .ARM.attributes
                0x000002c0       0x2d build/stm32f1xx_hal_uart.o
 .ARM.attributes
                0x000002ed       0x2d build/system_stm32f1xx.o
 .ARM.attributes
                0x0000031a       0x2d build/sysmem.o
 .ARM.attributes
                0x00000347       0x2d build/syscalls.o
 .ARM.attributes
                0x00000374       0x2d build/usb.o
 .ARM.attributes
                0x000003a1       0x2d build/stm32f1xx_hal_pcd.o
 .ARM.attributes
                0x000003ce       0x2d build/stm32f1xx_ll_usb.o
 .ARM.attributes
                0x000003fb       0x21 build/startup_stm32f103xb.o
 .ARM.attributes
                0x0000041c       0x2d /Applications/ArmGNUToolchain/13.3.rel1/arm-none-eabi/bin/../lib/gcc/arm-none-eabi/13.3.1/../../../../arm-none-eabi/lib/thumb/v7-m/nofp/libc_nano.a(libc_a-findfp.o)
 .ARM.attributes
                0x00000449       0x2d /Applications/ArmGNUToolchain/13.3.rel1/arm-none-eabi/bin/../lib/gcc/arm-none-eabi/13.3.1/../../../../arm-none-eabi/lib/thumb/v7-m/nofp/libc_nano.a(libc_a-fwalk.o)
 .ARM.attributes
                0x00000476       0x2d /Applications/ArmGNUToolchain/13.3.rel1/arm-none-eabi/bin/../lib/gcc/arm-none-eabi/13.3.1/../../../../arm-none-eabi/lib/thumb/v7-m/nofp/libc_nano.a(libc_a-printf.o)
 .ARM.attributes
                0x000004a3       0x2d /Applications/ArmGNUToolchain/13.3.rel1/arm-none-eabi/bin/../lib/gcc/arm-none-eabi/13.3.1/../../../../arm-none-eabi/lib/thumb/v7-m/nofp/libc_nano.a(libc_a-puts.o)
 .ARM.attributes
                0x000004d0       0x2d /Applications/ArmGNUToolchain/13.3.rel1/arm-none-eabi/bin/../lib/gcc/arm-none-eabi/13.3.1/../../../../arm-none-eabi/lib/thumb/v7-m/nofp/libc_nano.a(libc_a-memset.o)
 .ARM.attributes
                0x000004fd       0x2d /Applications/ArmGNUToolchain/13.3.rel1/arm-none-eabi/bin/../lib/gcc/arm-none-eabi/13.3.1/../../../../arm-none-eabi/lib/thumb/v7-m/nofp/libc_nano.a(libc_a-errno.o)
 .ARM.attributes
                0x0000052a       0x2d /Applications/ArmGNUToolchain/13.3.rel1/arm-none-eabi/bin/../lib/gcc/arm-none-eabi/13.3.1/../../../../arm-none-eabi/lib/thumb/v7-m/nofp/libc_nano.a(libc_a-init.o)
 .ARM.attributes
                0x00000557       0x2d /Applications/ArmGNUToolchain/13.3.rel1/arm-none-eabi/bin/../lib/gcc/arm-none-eabi/13.3.1/../../../../arm-none-eabi/lib/thumb/v7-m/nofp/libc_nano.a(libc_a-lock.o)
 .ARM.attributes
                0x00000584       0x2d /Applications/ArmGNUToolchain/13.3.rel1/arm-none-eabi/bin/../lib/gcc/arm-none-eabi/13.3.1/../../../../arm-none-eabi/lib/thumb/v7-m/nofp/libc_nano.a(libc_a-impure.o)
 .ARM.attributes
                0x000005b1       0x2d /Applications/ArmGNUToolchain/13.3.rel1/arm-none-eabi/bin/../lib/gcc/arm-none-eabi/13.3.1/../../../../arm-none-eabi/lib/thumb/v7-m/nofp/libc_nano.a(libc_a-nano-vfprintf.o)
 .ARM.attributes
                0x000005de       0x2d /Applications/ArmGNUToolchain/13.3.rel1/arm-none-eabi/bin/../lib/gcc/arm-none-eabi/13.3.1/../../../../arm-none-eabi/lib/thumb/v7-m/nofp/libc_nano.a(libc_a-mallocr.o)
 .ARM.attributes
                0x0000060b       0x2d /Applications/ArmGNUToolchain/13.3.rel1/arm-none-eabi/bin/../lib/gcc/arm-none-eabi/13.3.1/../../../../arm-none-eabi/lib/thumb/v7-m/nofp/libc_nano.a(libc_a-nano-vfprintf_i.o)
 .ARM.attributes
                0x00000638       0x2d /Applications/ArmGNUToolchain/13.3.rel1/arm-none-eabi/bin/../lib/gcc/arm-none-eabi/13.3.1/../../../../arm-none-eabi/lib/thumb/v7-m/nofp/libc_nano.a(libc_a-fflush.o)
 .ARM.attributes
                0x00000665       0x2d /Applications/ArmGNUToolchain/13.3.rel1/arm-none-eabi/bin/../lib/gcc/arm-none-eabi/13.3.1/../../../../arm-none-eabi/lib/thumb/v7-m/nofp/libc_nano.a(libc_a-mlock.o)
 .ARM.attributes
                0x00000692       0x2d /Applications/ArmGNUToolchain/13.3.rel1/arm-none-eabi/bin/../lib/gcc/arm-none-eabi/13.3.1/../../../../arm-none-eabi/lib/thumb/v7-m/nofp/libc_nano.a(libc_a-stdio.o)
 .ARM.attributes
                0x000006bf       0x2d /Applications/ArmGNUToolchain/13.3.rel1/arm-none-eabi/bin/../lib/gcc/arm-none-eabi/13.3.1/../../../../arm-none-eabi/lib/thumb/v7-m/nofp/libc_nano.a(libc_a-wbuf.o)
 .ARM.attributes
                0x000006ec       0x2d /Applications/ArmGNUToolchain/13.3.rel1/arm-none-eabi/bin/../lib/gcc/arm-none-eabi/13.3.1/../../../../arm-none-eabi/lib/thumb/v7-m/nofp/libc_nano.a(libc_a-wsetup.o)
 .ARM.attributes
                0x00000719       0x2d /Applications/ArmGNUToolchain/13.3.rel1/arm-none-eabi/bin/../lib/gcc/arm-none-eabi/13.3.1/../../../../arm-none-eabi/lib/thumb/v7-m/nofp/libc_nano.a(libc_a-makebuf.o)
 .ARM.attributes
                0x00000746       0x2d /Applications/ArmGNUToolchain/13.3.rel1/arm-none-eabi/bin/../lib/gcc/arm-none-eabi/13.3.1/../../../../arm-none-eabi/lib/thumb/v7-m/nofp/libc_nano.a(libc_a-isattyr.o)
 .ARM.attributes
                0x00000773       0x2d /Applications/ArmGNUToolchain/13.3.rel1/arm-none-eabi/bin/../lib/gcc/arm-none-eabi/13.3.1/../../../../arm-none-eabi/lib/thumb/v7-m/nofp/libc_nano.a(libc_a-lseekr.o)
 .ARM.attributes
                0x000007a0       0x2d /Applications/ArmGNUToolchain/13.3.rel1/arm-none-eabi/bin/../lib/gcc/arm-none-eabi/13.3.1/../../../../arm-none-eabi/lib/thumb/v7-m/nofp/libc_nano.a(libc_a-readr.o)
 .ARM.attributes
                0x000007cd       0x2d /Applications/ArmGNUToolchain/13.3.rel1/arm-none-eabi/bin/../lib/gcc/arm-none-eabi/13.3.1/../../../../arm-none-eabi/lib/thumb/v7-m/nofp/libc_nano.a(libc_a-sbrkr.o)
 .ARM.attributes
                0x000007fa       0x2d /Applications/ArmGNUToolchain/13.3.rel1/arm-none-eabi/bin/../lib/gcc/arm-none-eabi/13.3.1/../../../../arm-none-eabi/lib/thumb/v7-m/nofp/libc_nano.a(libc_a-writer.o)
 .ARM.attributes
                0x00000827       0x2d /Applications/ArmGNUToolchain/13.3.rel1/arm-none-eabi/bin/../lib/gcc/arm-none-eabi/13.3.1/../../../../arm-none-eabi/lib/thumb/v7-m/nofp/libc_nano.a(libc_a-closer.o)
 .ARM.attributes
                0x00000854       0x2d /Applications/ArmGNUToolchain/13.3.rel1/arm-none-eabi/bin/../lib/gcc/arm-none-eabi/13.3.1/../../../../arm-none-eabi/lib/thumb/v7-m/nofp/libc_nano.a(libc_a-reent.o)
 .ARM.attributes
                0x00000881       0x2d /Applications/ArmGNUToolchain/13.3.rel1/arm-none-eabi/bin/../lib/gcc/arm-none-eabi/13.3.1/../../../../arm-none-eabi/lib/thumb/v7-m/nofp/libc_nano.a(libc_a-fstatr.o)
 .ARM.attributes
                0x000008ae       0x2d /Applications/ArmGNUToolchain/13.3.rel1/arm-none-eabi/bin/../lib/gcc/arm-none-eabi/13.3.1/../../../../arm-none-eabi/lib/thumb/v7-m/nofp/libc_nano.a(libc_a-memchr-stub.o)
 .ARM.attributes
                0x000008db       0x2d /Applications/ArmGNUToolchain/13.3.rel1/arm-none-eabi/bin/../lib/gcc/arm-none-eabi/13.3.1/../../../../arm-none-eabi/lib/thumb/v7-m/nofp/libc_nano.a(libc_a-freer.o)
 .ARM.attributes
                0x00000908       0x2d /Applications/ArmGNUToolchain/13.3.rel1/arm-none-eabi/bin/../lib/gcc/arm-none-eabi/13.3.1/thumb/v7-m/nofp/crtend.o
 .ARM.attributes
                0x00000935       0x1d /Applications/ArmGNUToolchain/13.3.rel1/arm-none-eabi/bin/../lib/gcc/arm-none-eabi/13.3.1/thumb/v7-m/nofp/crtn.o
OUTPUT(build/CAN_Firmware_Left.elf elf32-littlearm)
LOAD linker stubs
LOAD /Applications/ArmGNUToolchain/13.3.rel1/arm-none-eabi/bin/../lib/gcc/arm-none-eabi/13.3.1/../../../../arm-none-eabi/lib/thumb/v7-m/nofp/libc.a
LOAD /Applications/ArmGNUToolchain/13.3.rel1/arm-none-eabi/bin/../lib/gcc/arm-none-eabi/13.3.1/../../../../arm-none-eabi/lib/thumb/v7-m/nofp/libm.a
LOAD /Applications/ArmGNUToolchain/13.3.rel1/arm-none-eabi/bin/../lib/gcc/arm-none-eabi/13.3.1/thumb/v7-m/nofp/libgcc.a

.debug_info     0x00000000    0x14b35
 .debug_info    0x00000000     0x1691 build/main.o
 .debug_info    0x00001691      0x35c build/gpio.o
 .debug_info    0x000019ed      0x8ea build/can.o
 .debug_info    0x000022d7      0x996 build/i2c.o
 .debug_info    0x00002c6d      0x93f build/usart.o
 .debug_info    0x000035ac      0x158 build/stm32f1xx_it.o
 .debug_info    0x00003704      0x238 build/stm32f1xx_hal_msp.o
 .debug_info    0x0000393c     0x1385 build/stm32f1xx_hal_can.o
 .debug_info    0x00004cc1      0x880 build/stm32f1xx_hal.o
 .debug_info    0x00005541      0xb10 build/stm32f1xx_hal_rcc.o
 .debug_info    0x00006051      0x47d build/stm32f1xx_hal_rcc_ex.o
 .debug_info    0x000064ce      0x6d7 build/stm32f1xx_hal_gpio.o
 .debug_info    0x00006ba5      0xe3f build/stm32f1xx_hal_cortex.o
 .debug_info    0x000079e4     0x3d27 build/stm32f1xx_hal_i2c.o
 .debug_info    0x0000b70b     0x430f build/stm32f1xx_hal_uart.o
 .debug_info    0x0000fa1a      0x26e build/system_stm32f1xx.o
 .debug_info    0x0000fc88      0x18c build/sysmem.o
 .debug_info    0x0000fe14      0x848 build/syscalls.o
 .debug_info    0x0001065c      0x7ec build/usb.o
 .debug_info    0x00010e48     0x1f87 build/stm32f1xx_hal_pcd.o
 .debug_info    0x00012dcf     0x1d36 build/stm32f1xx_ll_usb.o
 .debug_info    0x00014b05       0x30 build/startup_stm32f103xb.o

.debug_abbrev   0x00000000     0x2cfe
 .debug_abbrev  0x00000000      0x324 build/main.o
 .debug_abbrev  0x00000324      0x14e build/gpio.o
 .debug_abbrev  0x00000472      0x20a build/can.o
 .debug_abbrev  0x0000067c      0x1f6 build/i2c.o
 .debug_abbrev  0x00000872      0x1fd build/usart.o
 .debug_abbrev  0x00000a6f       0x80 build/stm32f1xx_it.o
 .debug_abbrev  0x00000aef       0xe7 build/stm32f1xx_hal_msp.o
 .debug_abbrev  0x00000bd6      0x255 build/stm32f1xx_hal_can.o
 .debug_abbrev  0x00000e2b      0x232 build/stm32f1xx_hal.o
 .debug_abbrev  0x0000105d      0x2d6 build/stm32f1xx_hal_rcc.o
 .debug_abbrev  0x00001333      0x1d4 build/stm32f1xx_hal_rcc_ex.o
 .debug_abbrev  0x00001507      0x222 build/stm32f1xx_hal_gpio.o
 .debug_abbrev  0x00001729      0x3aa build/stm32f1xx_hal_cortex.o
 .debug_abbrev  0x00001ad3      0x31e build/stm32f1xx_hal_i2c.o
 .debug_abbrev  0x00001df1      0x35f build/stm32f1xx_hal_uart.o
 .debug_abbrev  0x00002150      0x140 build/system_stm32f1xx.o
 .debug_abbrev  0x00002290       0xeb build/sysmem.o
 .debug_abbrev  0x0000237b      0x1e3 build/syscalls.o
 .debug_abbrev  0x0000255e      0x1f4 build/usb.o
 .debug_abbrev  0x00002752      0x32d build/stm32f1xx_hal_pcd.o
 .debug_abbrev  0x00002a7f      0x262 build/stm32f1xx_ll_usb.o
 .debug_abbrev  0x00002ce1       0x1d build/startup_stm32f103xb.o

.debug_loc      0x00000000    0x115ce
 .debug_loc     0x00000000      0x23e build/main.o
 .debug_loc     0x0000023e       0x38 build/gpio.o
 .debug_loc     0x00000276      0x155 build/can.o
 .debug_loc     0x000003cb       0xfd build/i2c.o
 .debug_loc     0x000004c8      0x120 build/usart.o
 .debug_loc     0x000005e8       0x20 build/stm32f1xx_it.o
 .debug_loc     0x00000608       0x41 build/stm32f1xx_hal_msp.o
 .debug_loc     0x00000649     0x10bb build/stm32f1xx_hal_can.o
 .debug_loc     0x00001704      0x1f9 build/stm32f1xx_hal.o
 .debug_loc     0x000018fd      0x7d3 build/stm32f1xx_hal_rcc.o
 .debug_loc     0x000020d0      0x4ab build/stm32f1xx_hal_rcc_ex.o
 .debug_loc     0x0000257b      0x56c build/stm32f1xx_hal_gpio.o
 .debug_loc     0x00002ae7      0x8b4 build/stm32f1xx_hal_cortex.o
 .debug_loc     0x0000339b     0x54d3 build/stm32f1xx_hal_i2c.o
 .debug_loc     0x0000886e     0x4ff4 build/stm32f1xx_hal_uart.o
 .debug_loc     0x0000d862      0x11b build/system_stm32f1xx.o
 .debug_loc     0x0000d97d       0x90 build/sysmem.o
 .debug_loc     0x0000da0d      0x583 build/syscalls.o
 .debug_loc     0x0000df90       0x4c build/usb.o
 .debug_loc     0x0000dfdc     0x1aa9 build/stm32f1xx_hal_pcd.o
 .debug_loc     0x0000fa85     0x1b49 build/stm32f1xx_ll_usb.o

.debug_aranges  0x00000000      0xd98
 .debug_aranges
                0x00000000       0x48 build/main.o
 .debug_aranges
                0x00000048       0x20 build/gpio.o
 .debug_aranges
                0x00000068       0x30 build/can.o
 .debug_aranges
                0x00000098       0x30 build/i2c.o
 .debug_aranges
                0x000000c8       0x30 build/usart.o
 .debug_aranges
                0x000000f8       0x60 build/stm32f1xx_it.o
 .debug_aranges
                0x00000158       0x20 build/stm32f1xx_hal_msp.o
 .debug_aranges
                0x00000178      0x138 build/stm32f1xx_hal_can.o
 .debug_aranges
                0x000002b0       0xe0 build/stm32f1xx_hal.o
 .debug_aranges
                0x00000390       0x90 build/stm32f1xx_hal_rcc.o
 .debug_aranges
                0x00000420       0x30 build/stm32f1xx_hal_rcc_ex.o
 .debug_aranges
                0x00000450       0x58 build/stm32f1xx_hal_gpio.o
 .debug_aranges
                0x000004a8       0xc0 build/stm32f1xx_hal_cortex.o
 .debug_aranges
                0x00000568      0x2a8 build/stm32f1xx_hal_i2c.o
 .debug_aranges
                0x00000810      0x208 build/stm32f1xx_hal_uart.o
 .debug_aranges
                0x00000a18       0x28 build/system_stm32f1xx.o
 .debug_aranges
                0x00000a40       0x20 build/sysmem.o
 .debug_aranges
                0x00000a60       0xa8 build/syscalls.o
 .debug_aranges
                0x00000b08       0x30 build/usb.o
 .debug_aranges
                0x00000b38      0x140 build/stm32f1xx_hal_pcd.o
 .debug_aranges
                0x00000c78       0xf8 build/stm32f1xx_ll_usb.o
 .debug_aranges
                0x00000d70       0x28 build/startup_stm32f103xb.o

.debug_ranges   0x00000000     0x1008
 .debug_ranges  0x00000000       0x50 build/main.o
 .debug_ranges  0x00000050       0x10 build/gpio.o
 .debug_ranges  0x00000060       0x20 build/can.o
 .debug_ranges  0x00000080       0x20 build/i2c.o
 .debug_ranges  0x000000a0       0x20 build/usart.o
 .debug_ranges  0x000000c0       0x50 build/stm32f1xx_it.o
 .debug_ranges  0x00000110       0x10 build/stm32f1xx_hal_msp.o
 .debug_ranges  0x00000120      0x128 build/stm32f1xx_hal_can.o
 .debug_ranges  0x00000248       0xd0 build/stm32f1xx_hal.o
 .debug_ranges  0x00000318       0xa0 build/stm32f1xx_hal_rcc.o
 .debug_ranges  0x000003b8       0x38 build/stm32f1xx_hal_rcc_ex.o
 .debug_ranges  0x000003f0       0x48 build/stm32f1xx_hal_gpio.o
 .debug_ranges  0x00000438       0xb0 build/stm32f1xx_hal_cortex.o
 .debug_ranges  0x000004e8      0x2b0 build/stm32f1xx_hal_i2c.o
 .debug_ranges  0x00000798      0x210 build/stm32f1xx_hal_uart.o
 .debug_ranges  0x000009a8       0x18 build/system_stm32f1xx.o
 .debug_ranges  0x000009c0       0x10 build/sysmem.o
 .debug_ranges  0x000009d0       0x98 build/syscalls.o
 .debug_ranges  0x00000a68       0x20 build/usb.o
 .debug_ranges  0x00000a88      0x240 build/stm32f1xx_hal_pcd.o
 .debug_ranges  0x00000cc8      0x320 build/stm32f1xx_ll_usb.o
 .debug_ranges  0x00000fe8       0x20 build/startup_stm32f103xb.o

.debug_line     0x00000000    0x10b55
 .debug_line    0x00000000      0x590 build/main.o
 .debug_line    0x00000590      0x1bc build/gpio.o
 .debug_line    0x0000074c      0x2fb build/can.o
 .debug_line    0x00000a47      0x2cb build/i2c.o
 .debug_line    0x00000d12      0x2e1 build/usart.o
 .debug_line    0x00000ff3      0x13d build/stm32f1xx_it.o
 .debug_line    0x00001130      0x167 build/stm32f1xx_hal_msp.o
 .debug_line    0x00001297     0x112f build/stm32f1xx_hal_can.o
 .debug_line    0x000023c6      0x518 build/stm32f1xx_hal.o
 .debug_line    0x000028de      0xc99 build/stm32f1xx_hal_rcc.o
 .debug_line    0x00003577      0x494 build/stm32f1xx_hal_rcc_ex.o
 .debug_line    0x00003a0b      0x5ba build/stm32f1xx_hal_gpio.o
 .debug_line    0x00003fc5      0x691 build/stm32f1xx_hal_cortex.o
 .debug_line    0x00004656     0x5632 build/stm32f1xx_hal_i2c.o
 .debug_line    0x00009c88     0x3489 build/stm32f1xx_hal_uart.o
 .debug_line    0x0000d111      0x22f build/system_stm32f1xx.o
 .debug_line    0x0000d340      0x1cf build/sysmem.o
 .debug_line    0x0000d50f      0x3e2 build/syscalls.o
 .debug_line    0x0000d8f1      0x275 build/usb.o
 .debug_line    0x0000db66     0x181e build/stm32f1xx_hal_pcd.o
 .debug_line    0x0000f384     0x1760 build/stm32f1xx_ll_usb.o
 .debug_line    0x00010ae4       0x71 build/startup_stm32f103xb.o

.debug_str      0x00000000     0x3dae
 .debug_str     0x00000000     0x3dae build/main.o
                                0xd24 (size before relaxing)
 .debug_str     0x00003dae      0x284 build/gpio.o
 .debug_str     0x00003dae      0x57f build/can.o
 .debug_str     0x00003dae      0x73f build/i2c.o
 .debug_str     0x00003dae      0x6cb build/usart.o
 .debug_str     0x00003dae      0x21b build/stm32f1xx_it.o
 .debug_str     0x00003dae      0x218 build/stm32f1xx_hal_msp.o
 .debug_str     0x00003dae      0xa1b build/stm32f1xx_hal_can.o
 .debug_str     0x00003dae      0x827 build/stm32f1xx_hal.o
 .debug_str     0x00003dae      0x624 build/stm32f1xx_hal_rcc.o
 .debug_str     0x00003dae      0x3cc build/stm32f1xx_hal_rcc_ex.o
 .debug_str     0x00003dae      0x3f9 build/stm32f1xx_hal_gpio.o
 .debug_str     0x00003dae      0x8cc build/stm32f1xx_hal_cortex.o
 .debug_str     0x00003dae      0xfbe build/stm32f1xx_hal_i2c.o
 .debug_str     0x00003dae      0xced build/stm32f1xx_hal_uart.o
 .debug_str     0x00003dae      0x24d build/system_stm32f1xx.o
 .debug_str     0x00003dae      0x211 build/sysmem.o
 .debug_str     0x00003dae      0x3e5 build/syscalls.o
 .debug_str     0x00003dae      0x5f6 build/usb.o
 .debug_str     0x00003dae      0xb1c build/stm32f1xx_hal_pcd.o
 .debug_str     0x00003dae      0x71e build/stm32f1xx_ll_usb.o
 .debug_str     0x00003dae       0x84 build/startup_stm32f103xb.o

.comment        0x00000000       0x45
 .comment       0x00000000       0x45 build/main.o
                                 0x46 (size before relaxing)
 .comment       0x00000045       0x46 build/gpio.o
 .comment       0x00000045       0x46 build/can.o
 .comment       0x00000045       0x46 build/i2c.o
 .comment       0x00000045       0x46 build/usart.o
 .comment       0x00000045       0x46 build/stm32f1xx_it.o
 .comment       0x00000045       0x46 build/stm32f1xx_hal_msp.o
 .comment       0x00000045       0x46 build/stm32f1xx_hal_can.o
 .comment       0x00000045       0x46 build/stm32f1xx_hal.o
 .comment       0x00000045       0x46 build/stm32f1xx_hal_rcc.o
 .comment       0x00000045       0x46 build/stm32f1xx_hal_rcc_ex.o
 .comment       0x00000045       0x46 build/stm32f1xx_hal_gpio.o
 .comment       0x00000045       0x46 build/stm32f1xx_hal_cortex.o
 .comment       0x00000045       0x46 build/stm32f1xx_hal_i2c.o
 .comment       0x00000045       0x46 build/stm32f1xx_hal_uart.o
 .comment       0x00000045       0x46 build/system_stm32f1xx.o
 .comment       0x00000045       0x46 build/sysmem.o
 .comment       0x00000045       0x46 build/syscalls.o
 .comment       0x00000045       0x46 build/usb.o
 .comment       0x00000045       0x46 build/stm32f1xx_hal_pcd.o
 .comment       0x00000045       0x46 build/stm32f1xx_ll_usb.o

.debug_frame    0x00000000     0x2afc
 .debug_frame   0x00000000       0xb0 build/main.o
 .debug_frame   0x000000b0       0x30 build/gpio.o
 .debug_frame   0x000000e0       0x60 build/can.o
 .debug_frame   0x00000140       0x60 build/i2c.o
 .debug_frame   0x000001a0       0x60 build/usart.o
 .debug_frame   0x00000200       0xa8 build/stm32f1xx_it.o
 .debug_frame   0x000002a8       0x28 build/stm32f1xx_hal_msp.o
 .debug_frame   0x000002d0      0x2d4 build/stm32f1xx_hal_can.o
 .debug_frame   0x000005a4      0x1cc build/stm32f1xx_hal.o
 .debug_frame   0x00000770      0x184 build/stm32f1xx_hal_rcc.o
 .debug_frame   0x000008f4       0x5c build/stm32f1xx_hal_rcc_ex.o
 .debug_frame   0x00000950       0xe4 build/stm32f1xx_hal_gpio.o
 .debug_frame   0x00000a34      0x19c build/stm32f1xx_hal_cortex.o
 .debug_frame   0x00000bd0      0x988 build/stm32f1xx_hal_i2c.o
 .debug_frame   0x00001558      0x5dc build/stm32f1xx_hal_uart.o
 .debug_frame   0x00001b34       0x30 build/system_stm32f1xx.o
 .debug_frame   0x00001b64       0x28 build/sysmem.o
 .debug_frame   0x00001b8c      0x190 build/syscalls.o
 .debug_frame   0x00001d1c       0x50 build/usb.o
 .debug_frame   0x00001d6c      0x358 build/stm32f1xx_hal_pcd.o
 .debug_frame   0x000020c4      0x200 build/stm32f1xx_ll_usb.o
 .debug_frame   0x000022c4      0x144 /Applications/ArmGNUToolchain/13.3.rel1/arm-none-eabi/bin/../lib/gcc/arm-none-eabi/13.3.1/../../../../arm-none-eabi/lib/thumb/v7-m/nofp/libc_nano.a(libc_a-findfp.o)
 .debug_frame   0x00002408       0x34 /Applications/ArmGNUToolchain/13.3.rel1/arm-none-eabi/bin/../lib/gcc/arm-none-eabi/13.3.1/../../../../arm-none-eabi/lib/thumb/v7-m/nofp/libc_nano.a(libc_a-fwalk.o)
 .debug_frame   0x0000243c       0x6c /Applications/ArmGNUToolchain/13.3.rel1/arm-none-eabi/bin/../lib/gcc/arm-none-eabi/13.3.1/../../../../arm-none-eabi/lib/thumb/v7-m/nofp/libc_nano.a(libc_a-printf.o)
 .debug_frame   0x000024a8       0x3c /Applications/ArmGNUToolchain/13.3.rel1/arm-none-eabi/bin/../lib/gcc/arm-none-eabi/13.3.1/../../../../arm-none-eabi/lib/thumb/v7-m/nofp/libc_nano.a(libc_a-puts.o)
 .debug_frame   0x000024e4       0x20 /Applications/ArmGNUToolchain/13.3.rel1/arm-none-eabi/bin/../lib/gcc/arm-none-eabi/13.3.1/../../../../arm-none-eabi/lib/thumb/v7-m/nofp/libc_nano.a(libc_a-memset.o)
 .debug_frame   0x00002504       0x20 /Applications/ArmGNUToolchain/13.3.rel1/arm-none-eabi/bin/../lib/gcc/arm-none-eabi/13.3.1/../../../../arm-none-eabi/lib/thumb/v7-m/nofp/libc_nano.a(libc_a-errno.o)
 .debug_frame   0x00002524       0x2c /Applications/ArmGNUToolchain/13.3.rel1/arm-none-eabi/bin/../lib/gcc/arm-none-eabi/13.3.1/../../../../arm-none-eabi/lib/thumb/v7-m/nofp/libc_nano.a(libc_a-init.o)
 .debug_frame   0x00002550       0xb0 /Applications/ArmGNUToolchain/13.3.rel1/arm-none-eabi/bin/../lib/gcc/arm-none-eabi/13.3.1/../../../../arm-none-eabi/lib/thumb/v7-m/nofp/libc_nano.a(libc_a-lock.o)
 .debug_frame   0x00002600       0xa8 /Applications/ArmGNUToolchain/13.3.rel1/arm-none-eabi/bin/../lib/gcc/arm-none-eabi/13.3.1/../../../../arm-none-eabi/lib/thumb/v7-m/nofp/libc_nano.a(libc_a-nano-vfprintf.o)
 .debug_frame   0x000026a8       0x50 /Applications/ArmGNUToolchain/13.3.rel1/arm-none-eabi/bin/../lib/gcc/arm-none-eabi/13.3.1/../../../../arm-none-eabi/lib/thumb/v7-m/nofp/libc_nano.a(libc_a-mallocr.o)
 .debug_frame   0x000026f8       0x60 /Applications/ArmGNUToolchain/13.3.rel1/arm-none-eabi/bin/../lib/gcc/arm-none-eabi/13.3.1/../../../../arm-none-eabi/lib/thumb/v7-m/nofp/libc_nano.a(libc_a-nano-vfprintf_i.o)
 .debug_frame   0x00002758       0x5c /Applications/ArmGNUToolchain/13.3.rel1/arm-none-eabi/bin/../lib/gcc/arm-none-eabi/13.3.1/../../../../arm-none-eabi/lib/thumb/v7-m/nofp/libc_nano.a(libc_a-fflush.o)
 .debug_frame   0x000027b4       0x30 /Applications/ArmGNUToolchain/13.3.rel1/arm-none-eabi/bin/../lib/gcc/arm-none-eabi/13.3.1/../../../../arm-none-eabi/lib/thumb/v7-m/nofp/libc_nano.a(libc_a-mlock.o)
 .debug_frame   0x000027e4       0x88 /Applications/ArmGNUToolchain/13.3.rel1/arm-none-eabi/bin/../lib/gcc/arm-none-eabi/13.3.1/../../../../arm-none-eabi/lib/thumb/v7-m/nofp/libc_nano.a(libc_a-stdio.o)
 .debug_frame   0x0000286c       0x40 /Applications/ArmGNUToolchain/13.3.rel1/arm-none-eabi/bin/../lib/gcc/arm-none-eabi/13.3.1/../../../../arm-none-eabi/lib/thumb/v7-m/nofp/libc_nano.a(libc_a-wbuf.o)
 .debug_frame   0x000028ac       0x2c /Applications/ArmGNUToolchain/13.3.rel1/arm-none-eabi/bin/../lib/gcc/arm-none-eabi/13.3.1/../../../../arm-none-eabi/lib/thumb/v7-m/nofp/libc_nano.a(libc_a-wsetup.o)
 .debug_frame   0x000028d8       0x58 /Applications/ArmGNUToolchain/13.3.rel1/arm-none-eabi/bin/../lib/gcc/arm-none-eabi/13.3.1/../../../../arm-none-eabi/lib/thumb/v7-m/nofp/libc_nano.a(libc_a-makebuf.o)
 .debug_frame   0x00002930       0x2c /Applications/ArmGNUToolchain/13.3.rel1/arm-none-eabi/bin/../lib/gcc/arm-none-eabi/13.3.1/../../../../arm-none-eabi/lib/thumb/v7-m/nofp/libc_nano.a(libc_a-isattyr.o)
 .debug_frame   0x0000295c       0x2c /Applications/ArmGNUToolchain/13.3.rel1/arm-none-eabi/bin/../lib/gcc/arm-none-eabi/13.3.1/../../../../arm-none-eabi/lib/thumb/v7-m/nofp/libc_nano.a(libc_a-lseekr.o)
 .debug_frame   0x00002988       0x2c /Applications/ArmGNUToolchain/13.3.rel1/arm-none-eabi/bin/../lib/gcc/arm-none-eabi/13.3.1/../../../../arm-none-eabi/lib/thumb/v7-m/nofp/libc_nano.a(libc_a-readr.o)
 .debug_frame   0x000029b4       0x2c /Applications/ArmGNUToolchain/13.3.rel1/arm-none-eabi/bin/../lib/gcc/arm-none-eabi/13.3.1/../../../../arm-none-eabi/lib/thumb/v7-m/nofp/libc_nano.a(libc_a-sbrkr.o)
 .debug_frame   0x000029e0       0x2c /Applications/ArmGNUToolchain/13.3.rel1/arm-none-eabi/bin/../lib/gcc/arm-none-eabi/13.3.1/../../../../arm-none-eabi/lib/thumb/v7-m/nofp/libc_nano.a(libc_a-writer.o)
 .debug_frame   0x00002a0c       0x2c /Applications/ArmGNUToolchain/13.3.rel1/arm-none-eabi/bin/../lib/gcc/arm-none-eabi/13.3.1/../../../../arm-none-eabi/lib/thumb/v7-m/nofp/libc_nano.a(libc_a-closer.o)
 .debug_frame   0x00002a38       0x38 /Applications/ArmGNUToolchain/13.3.rel1/arm-none-eabi/bin/../lib/gcc/arm-none-eabi/13.3.1/../../../../arm-none-eabi/lib/thumb/v7-m/nofp/libc_nano.a(libc_a-reent.o)
 .debug_frame   0x00002a70       0x2c /Applications/ArmGNUToolchain/13.3.rel1/arm-none-eabi/bin/../lib/gcc/arm-none-eabi/13.3.1/../../../../arm-none-eabi/lib/thumb/v7-m/nofp/libc_nano.a(libc_a-fstatr.o)
 .debug_frame   0x00002a9c       0x28 /Applications/ArmGNUToolchain/13.3.rel1/arm-none-eabi/bin/../lib/gcc/arm-none-eabi/13.3.1/../../../../arm-none-eabi/lib/thumb/v7-m/nofp/libc_nano.a(libc_a-memchr-stub.o)
 .debug_frame   0x00002ac4       0x38 /Applications/ArmGNUToolchain/13.3.rel1/arm-none-eabi/bin/../lib/gcc/arm-none-eabi/13.3.1/../../../../arm-none-eabi/lib/thumb/v7-m/nofp/libc_nano.a(libc_a-freer.o)

Cross Reference Table

Symbol                                            File
ADC1_2_IRQHandler                                 build/startup_stm32f103xb.o
AHBPrescTable                                     build/system_stm32f1xx.o
                                                  build/stm32f1xx_hal_rcc.o
APBPrescTable                                     build/system_stm32f1xx.o
                                                  build/stm32f1xx_hal_rcc.o
BusFault_Handler                                  build/stm32f1xx_it.o
CAN1_RX1_IRQHandler                               build/startup_stm32f103xb.o
CAN1_SCE_IRQHandler                               build/startup_stm32f103xb.o
DMA1_Channel1_IRQHandler                          build/startup_stm32f103xb.o
DMA1_Channel2_IRQHandler                          build/startup_stm32f103xb.o
DMA1_Channel3_IRQHandler                          build/startup_stm32f103xb.o
DMA1_Channel4_IRQHandler                          build/startup_stm32f103xb.o
DMA1_Channel5_IRQHandler                          build/startup_stm32f103xb.o
DMA1_Channel6_IRQHandler                          build/startup_stm32f103xb.o
DMA1_Channel7_IRQHandler                          build/startup_stm32f103xb.o
DebugMon_Handler                                  build/stm32f1xx_it.o
Default_Handler                                   build/startup_stm32f103xb.o
EXTI0_IRQHandler                                  build/startup_stm32f103xb.o
EXTI15_10_IRQHandler                              build/startup_stm32f103xb.o
EXTI1_IRQHandler                                  build/startup_stm32f103xb.o
EXTI2_IRQHandler                                  build/startup_stm32f103xb.o
EXTI3_IRQHandler                                  build/startup_stm32f103xb.o
EXTI4_IRQHandler                                  build/startup_stm32f103xb.o
EXTI9_5_IRQHandler                                build/startup_stm32f103xb.o
Error_Handler                                     build/main.o
                                                  build/usb.o
                                                  build/usart.o
                                                  build/i2c.o
                                                  build/can.o
FLASH_IRQHandler                                  build/startup_stm32f103xb.o
FLASH_PageErase                                   build/stm32f1xx_hal_flash_ex.o
                                                  build/stm32f1xx_hal_flash.o
FLASH_WaitForLastOperation                        build/stm32f1xx_hal_flash.o
                                                  build/stm32f1xx_hal_flash_ex.o
HAL_CAN_AbortTxRequest                            build/stm32f1xx_hal_can.o
HAL_CAN_ActivateNotification                      build/stm32f1xx_hal_can.o
                                                  build/main.o
HAL_CAN_AddTxMessage                              build/stm32f1xx_hal_can.o
                                                  build/main.o
HAL_CAN_ConfigFilter                              build/stm32f1xx_hal_can.o
                                                  build/main.o
HAL_CAN_DeInit                                    build/stm32f1xx_hal_can.o
HAL_CAN_DeactivateNotification                    build/stm32f1xx_hal_can.o
HAL_CAN_ErrorCallback                             build/stm32f1xx_hal_can.o
HAL_CAN_GetError                                  build/stm32f1xx_hal_can.o
HAL_CAN_GetRxFifoFillLevel                        build/stm32f1xx_hal_can.o
HAL_CAN_GetRxMessage                              build/stm32f1xx_hal_can.o
                                                  build/main.o
HAL_CAN_GetState                                  build/stm32f1xx_hal_can.o
HAL_CAN_GetTxMailboxesFreeLevel                   build/stm32f1xx_hal_can.o
HAL_CAN_GetTxTimestamp                            build/stm32f1xx_hal_can.o
HAL_CAN_IRQHandler                                build/stm32f1xx_hal_can.o
HAL_CAN_Init                                      build/stm32f1xx_hal_can.o
                                                  build/can.o
HAL_CAN_IsSleepActive                             build/stm32f1xx_hal_can.o
HAL_CAN_IsTxMessagePending                        build/stm32f1xx_hal_can.o
                                                  build/main.o
HAL_CAN_MspDeInit                                 build/can.o
HAL_CAN_MspInit                                   build/can.o
HAL_CAN_RequestSleep                              build/stm32f1xx_hal_can.o
HAL_CAN_ResetError                                build/stm32f1xx_hal_can.o
HAL_CAN_RxFifo0FullCallback                       build/stm32f1xx_hal_can.o
HAL_CAN_RxFifo0MsgPendingCallback                 build/main.o
HAL_CAN_RxFifo1FullCallback                       build/stm32f1xx_hal_can.o
HAL_CAN_RxFifo1MsgPendingCallback                 build/stm32f1xx_hal_can.o
HAL_CAN_SleepCallback                             build/stm32f1xx_hal_can.o
HAL_CAN_Start                                     build/stm32f1xx_hal_can.o
                                                  build/main.o
HAL_CAN_Stop                                      build/stm32f1xx_hal_can.o
HAL_CAN_TxMailbox0AbortCallback                   build/stm32f1xx_hal_can.o
HAL_CAN_TxMailbox0CompleteCallback                build/stm32f1xx_hal_can.o
HAL_CAN_TxMailbox1AbortCallback                   build/stm32f1xx_hal_can.o
HAL_CAN_TxMailbox1CompleteCallback                build/stm32f1xx_hal_can.o
HAL_CAN_TxMailbox2AbortCallback                   build/stm32f1xx_hal_can.o
HAL_CAN_TxMailbox2CompleteCallback                build/stm32f1xx_hal_can.o
HAL_CAN_WakeUp                                    build/stm32f1xx_hal_can.o
HAL_CAN_WakeUpFromRxMsgCallback                   build/stm32f1xx_hal_can.o
HAL_DBGMCU_DisableDBGSleepMode                    build/stm32f1xx_hal.o
HAL_DBGMCU_DisableDBGStandbyMode                  build/stm32f1xx_hal.o
HAL_DBGMCU_DisableDBGStopMode                     build/stm32f1xx_hal.o
HAL_DBGMCU_EnableDBGSleepMode                     build/stm32f1xx_hal.o
HAL_DBGMCU_EnableDBGStandbyMode                   build/stm32f1xx_hal.o
HAL_DBGMCU_EnableDBGStopMode                      build/stm32f1xx_hal.o
HAL_DMA_Abort                                     build/stm32f1xx_hal_dma.o
                                                  build/stm32f1xx_hal_uart.o
HAL_DMA_Abort_IT                                  build/stm32f1xx_hal_dma.o
                                                  build/stm32f1xx_hal_uart.o
                                                  build/stm32f1xx_hal_i2c.o
HAL_DMA_DeInit                                    build/stm32f1xx_hal_dma.o
HAL_DMA_GetError                                  build/stm32f1xx_hal_dma.o
                                                  build/stm32f1xx_hal_uart.o
HAL_DMA_GetState                                  build/stm32f1xx_hal_dma.o
                                                  build/stm32f1xx_hal_i2c.o
HAL_DMA_IRQHandler                                build/stm32f1xx_hal_dma.o
HAL_DMA_Init                                      build/stm32f1xx_hal_dma.o
HAL_DMA_PollForTransfer                           build/stm32f1xx_hal_dma.o
HAL_DMA_RegisterCallback                          build/stm32f1xx_hal_dma.o
HAL_DMA_Start                                     build/stm32f1xx_hal_dma.o
HAL_DMA_Start_IT                                  build/stm32f1xx_hal_dma.o
                                                  build/stm32f1xx_hal_uart.o
                                                  build/stm32f1xx_hal_i2c.o
HAL_DMA_UnRegisterCallback                        build/stm32f1xx_hal_dma.o
HAL_DeInit                                        build/stm32f1xx_hal.o
HAL_Delay                                         build/stm32f1xx_hal.o
                                                  build/main.o
HAL_EXTI_ClearConfigLine                          build/stm32f1xx_hal_exti.o
HAL_EXTI_ClearPending                             build/stm32f1xx_hal_exti.o
HAL_EXTI_GenerateSWI                              build/stm32f1xx_hal_exti.o
HAL_EXTI_GetConfigLine                            build/stm32f1xx_hal_exti.o
HAL_EXTI_GetHandle                                build/stm32f1xx_hal_exti.o
HAL_EXTI_GetPending                               build/stm32f1xx_hal_exti.o
HAL_EXTI_IRQHandler                               build/stm32f1xx_hal_exti.o
HAL_EXTI_RegisterCallback                         build/stm32f1xx_hal_exti.o
HAL_EXTI_SetConfigLine                            build/stm32f1xx_hal_exti.o
HAL_FLASHEx_Erase                                 build/stm32f1xx_hal_flash_ex.o
HAL_FLASHEx_Erase_IT                              build/stm32f1xx_hal_flash_ex.o
HAL_FLASHEx_OBErase                               build/stm32f1xx_hal_flash_ex.o
HAL_FLASHEx_OBGetConfig                           build/stm32f1xx_hal_flash_ex.o
HAL_FLASHEx_OBGetUserData                         build/stm32f1xx_hal_flash_ex.o
HAL_FLASHEx_OBProgram                             build/stm32f1xx_hal_flash_ex.o
HAL_FLASH_EndOfOperationCallback                  build/stm32f1xx_hal_flash.o
HAL_FLASH_GetError                                build/stm32f1xx_hal_flash.o
HAL_FLASH_IRQHandler                              build/stm32f1xx_hal_flash.o
HAL_FLASH_Lock                                    build/stm32f1xx_hal_flash.o
HAL_FLASH_OB_Launch                               build/stm32f1xx_hal_flash.o
HAL_FLASH_OB_Lock                                 build/stm32f1xx_hal_flash.o
HAL_FLASH_OB_Unlock                               build/stm32f1xx_hal_flash.o
HAL_FLASH_OperationErrorCallback                  build/stm32f1xx_hal_flash.o
HAL_FLASH_Program                                 build/stm32f1xx_hal_flash.o
HAL_FLASH_Program_IT                              build/stm32f1xx_hal_flash.o
HAL_FLASH_Unlock                                  build/stm32f1xx_hal_flash.o
HAL_GPIOEx_ConfigEventout                         build/stm32f1xx_hal_gpio_ex.o
HAL_GPIOEx_DisableEventout                        build/stm32f1xx_hal_gpio_ex.o
HAL_GPIOEx_EnableEventout                         build/stm32f1xx_hal_gpio_ex.o
HAL_GPIO_DeInit                                   build/stm32f1xx_hal_gpio.o
                                                  build/usart.o
                                                  build/i2c.o
                                                  build/can.o
HAL_GPIO_EXTI_Callback                            build/stm32f1xx_hal_gpio.o
HAL_GPIO_EXTI_IRQHandler                          build/stm32f1xx_hal_gpio.o
HAL_GPIO_Init                                     build/stm32f1xx_hal_gpio.o
                                                  build/stm32f1xx_hal_rcc.o
                                                  build/usart.o
                                                  build/i2c.o
                                                  build/can.o
                                                  build/gpio.o
HAL_GPIO_LockPin                                  build/stm32f1xx_hal_gpio.o
HAL_GPIO_ReadPin                                  build/stm32f1xx_hal_gpio.o
HAL_GPIO_TogglePin                                build/stm32f1xx_hal_gpio.o
                                                  build/main.o
HAL_GPIO_WritePin                                 build/stm32f1xx_hal_gpio.o
                                                  build/gpio.o
HAL_GetDEVID                                      build/stm32f1xx_hal.o
HAL_GetHalVersion                                 build/stm32f1xx_hal.o
HAL_GetREVID                                      build/stm32f1xx_hal.o
HAL_GetTick                                       build/stm32f1xx_hal.o
                                                  build/stm32f1xx_hal_uart.o
                                                  build/stm32f1xx_hal_i2c.o
                                                  build/stm32f1xx_hal_flash.o
                                                  build/stm32f1xx_hal_dma.o
                                                  build/stm32f1xx_hal_rcc_ex.o
                                                  build/stm32f1xx_hal_rcc.o
                                                  build/stm32f1xx_hal_can.o
HAL_GetTickFreq                                   build/stm32f1xx_hal.o
HAL_GetTickPrio                                   build/stm32f1xx_hal.o
HAL_GetUIDw0                                      build/stm32f1xx_hal.o
HAL_GetUIDw1                                      build/stm32f1xx_hal.o
HAL_GetUIDw2                                      build/stm32f1xx_hal.o
HAL_HalfDuplex_EnableReceiver                     build/stm32f1xx_hal_uart.o
HAL_HalfDuplex_EnableTransmitter                  build/stm32f1xx_hal_uart.o
HAL_HalfDuplex_Init                               build/stm32f1xx_hal_uart.o
HAL_I2C_AbortCpltCallback                         build/stm32f1xx_hal_i2c.o
HAL_I2C_AddrCallback                              build/stm32f1xx_hal_i2c.o
HAL_I2C_DeInit                                    build/stm32f1xx_hal_i2c.o
HAL_I2C_DisableListen_IT                          build/stm32f1xx_hal_i2c.o
HAL_I2C_ER_IRQHandler                             build/stm32f1xx_hal_i2c.o
HAL_I2C_EV_IRQHandler                             build/stm32f1xx_hal_i2c.o
HAL_I2C_EnableListen_IT                           build/stm32f1xx_hal_i2c.o
HAL_I2C_ErrorCallback                             build/stm32f1xx_hal_i2c.o
HAL_I2C_GetError                                  build/stm32f1xx_hal_i2c.o
HAL_I2C_GetMode                                   build/stm32f1xx_hal_i2c.o
HAL_I2C_GetState                                  build/stm32f1xx_hal_i2c.o
HAL_I2C_Init                                      build/stm32f1xx_hal_i2c.o
                                                  build/i2c.o
HAL_I2C_IsDeviceReady                             build/stm32f1xx_hal_i2c.o
HAL_I2C_ListenCpltCallback                        build/stm32f1xx_hal_i2c.o
HAL_I2C_MasterRxCpltCallback                      build/stm32f1xx_hal_i2c.o
HAL_I2C_MasterTxCpltCallback                      build/stm32f1xx_hal_i2c.o
HAL_I2C_Master_Abort_IT                           build/stm32f1xx_hal_i2c.o
HAL_I2C_Master_Receive                            build/stm32f1xx_hal_i2c.o
HAL_I2C_Master_Receive_DMA                        build/stm32f1xx_hal_i2c.o
HAL_I2C_Master_Receive_IT                         build/stm32f1xx_hal_i2c.o
HAL_I2C_Master_Seq_Receive_DMA                    build/stm32f1xx_hal_i2c.o
HAL_I2C_Master_Seq_Receive_IT                     build/stm32f1xx_hal_i2c.o
HAL_I2C_Master_Seq_Transmit_DMA                   build/stm32f1xx_hal_i2c.o
HAL_I2C_Master_Seq_Transmit_IT                    build/stm32f1xx_hal_i2c.o
HAL_I2C_Master_Transmit                           build/stm32f1xx_hal_i2c.o
HAL_I2C_Master_Transmit_DMA                       build/stm32f1xx_hal_i2c.o
HAL_I2C_Master_Transmit_IT                        build/stm32f1xx_hal_i2c.o
HAL_I2C_MemRxCpltCallback                         build/stm32f1xx_hal_i2c.o
HAL_I2C_MemTxCpltCallback                         build/stm32f1xx_hal_i2c.o
HAL_I2C_Mem_Read                                  build/stm32f1xx_hal_i2c.o
HAL_I2C_Mem_Read_DMA                              build/stm32f1xx_hal_i2c.o
HAL_I2C_Mem_Read_IT                               build/stm32f1xx_hal_i2c.o
HAL_I2C_Mem_Write                                 build/stm32f1xx_hal_i2c.o
HAL_I2C_Mem_Write_DMA                             build/stm32f1xx_hal_i2c.o
HAL_I2C_Mem_Write_IT                              build/stm32f1xx_hal_i2c.o
HAL_I2C_MspDeInit                                 build/i2c.o
HAL_I2C_MspInit                                   build/i2c.o
HAL_I2C_SlaveRxCpltCallback                       build/stm32f1xx_hal_i2c.o
HAL_I2C_SlaveTxCpltCallback                       build/stm32f1xx_hal_i2c.o
HAL_I2C_Slave_Receive                             build/stm32f1xx_hal_i2c.o
HAL_I2C_Slave_Receive_DMA                         build/stm32f1xx_hal_i2c.o
HAL_I2C_Slave_Receive_IT                          build/stm32f1xx_hal_i2c.o
HAL_I2C_Slave_Seq_Receive_DMA                     build/stm32f1xx_hal_i2c.o
HAL_I2C_Slave_Seq_Receive_IT                      build/stm32f1xx_hal_i2c.o
HAL_I2C_Slave_Seq_Transmit_DMA                    build/stm32f1xx_hal_i2c.o
HAL_I2C_Slave_Seq_Transmit_IT                     build/stm32f1xx_hal_i2c.o
HAL_I2C_Slave_Transmit                            build/stm32f1xx_hal_i2c.o
HAL_I2C_Slave_Transmit_DMA                        build/stm32f1xx_hal_i2c.o
HAL_I2C_Slave_Transmit_IT                         build/stm32f1xx_hal_i2c.o
HAL_IncTick                                       build/stm32f1xx_hal.o
                                                  build/stm32f1xx_it.o
HAL_Init                                          build/stm32f1xx_hal.o
                                                  build/main.o
HAL_InitTick                                      build/stm32f1xx_hal.o
                                                  build/stm32f1xx_hal_rcc.o
HAL_LIN_Init                                      build/stm32f1xx_hal_uart.o
HAL_LIN_SendBreak                                 build/stm32f1xx_hal_uart.o
HAL_MspDeInit                                     build/stm32f1xx_hal.o
HAL_MspInit                                       build/stm32f1xx_hal_msp.o
HAL_MultiProcessor_EnterMuteMode                  build/stm32f1xx_hal_uart.o
HAL_MultiProcessor_ExitMuteMode                   build/stm32f1xx_hal_uart.o
HAL_MultiProcessor_Init                           build/stm32f1xx_hal_uart.o
HAL_NVIC_ClearPendingIRQ                          build/stm32f1xx_hal_cortex.o
HAL_NVIC_DisableIRQ                               build/stm32f1xx_hal_cortex.o
HAL_NVIC_EnableIRQ                                build/stm32f1xx_hal_cortex.o
HAL_NVIC_GetActive                                build/stm32f1xx_hal_cortex.o
HAL_NVIC_GetPendingIRQ                            build/stm32f1xx_hal_cortex.o
HAL_NVIC_GetPriority                              build/stm32f1xx_hal_cortex.o
HAL_NVIC_GetPriorityGrouping                      build/stm32f1xx_hal_cortex.o
HAL_NVIC_SetPendingIRQ                            build/stm32f1xx_hal_cortex.o
HAL_NVIC_SetPriority                              build/stm32f1xx_hal_cortex.o
                                                  build/stm32f1xx_hal.o
HAL_NVIC_SetPriorityGrouping                      build/stm32f1xx_hal_cortex.o
                                                  build/stm32f1xx_hal.o
HAL_NVIC_SystemReset                              build/stm32f1xx_hal_cortex.o
                                                  build/stm32f1xx_hal_flash.o
HAL_PCDEx_BCD_Callback                            build/stm32f1xx_hal_pcd_ex.o
HAL_PCDEx_LPM_Callback                            build/stm32f1xx_hal_pcd_ex.o
HAL_PCDEx_PMAConfig                               build/stm32f1xx_hal_pcd_ex.o
HAL_PCDEx_SetConnectionState                      build/stm32f1xx_hal_pcd_ex.o
                                                  build/stm32f1xx_hal_pcd.o
HAL_PCD_ActivateRemoteWakeup                      build/stm32f1xx_hal_pcd.o
HAL_PCD_ConnectCallback                           build/stm32f1xx_hal_pcd.o
HAL_PCD_DataInStageCallback                       build/stm32f1xx_hal_pcd.o
HAL_PCD_DataOutStageCallback                      build/stm32f1xx_hal_pcd.o
HAL_PCD_DeActivateRemoteWakeup                    build/stm32f1xx_hal_pcd.o
HAL_PCD_DeInit                                    build/stm32f1xx_hal_pcd.o
HAL_PCD_DevConnect                                build/stm32f1xx_hal_pcd.o
HAL_PCD_DevDisconnect                             build/stm32f1xx_hal_pcd.o
HAL_PCD_DisconnectCallback                        build/stm32f1xx_hal_pcd.o
HAL_PCD_EP_Abort                                  build/stm32f1xx_hal_pcd.o
HAL_PCD_EP_Close                                  build/stm32f1xx_hal_pcd.o
HAL_PCD_EP_ClrStall                               build/stm32f1xx_hal_pcd.o
HAL_PCD_EP_Flush                                  build/stm32f1xx_hal_pcd.o
HAL_PCD_EP_GetRxCount                             build/stm32f1xx_hal_pcd.o
HAL_PCD_EP_Open                                   build/stm32f1xx_hal_pcd.o
HAL_PCD_EP_Receive                                build/stm32f1xx_hal_pcd.o
HAL_PCD_EP_SetStall                               build/stm32f1xx_hal_pcd.o
HAL_PCD_EP_Transmit                               build/stm32f1xx_hal_pcd.o
HAL_PCD_GetState                                  build/stm32f1xx_hal_pcd.o
HAL_PCD_IRQHandler                                build/stm32f1xx_hal_pcd.o
HAL_PCD_ISOINIncompleteCallback                   build/stm32f1xx_hal_pcd.o
HAL_PCD_ISOOUTIncompleteCallback                  build/stm32f1xx_hal_pcd.o
HAL_PCD_Init                                      build/stm32f1xx_hal_pcd.o
                                                  build/usb.o
HAL_PCD_MspDeInit                                 build/usb.o
HAL_PCD_MspInit                                   build/usb.o
HAL_PCD_ResetCallback                             build/stm32f1xx_hal_pcd.o
HAL_PCD_ResumeCallback                            build/stm32f1xx_hal_pcd.o
HAL_PCD_SOFCallback                               build/stm32f1xx_hal_pcd.o
HAL_PCD_SetAddress                                build/stm32f1xx_hal_pcd.o
HAL_PCD_SetupStageCallback                        build/stm32f1xx_hal_pcd.o
HAL_PCD_Start                                     build/stm32f1xx_hal_pcd.o
HAL_PCD_Stop                                      build/stm32f1xx_hal_pcd.o
HAL_PCD_SuspendCallback                           build/stm32f1xx_hal_pcd.o
HAL_PCD_WKUP_IRQHandler                           build/stm32f1xx_hal_pcd.o
HAL_PWR_ConfigPVD                                 build/stm32f1xx_hal_pwr.o
HAL_PWR_DeInit                                    build/stm32f1xx_hal_pwr.o
HAL_PWR_DisableBkUpAccess                         build/stm32f1xx_hal_pwr.o
HAL_PWR_DisablePVD                                build/stm32f1xx_hal_pwr.o
HAL_PWR_DisableSEVOnPend                          build/stm32f1xx_hal_pwr.o
HAL_PWR_DisableSleepOnExit                        build/stm32f1xx_hal_pwr.o
HAL_PWR_DisableWakeUpPin                          build/stm32f1xx_hal_pwr.o
HAL_PWR_EnableBkUpAccess                          build/stm32f1xx_hal_pwr.o
HAL_PWR_EnablePVD                                 build/stm32f1xx_hal_pwr.o
HAL_PWR_EnableSEVOnPend                           build/stm32f1xx_hal_pwr.o
HAL_PWR_EnableSleepOnExit                         build/stm32f1xx_hal_pwr.o
HAL_PWR_EnableWakeUpPin                           build/stm32f1xx_hal_pwr.o
HAL_PWR_EnterSLEEPMode                            build/stm32f1xx_hal_pwr.o
HAL_PWR_EnterSTANDBYMode                          build/stm32f1xx_hal_pwr.o
HAL_PWR_EnterSTOPMode                             build/stm32f1xx_hal_pwr.o
HAL_PWR_PVDCallback                               build/stm32f1xx_hal_pwr.o
HAL_PWR_PVD_IRQHandler                            build/stm32f1xx_hal_pwr.o
HAL_RCCEx_GetPeriphCLKConfig                      build/stm32f1xx_hal_rcc_ex.o
HAL_RCCEx_GetPeriphCLKFreq                        build/stm32f1xx_hal_rcc_ex.o
HAL_RCCEx_PeriphCLKConfig                         build/stm32f1xx_hal_rcc_ex.o
                                                  build/main.o
HAL_RCC_CSSCallback                               build/stm32f1xx_hal_rcc.o
HAL_RCC_ClockConfig                               build/stm32f1xx_hal_rcc.o
                                                  build/main.o
HAL_RCC_DeInit                                    build/stm32f1xx_hal_rcc.o
HAL_RCC_DisableCSS                                build/stm32f1xx_hal_rcc.o
HAL_RCC_EnableCSS                                 build/stm32f1xx_hal_rcc.o
HAL_RCC_GetClockConfig                            build/stm32f1xx_hal_rcc.o
HAL_RCC_GetHCLKFreq                               build/stm32f1xx_hal_rcc.o
HAL_RCC_GetOscConfig                              build/stm32f1xx_hal_rcc.o
HAL_RCC_GetPCLK1Freq                              build/stm32f1xx_hal_rcc.o
                                                  build/stm32f1xx_hal_uart.o
                                                  build/stm32f1xx_hal_i2c.o
HAL_RCC_GetPCLK2Freq                              build/stm32f1xx_hal_rcc.o
                                                  build/stm32f1xx_hal_uart.o
                                                  build/stm32f1xx_hal_rcc_ex.o
HAL_RCC_GetSysClockFreq                           build/stm32f1xx_hal_rcc.o
HAL_RCC_MCOConfig                                 build/stm32f1xx_hal_rcc.o
HAL_RCC_NMI_IRQHandler                            build/stm32f1xx_hal_rcc.o
HAL_RCC_OscConfig                                 build/stm32f1xx_hal_rcc.o
                                                  build/main.o
HAL_ResumeTick                                    build/stm32f1xx_hal.o
HAL_SYSTICK_CLKSourceConfig                       build/stm32f1xx_hal_cortex.o
HAL_SYSTICK_Callback                              build/stm32f1xx_hal_cortex.o
HAL_SYSTICK_Config                                build/stm32f1xx_hal_cortex.o
                                                  build/stm32f1xx_hal.o
HAL_SYSTICK_IRQHandler                            build/stm32f1xx_hal_cortex.o
HAL_SetTickFreq                                   build/stm32f1xx_hal.o
HAL_SuspendTick                                   build/stm32f1xx_hal.o
HAL_UARTEx_GetRxEventType                         build/stm32f1xx_hal_uart.o
HAL_UARTEx_ReceiveToIdle                          build/stm32f1xx_hal_uart.o
HAL_UARTEx_ReceiveToIdle_DMA                      build/stm32f1xx_hal_uart.o
HAL_UARTEx_ReceiveToIdle_IT                       build/stm32f1xx_hal_uart.o
HAL_UARTEx_RxEventCallback                        build/stm32f1xx_hal_uart.o
HAL_UART_Abort                                    build/stm32f1xx_hal_uart.o
HAL_UART_AbortCpltCallback                        build/stm32f1xx_hal_uart.o
HAL_UART_AbortReceive                             build/stm32f1xx_hal_uart.o
HAL_UART_AbortReceiveCpltCallback                 build/stm32f1xx_hal_uart.o
HAL_UART_AbortReceive_IT                          build/stm32f1xx_hal_uart.o
HAL_UART_AbortTransmit                            build/stm32f1xx_hal_uart.o
HAL_UART_AbortTransmitCpltCallback                build/stm32f1xx_hal_uart.o
HAL_UART_AbortTransmit_IT                         build/stm32f1xx_hal_uart.o
HAL_UART_Abort_IT                                 build/stm32f1xx_hal_uart.o
HAL_UART_DMAPause                                 build/stm32f1xx_hal_uart.o
HAL_UART_DMAResume                                build/stm32f1xx_hal_uart.o
HAL_UART_DMAStop                                  build/stm32f1xx_hal_uart.o
HAL_UART_DeInit                                   build/stm32f1xx_hal_uart.o
HAL_UART_ErrorCallback                            build/stm32f1xx_hal_uart.o
HAL_UART_GetError                                 build/stm32f1xx_hal_uart.o
HAL_UART_GetState                                 build/stm32f1xx_hal_uart.o
HAL_UART_IRQHandler                               build/stm32f1xx_hal_uart.o
HAL_UART_Init                                     build/stm32f1xx_hal_uart.o
                                                  build/usart.o
HAL_UART_MspDeInit                                build/usart.o