Archive member included to satisfy reference by file (symbol)

/Applications/ArmGNUToolchain/13.3.rel1/arm-none-eabi/bin/../lib/gcc/arm-none-eabi/13.3.1/../../../../arm-none-eabi/lib/thumb/v7-m/nofp/libc_nano.a(libc_a-exit.o)
                              /Applications/ArmGNUToolchain/13.3.rel1/arm-none-eabi/bin/../lib/gcc/arm-none-eabi/13.3.1/../../../../arm-none-eabi/lib/thumb/v7-m/nofp/crt0.o (exit)
/Applications/ArmGNUToolchain/13.3.rel1/arm-none-eabi/bin/../lib/gcc/arm-none-eabi/13.3.1/../../../../arm-none-eabi/lib/thumb/v7-m/nofp/libc_nano.a(libc_a-findfp.o)
                              /Applications/ArmGNUToolchain/13.3.rel1/arm-none-eabi/bin/../lib/gcc/arm-none-eabi/13.3.1/../../../../arm-none-eabi/lib/thumb/v7-m/nofp/libc_nano.a(libc_a-exit.o) (__stdio_exit_handler)
/Applications/ArmGNUToolchain/13.3.rel1/arm-none-eabi/bin/../lib/gcc/arm-none-eabi/13.3.1/../../../../arm-none-eabi/lib/thumb/v7-m/nofp/libc_nano.a(libc_a-fwalk.o)
                              /Applications/ArmGNUToolchain/13.3.rel1/arm-none-eabi/bin/../lib/gcc/arm-none-eabi/13.3.1/../../../../arm-none-eabi/lib/thumb/v7-m/nofp/libc_nano.a(libc_a-findfp.o) (_fwalk_sglue)
/Applications/ArmGNUToolchain/13.3.rel1/arm-none-eabi/bin/../lib/gcc/arm-none-eabi/13.3.1/../../../../arm-none-eabi/lib/thumb/v7-m/nofp/libc_nano.a(libc_a-printf.o)
                              build/main.o (printf)
/Applications/ArmGNUToolchain/13.3.rel1/arm-none-eabi/bin/../lib/gcc/arm-none-eabi/13.3.1/../../../../arm-none-eabi/lib/thumb/v7-m/nofp/libc_nano.a(libc_a-puts.o)
                              build/main.o (puts)
/Applications/ArmGNUToolchain/13.3.rel1/arm-none-eabi/bin/../lib/gcc/arm-none-eabi/13.3.1/../../../../arm-none-eabi/lib/thumb/v7-m/nofp/libc_nano.a(libc_a-memset.o)
                              /Applications/ArmGNUToolchain/13.3.rel1/arm-none-eabi/bin/../lib/gcc/arm-none-eabi/13.3.1/../../../../arm-none-eabi/lib/thumb/v7-m/nofp/crt0.o (memset)
/Applications/ArmGNUToolchain/13.3.rel1/arm-none-eabi/bin/../lib/gcc/arm-none-eabi/13.3.1/../../../../arm-none-eabi/lib/thumb/v7-m/nofp/libc_nano.a(libc_a-errno.o)
                              build/sysmem.o (__errno)
/Applications/ArmGNUToolchain/13.3.rel1/arm-none-eabi/bin/../lib/gcc/arm-none-eabi/13.3.1/../../../../arm-none-eabi/lib/thumb/v7-m/nofp/libc_nano.a(libc_a-init.o)
                              /Applications/ArmGNUToolchain/13.3.rel1/arm-none-eabi/bin/../lib/gcc/arm-none-eabi/13.3.1/../../../../arm-none-eabi/lib/thumb/v7-m/nofp/crt0.o (__libc_init_array)
/Applications/ArmGNUToolchain/13.3.rel1/arm-none-eabi/bin/../lib/gcc/arm-none-eabi/13.3.1/../../../../arm-none-eabi/lib/thumb/v7-m/nofp/libc_nano.a(libc_a-lock.o)
                              /Applications/ArmGNUToolchain/13.3.rel1/arm-none-eabi/bin/../lib/gcc/arm-none-eabi/13.3.1/../../../../arm-none-eabi/lib/thumb/v7-m/nofp/libc_nano.a(libc_a-findfp.o) (__retarget_lock_init_recursive)
/Applications/ArmGNUToolchain/13.3.rel1/arm-none-eabi/bin/../lib/gcc/arm-none-eabi/13.3.1/../../../../arm-none-eabi/lib/thumb/v7-m/nofp/libc_nano.a(libc_a-impure.o)
                              /Applications/ArmGNUToolchain/13.3.rel1/arm-none-eabi/bin/../lib/gcc/arm-none-eabi/13.3.1/../../../../arm-none-eabi/lib/thumb/v7-m/nofp/libc_nano.a(libc_a-printf.o) (_impure_ptr)
/Applications/ArmGNUToolchain/13.3.rel1/arm-none-eabi/bin/../lib/gcc/arm-none-eabi/13.3.1/../../../../arm-none-eabi/lib/thumb/v7-m/nofp/libc_nano.a(libc_a-strlen.o)
                              build/main.o (strlen)
/Applications/ArmGNUToolchain/13.3.rel1/arm-none-eabi/bin/../lib/gcc/arm-none-eabi/13.3.1/../../../../arm-none-eabi/lib/thumb/v7-m/nofp/libc_nano.a(libc_a-nano-vfprintf.o)
                              /Applications/ArmGNUToolchain/13.3.rel1/arm-none-eabi/bin/../lib/gcc/arm-none-eabi/13.3.1/../../../../arm-none-eabi/lib/thumb/v7-m/nofp/libc_nano.a(libc_a-printf.o) (_vfprintf_r)
/Applications/ArmGNUToolchain/13.3.rel1/arm-none-eabi/bin/../lib/gcc/arm-none-eabi/13.3.1/../../../../arm-none-eabi/lib/thumb/v7-m/nofp/libc_nano.a(libc_a-mallocr.o)
                              /Applications/ArmGNUToolchain/13.3.rel1/arm-none-eabi/bin/../lib/gcc/arm-none-eabi/13.3.1/../../../../arm-none-eabi/lib/thumb/v7-m/nofp/libc_nano.a(libc_a-findfp.o) (_malloc_r)
/Applications/ArmGNUToolchain/13.3.rel1/arm-none-eabi/bin/../lib/gcc/arm-none-eabi/13.3.1/../../../../arm-none-eabi/lib/thumb/v7-m/nofp/libc_nano.a(libc_a-nano-vfprintf_i.o)
                              /Applications/ArmGNUToolchain/13.3.rel1/arm-none-eabi/bin/../lib/gcc/arm-none-eabi/13.3.1/../../../../arm-none-eabi/lib/thumb/v7-m/nofp/libc_nano.a(libc_a-nano-vfprintf.o) (_printf_i)
/Applications/ArmGNUToolchain/13.3.rel1/arm-none-eabi/bin/../lib/gcc/arm-none-eabi/13.3.1/../../../../arm-none-eabi/lib/thumb/v7-m/nofp/libc_nano.a(libc_a-fflush.o)
[...]
Memory Configuration

Name             Origin             Length             Attributes
RAM              0x20000000         0x00005000         xrw
FLASH            0x08000000         0x00010000         xr
*default*        0x00000000         0xffffffff

Linker script and memory map

LOAD /Applications/ArmGNUToolchain/13.3.rel1/arm-none-eabi/bin/../lib/gcc/arm-none-eabi/13.3.1/thumb/v7-m/nofp/crti.o
LOAD /Applications/ArmGNUToolchain/13.3.rel1/arm-none-eabi/bin/../lib/gcc/arm-none-eabi/13.3.1/thumb/v7-m/nofp/crtbegin.o
LOAD /Applications/ArmGNUToolchain/13.3.rel1/arm-none-eabi/bin/../lib/gcc/arm-none-eabi/13.3.1/../../../../arm-none-eabi/lib/thumb/v7-m/nofp/crt0.o
LOAD build/main.o
LOAD build/gpio.o
LOAD build/can.o
LOAD build/i2c.o
LOAD build/usart.o
LOAD build/stm32f1xx_it.o
LOAD build/stm32f1xx_hal_msp.o
LOAD build/stm32f1xx_hal_gpio_ex.o
LOAD build/stm32f1xx_hal_can.o
LOAD build/stm32f1xx_hal.o
LOAD build/stm32f1xx_hal_rcc.o
LOAD build/stm32f1xx_hal_rcc_ex.o
LOAD build/stm32f1xx_hal_gpio.o
LOAD build/stm32f1xx_hal_dma.o
LOAD build/stm32f1xx_hal_cortex.o
LOAD build/stm32f1xx_hal_pwr.o
LOAD build/stm32f1xx_hal_flash.o
LOAD build/stm32f1xx_hal_flash_ex.o
LOAD build/stm32f1xx_hal_exti.o
LOAD build/stm32f1xx_hal_i2c.o
LOAD build/stm32f1xx_hal_uart.o
LOAD build/system_stm32f1xx.o
LOAD build/sysmem.o
LOAD build/syscalls.o
LOAD build/usb.o
LOAD build/stm32f1xx_hal_pcd.o
LOAD build/stm32f1xx_hal_pcd_ex.o
LOAD build/stm32f1xx_ll_usb.o
LOAD build/startup_stm32f103xb.o
LOAD /Applications/ArmGNUToolchain/13.3.rel1/arm-none-eabi/bin/../lib/gcc/arm-none-eabi/13.3.1/../../../../arm-none-eabi/lib/thumb/v7-m/nofp/libc_nano.a
LOAD /Applications/ArmGNUToolchain/13.3.rel1/arm-none-eabi/bin/../lib/gcc/arm-none-eabi/13.3.1/../../../../arm-none-eabi/lib/thumb/v7-m/nofp/libm.a
LOAD /Applications/ArmGNUToolchain/13.3.rel1/arm-none-eabi/bin/../lib/gcc/arm-none-eabi/13.3.1/../../../../arm-none-eabi/lib/thumb/v7-m/nofp/libnosys.a
START GROUP
LOAD /Applications/ArmGNUToolchain/13.3.rel1/arm-none-eabi/bin/../lib/gcc/arm-none-eabi/13.3.1/thumb/v7-m/nofp/libgcc.a
LOAD /Applications/ArmGNUToolchain/13.3.rel1/arm-none-eabi/bin/../lib/gcc/arm-none-eabi/13.3.1/../../../../arm-none-eabi/lib/thumb/v7-m/nofp/libc_nano.a
END GROUP
START GROUP
LOAD /Applications/ArmGNUToolchain/13.3.rel1/arm-none-eabi/bin/../lib/gcc/arm-none-eabi/13.3.1/thumb/v7-m/nofp/libgcc.a
LOAD /Applications/ArmGNUToolchain/13.3.rel1/arm-none-eabi/bin/../lib/gcc/arm-none-eabi/13.3.1/../../../../arm-none-eabi/lib/thumb/v7-m/nofp/libc_nano.a
END GROUP
LOAD /Applications/ArmGNUToolchain/13.3.rel1/arm-none-eabi/bin/../lib/gcc/arm-none-eabi/13.3.1/thumb/v7-m/nofp/crtend.o
LOAD /Applications/ArmGNUToolchain/13.3.rel1/arm-none-eabi/bin/../lib/gcc/arm-none-eabi/13.3.1/thumb/v7-m/nofp/crtn.o
                0x20005000                        _estack = (ORIGIN (RAM) + LENGTH (RAM))
                0x00000200                        _Min_Heap_Size = 0x200
                0x00000400                        _Min_Stack_Size = 0x400

.isr_vector     0x08000000      0x10c
                0x08000000                        . = ALIGN (0x4)
 *(.isr_vector)
 .isr_vector    0x08000000      0x10c build/startup_stm32f103xb.o
                0x08000000                g_pfnVectors
                0x0800010c                        . = ALIGN (0x4)

.text           0x0800010c     0x4398
                0x0800010c                        . = ALIGN (0x4)
 *(.text)
 *(.text*)
 .text.deregister_tm_clones
                0x0800010c       0x1c /Applications/ArmGNUToolchain/13.3.rel1/arm-none-eabi/bin/../lib/gcc/arm-none-eabi/13.3.1/thumb/v7-m/nofp/crtbegin.o
 .text.register_tm_clones
                0x08000128       0x24 /Applications/ArmGNUToolchain/13.3.rel1/arm-none-eabi/bin/../lib/gcc/arm-none-eabi/13.3.1/thumb/v7-m/nofp/crtbegin.o
 .text.__do_global_dtors_aux
                0x0800014c       0x28 /Applications/ArmGNUToolchain/13.3.rel1/arm-none-eabi/bin/../lib/gcc/arm-none-eabi/13.3.1/thumb/v7-m/nofp/crtbegin.o
 .text.frame_dummy
                0x08000174       0x24 /Applications/ArmGNUToolchain/13.3.rel1/arm-none-eabi/bin/../lib/gcc/arm-none-eabi/13.3.1/thumb/v7-m/nofp/crtbegin.o
 .text.__io_putchar
                0x08000198       0x20 build/main.o
                0x08000198                __io_putchar
 .text.printRPM
                0x080001b8       0x14 build/main.o
                0x080001b8                printRPM
 .text.HAL_CAN_RxFifo0MsgPendingCallback
                0x080001cc       0x94 build/main.o
                0x080001cc                HAL_CAN_RxFifo0MsgPendingCallback
 .text.Error_Handler
                0x08000260       0x18 build/main.o
                0x08000260                Error_Handler
 .text.SystemClock_Config
                0x08000278       0x88 build/main.o
                0x08000278                SystemClock_Config
 .text.main     0x08000300       0xc8 build/main.o
                0x08000300                main
 .text.MX_GPIO_Init
                0x080003c8       0x74 build/gpio.o
                0x080003c8                MX_GPIO_Init
 .text.MX_CAN_Init
                0x0800043c       0x48 build/can.o
                0x0800043c                MX_CAN_Init
 .text.HAL_CAN_MspInit
                0x08000484       0x9c build/can.o
                0x08000484                HAL_CAN_MspInit
 .text.MX_I2C1_Init
                0x08000520       0x3c build/i2c.o
                0x08000520                MX_I2C1_Init
 .text.HAL_I2C_MspInit
                0x0800055c       0x64 build/i2c.o
                0x0800055c                HAL_I2C_MspInit
 .text.MX_USART1_UART_Init
                0x080005c0       0x34 build/usart.o
                0x080005c0                MX_USART1_UART_Init
 .text.HAL_UART_MspInit
                0x080005f4       0x78 build/usart.o
                0x080005f4                HAL_UART_MspInit
 .text.NMI_Handler
                0x0800066c        0x2 build/stm32f1xx_it.o
                0x0800066c                NMI_Handler
 .text.HardFault_Handler
                0x0800066e        0x2 build/stm32f1xx_it.o
                0x0800066e                HardFault_Handler
 .text.MemManage_Handler
                0x08000670        0x2 build/stm32f1xx_it.o
                0x08000670                MemManage_Handler
 .text.BusFault_Handler
                0x08000672        0x2 build/stm32f1xx_it.o
                0x08000672                BusFault_Handler
 .text.UsageFault_Handler
                0x08000674        0x2 build/stm32f1xx_it.o
                0x08000674                UsageFault_Handler
 .text.SVC_Handler
                0x08000676        0x2 build/stm32f1xx_it.o
                0x08000676                SVC_Handler
 .text.DebugMon_Handler
                0x08000678        0x2 build/stm32f1xx_it.o
                0x08000678                DebugMon_Handler
 .text.PendSV_Handler
                0x0800067a        0x2 build/stm32f1xx_it.o
                0x0800067a                PendSV_Handler
 .text.SysTick_Handler
                0x0800067c        0x8 build/stm32f1xx_it.o
                0x0800067c                SysTick_Handler
 .text.USB_LP_CAN1_RX0_IRQHandler
                0x08000684       0x18 build/stm32f1xx_it.o
                0x08000684                USB_LP_CAN1_RX0_IRQHandler
 .text.HAL_MspInit
                0x0800069c       0x44 build/stm32f1xx_hal_msp.o
                0x0800069c                HAL_MspInit
 .text.HAL_CAN_Init
                0x080006e0      0x14c build/stm32f1xx_hal_can.o
                0x080006e0                HAL_CAN_Init
 .text.HAL_CAN_ConfigFilter
                0x0800082c      0x10c build/stm32f1xx_hal_can.o
                0x0800082c                HAL_CAN_ConfigFilter
 .text.HAL_CAN_Start
                0x08000938       0x5c build/stm32f1xx_hal_can.o
                0x08000938                HAL_CAN_Start
 .text.HAL_CAN_AddTxMessage
                0x08000994       0xea build/stm32f1xx_hal_can.o
                0x08000994                HAL_CAN_AddTxMessage
 .text.HAL_CAN_GetRxMessage
                0x08000a7e      0x16a build/stm32f1xx_hal_can.o
                0x08000a7e                HAL_CAN_GetRxMessage
 .text.HAL_CAN_ActivateNotification
                0x08000be8       0x24 build/stm32f1xx_hal_can.o
                0x08000be8                HAL_CAN_ActivateNotification
 .text.HAL_CAN_TxMailbox0CompleteCallback
                0x08000c0c        0x2 build/stm32f1xx_hal_can.o
                0x08000c0c                HAL_CAN_TxMailbox0CompleteCallback
 .text.HAL_CAN_TxMailbox1CompleteCallback
                0x08000c0e        0x2 build/stm32f1xx_hal_can.o
                0x08000c0e                HAL_CAN_TxMailbox1CompleteCallback
 .text.HAL_CAN_TxMailbox2CompleteCallback
                0x08000c10        0x2 build/stm32f1xx_hal_can.o
                0x08000c10                HAL_CAN_TxMailbox2CompleteCallback
 .text.HAL_CAN_TxMailbox0AbortCallback
                0x08000c12        0x2 build/stm32f1xx_hal_can.o
                0x08000c12                HAL_CAN_TxMailbox0AbortCallback
 .text.HAL_CAN_TxMailbox1AbortCallback
                0x08000c14        0x2 build/stm32f1xx_hal_can.o
                0x08000c14                HAL_CAN_TxMailbox1AbortCallback
 .text.HAL_CAN_TxMailbox2AbortCallback
                0x08000c16        0x2 build/stm32f1xx_hal_can.o
                0x08000c16                HAL_CAN_TxMailbox2AbortCallback
 .text.HAL_CAN_RxFifo0FullCallback
                0x08000c18        0x2 build/stm32f1xx_hal_can.o
                0x08000c18                HAL_CAN_RxFifo0FullCallback
 .text.HAL_CAN_RxFifo1MsgPendingCallback
                0x08000c1a        0x2 build/stm32f1xx_hal_can.o
                0x08000c1a                HAL_CAN_RxFifo1MsgPendingCallback
 .text.HAL_CAN_RxFifo1FullCallback
                0x08000c1c        0x2 build/stm32f1xx_hal_can.o
                0x08000c1c                HAL_CAN_RxFifo1FullCallback
 .text.HAL_CAN_SleepCallback
                0x08000c1e        0x2 build/stm32f1xx_hal_can.o
                0x08000c1e                HAL_CAN_SleepCallback
 .text.HAL_CAN_WakeUpFromRxMsgCallback
                0x08000c20        0x2 build/stm32f1xx_hal_can.o
                0x08000c20                HAL_CAN_WakeUpFromRxMsgCallback
 .text.HAL_CAN_ErrorCallback
                0x08000c22        0x2 build/stm32f1xx_hal_can.o
                0x08000c22                HAL_CAN_ErrorCallback
 .text.HAL_CAN_IRQHandler
                0x08000c24      0x250 build/stm32f1xx_hal_can.o
                0x08000c24                HAL_CAN_IRQHandler
 .text.HAL_InitTick
                0x08000e74       0x4c build/stm32f1xx_hal.o
                0x08000e74                HAL_InitTick
 .text.HAL_Init
                0x08000ec0       0x24 build/stm32f1xx_hal.o
                0x08000ec0                HAL_Init
 .text.HAL_IncTick
                0x08000ee4       0x18 build/stm32f1xx_hal.o
                0x08000ee4                HAL_IncTick
 .text.HAL_GetTick
                0x08000efc        0xc build/stm32f1xx_hal.o
                0x08000efc                HAL_GetTick
 .text.HAL_Delay
                0x08000f08       0x28 build/stm32f1xx_hal.o
                0x08000f08                HAL_Delay
 .text.RCC_Delay
                0x08000f30       0x2c build/stm32f1xx_hal_rcc.o
 .text.HAL_RCC_OscConfig
                0x08000f5c      0x410 build/stm32f1xx_hal_rcc.o
                0x08000f5c                HAL_RCC_OscConfig
 .text.HAL_RCC_GetSysClockFreq
                0x0800136c       0x60 build/stm32f1xx_hal_rcc.o
                0x0800136c                HAL_RCC_GetSysClockFreq
 .text.HAL_RCC_ClockConfig
                0x080013cc      0x16c build/stm32f1xx_hal_rcc.o
                0x080013cc                HAL_RCC_ClockConfig
 .text.HAL_RCC_GetHCLKFreq
                0x08001538        0xc build/stm32f1xx_hal_rcc.o
                0x08001538                HAL_RCC_GetHCLKFreq
 .text.HAL_RCC_GetPCLK1Freq
                0x08001544       0x20 build/stm32f1xx_hal_rcc.o
                0x08001544                HAL_RCC_GetPCLK1Freq
 .text.HAL_RCC_GetPCLK2Freq
                0x08001564       0x20 build/stm32f1xx_hal_rcc.o
                0x08001564                HAL_RCC_GetPCLK2Freq
 .text.HAL_RCCEx_PeriphCLKConfig
                0x08001584      0x118 build/stm32f1xx_hal_rcc_ex.o
                0x08001584                HAL_RCCEx_PeriphCLKConfig
 .text.HAL_GPIO_Init
                0x0800169c      0x21c build/stm32f1xx_hal_gpio.o
                0x0800169c                HAL_GPIO_Init
 .text.HAL_GPIO_WritePin
                0x080018b8        0xc build/stm32f1xx_hal_gpio.o
                0x080018b8                HAL_GPIO_WritePin
 .text.HAL_GPIO_TogglePin
                0x080018c4       0x12 build/stm32f1xx_hal_gpio.o
                0x080018c4                HAL_GPIO_TogglePin
 *fill*         0x080018d6        0x2 
 .text.__NVIC_SetPriority
                0x080018d8       0x28 build/stm32f1xx_hal_cortex.o
 .text.NVIC_EncodePriority
                0x08001900       0x3e build/stm32f1xx_hal_cortex.o
 *fill*         0x0800193e        0x2 
 .text.HAL_NVIC_SetPriorityGrouping
                0x08001940       0x24 build/stm32f1xx_hal_cortex.o
                0x08001940                HAL_NVIC_SetPriorityGrouping
 .text.HAL_NVIC_SetPriority
                0x08001964       0x20 build/stm32f1xx_hal_cortex.o
                0x08001964                HAL_NVIC_SetPriority
 .text.HAL_NVIC_EnableIRQ
                0x08001984       0x1c build/stm32f1xx_hal_cortex.o
                0x08001984                HAL_NVIC_EnableIRQ
 .text.HAL_SYSTICK_Config
                0x080019a0       0x28 build/stm32f1xx_hal_cortex.o
                0x080019a0                HAL_SYSTICK_Config
 .text.HAL_I2C_Init
                0x080019c8      0x1bc build/stm32f1xx_hal_i2c.o
                0x080019c8                HAL_I2C_Init
 .text.UART_EndRxTransfer
                0x08001b84       0x5c build/stm32f1xx_hal_uart.o
 .text.UART_SetConfig
                0x08001be0       0x94 build/stm32f1xx_hal_uart.o
 .text.UART_WaitOnFlagUntilTimeout
                0x08001c74       0x86 build/stm32f1xx_hal_uart.o
 .text.HAL_UART_Init
                0x08001cfa       0x60 build/stm32f1xx_hal_uart.o
                0x08001cfa                HAL_UART_Init
 .text.HAL_UART_Transmit
                0x08001d5a       0xcc build/stm32f1xx_hal_uart.o
                0x08001d5a                HAL_UART_Transmit
 .text.SystemInit
                0x08001e26        0x2 build/system_stm32f1xx.o
                0x08001e26                SystemInit
 .text._sbrk    0x08001e28       0x48 build/sysmem.o
                0x08001e28                _sbrk
 .text._read    0x08001e70       0x20 build/syscalls.o
                0x08001e70                _read
 .text._write   0x08001e90       0x1c build/syscalls.o
                0x08001e90                _write
 .text._close   0x08001eac        0x6 build/syscalls.o
                0x08001eac                _close
 .text._fstat   0x08001eb2        0xa build/syscalls.o
                0x08001eb2                _fstat
 .text._isatty  0x08001ebc        0x4 build/syscalls.o
                0x08001ebc                _isatty
 .text._lseek   0x08001ec0        0x4 build/syscalls.o
                0x08001ec0                _lseek
 .text.MX_USB_PCD_Init
                0x08001ec4       0x30 build/usb.o
                0x08001ec4                MX_USB_PCD_Init
 .text.HAL_PCD_MspInit
                0x08001ef4       0x40 build/usb.o
                0x08001ef4                HAL_PCD_MspInit
 .text.HAL_PCD_EP_DB_Receive
                0x08001f34      0x11c build/stm32f1xx_hal_pcd.o
 .text.HAL_PCD_Init
                0x08002050       0xe8 build/stm32f1xx_hal_pcd.o
                0x08002050                HAL_PCD_Init
 .text.HAL_PCD_DataOutStageCallback
                0x08002138        0x2 build/stm32f1xx_hal_pcd.o
                0x08002138                HAL_PCD_DataOutStageCallback
 .text.HAL_PCD_DataInStageCallback
                0x0800213a        0x2 build/stm32f1xx_hal_pcd.o
                0x0800213a                HAL_PCD_DataInStageCallback
 .text.HAL_PCD_EP_DB_Transmit
                0x0800213c      0x424 build/stm32f1xx_hal_pcd.o
 .text.HAL_PCD_SetupStageCallback
                0x08002560        0x2 build/stm32f1xx_hal_pcd.o
                0x08002560                HAL_PCD_SetupStageCallback
 .text.PCD_EP_ISR_Handler
                0x08002562      0x554 build/stm32f1xx_hal_pcd.o
 .text.HAL_PCD_SOFCallback
                0x08002ab6        0x2 build/stm32f1xx_hal_pcd.o
                0x08002ab6                HAL_PCD_SOFCallback
 .text.HAL_PCD_ResetCallback
                0x08002ab8        0x2 build/stm32f1xx_hal_pcd.o
                0x08002ab8                HAL_PCD_ResetCallback
 .text.HAL_PCD_SuspendCallback
                0x08002aba        0x2 build/stm32f1xx_hal_pcd.o
                0x08002aba                HAL_PCD_SuspendCallback
 .text.HAL_PCD_ResumeCallback
                0x08002abc        0x2 build/stm32f1xx_hal_pcd.o
                0x08002abc                HAL_PCD_ResumeCallback
 .text.HAL_PCD_SetAddress
                0x08002abe       0x26 build/stm32f1xx_hal_pcd.o
                0x08002abe                HAL_PCD_SetAddress
 .text.HAL_PCD_IRQHandler
                0x08002ae4      0x1b0 build/stm32f1xx_hal_pcd.o
                0x08002ae4                HAL_PCD_IRQHandler
 .text.USB_CoreInit
                0x08002c94        0xe build/stm32f1xx_ll_usb.o
                0x08002c94                USB_CoreInit
 .text.USB_DisableGlobalInt
                0x08002ca2       0x14 build/stm32f1xx_ll_usb.o
                0x08002ca2                USB_DisableGlobalInt
 .text.USB_SetCurrentMode
                0x08002cb6        0x4 build/stm32f1xx_ll_usb.o
                0x08002cb6                USB_SetCurrentMode
 .text.USB_DevInit
                0x08002cba       0x22 build/stm32f1xx_ll_usb.o
                0x08002cba                USB_DevInit
 .text.USB_SetDevAddress
                0x08002cdc        0xc build/stm32f1xx_ll_usb.o
                0x08002cdc                USB_SetDevAddress
 .text.USB_DevDisconnect
                0x08002ce8        0x4 build/stm32f1xx_ll_usb.o
                0x08002ce8                USB_DevDisconnect
 .text.USB_ReadInterrupts
                0x08002cec        0x8 build/stm32f1xx_ll_usb.o
                0x08002cec                USB_ReadInterrupts
 .text.USB_WritePMA
                0x08002cf4       0x26 build/stm32f1xx_ll_usb.o
                0x08002cf4                USB_WritePMA
 .text.USB_EPStartXfer
                0x08002d1a      0x7ce build/stm32f1xx_ll_usb.o
                0x08002d1a                USB_EPStartXfer
 .text.USB_ReadPMA
                0x080034e8       0x30 build/stm32f1xx_ll_usb.o
                0x080034e8                USB_ReadPMA
 .text.Reset_Handler
                0x08003518       0x48 build/startup_stm32f103xb.o
                0x08003518                Reset_Handler
 .text.Default_Handler
                0x08003560        0x2 build/startup_stm32f103xb.o
                0x08003560                USBWakeUp_IRQHandler
                0x08003560                EXTI2_IRQHandler
                0x08003560                TIM1_CC_IRQHandler
                0x08003560                PVD_IRQHandler
                0x08003560                EXTI3_IRQHandler
                0x08003560                EXTI0_IRQHandler
                0x08003560                I2C2_EV_IRQHandler
                0x08003560                ADC1_2_IRQHandler
                0x08003560                SPI1_IRQHandler
                0x08003560                TAMPER_IRQHandler
                0x08003560                DMA1_Channel4_IRQHandler
                0x08003560                USART3_IRQHandler
                0x08003560                RTC_IRQHandler
                0x08003560                DMA1_Channel7_IRQHandler
                0x08003560                CAN1_RX1_IRQHandler
                0x08003560                TIM4_IRQHandler
                0x08003560                I2C1_EV_IRQHandler
                0x08003560                DMA1_Channel6_IRQHandler
                0x08003560                TIM3_IRQHandler
                0x08003560                RCC_IRQHandler
                0x08003560                TIM1_TRG_COM_IRQHandler
                0x08003560                DMA1_Channel1_IRQHandler
                0x08003560                Default_Handler
                0x08003560                EXTI15_10_IRQHandler
                0x08003560                EXTI9_5_IRQHandler
                0x08003560                SPI2_IRQHandler
                0x08003560                DMA1_Channel5_IRQHandler
                0x08003560                EXTI4_IRQHandler
                0x08003560                USB_HP_CAN1_TX_IRQHandler
                0x08003560                DMA1_Channel3_IRQHandler
                0x08003560                TIM1_UP_IRQHandler
                0x08003560                WWDG_IRQHandler
                0x08003560                TIM2_IRQHandler
                0x08003560                TIM1_BRK_IRQHandler
                0x08003560                EXTI1_IRQHandler
                0x08003560                USART2_IRQHandler
                0x08003560                I2C2_ER_IRQHandler
                0x08003560                DMA1_Channel2_IRQHandler
                0x08003560                CAN1_SCE_IRQHandler
                0x08003560                FLASH_IRQHandler
                0x08003560                USART1_IRQHandler
                0x08003560                I2C1_ER_IRQHandler
                0x08003560                RTC_Alarm_IRQHandler
 *fill*         0x08003562        0x2 
 .text.std      0x08003564       0x6c /Applications/ArmGNUToolchain/13.3.rel1/arm-none-eabi/bin/../lib/gcc/arm-none-eabi/13.3.1/../../../../arm-none-eabi/lib/thumb/v7-m/nofp/libc_nano.a(libc_a-findfp.o)
 .text.stdio_exit_handler
                0x080035d0       0x18 /Applications/ArmGNUToolchain/13.3.rel1/arm-none-eabi/bin/../lib/gcc/arm-none-eabi/13.3.1/../../../../arm-none-eabi/lib/thumb/v7-m/nofp/libc_nano.a(libc_a-findfp.o)
 .text.cleanup_stdio
                0x080035e8       0x40 /Applications/ArmGNUToolchain/13.3.rel1/arm-none-eabi/bin/../lib/gcc/arm-none-eabi/13.3.1/../../../../arm-none-eabi/lib/thumb/v7-m/nofp/libc_nano.a(libc_a-findfp.o)
 .text.global_stdio_init.part.0
                0x08003628       0x3c /Applications/ArmGNUToolchain/13.3.rel1/arm-none-eabi/bin/../lib/gcc/arm-none-eabi/13.3.1/../../../../arm-none-eabi/lib/thumb/v7-m/nofp/libc_nano.a(libc_a-findfp.o)
 .text.__sfp_lock_acquire
                0x08003664        0xc /Applications/ArmGNUToolchain/13.3.rel1/arm-none-eabi/bin/../lib/gcc/arm-none-eabi/13.3.1/../../../../arm-none-eabi/lib/thumb/v7-m/nofp/libc_nano.a(libc_a-findfp.o)
                0x08003664                __sfp_lock_acquire
 .text.__sfp_lock_release
                0x08003670        0xc /Applications/ArmGNUToolchain/13.3.rel1/arm-none-eabi/bin/../lib/gcc/arm-none-eabi/13.3.1/../../../../arm-none-eabi/lib/thumb/v7-m/nofp/libc_nano.a(libc_a-findfp.o)
                0x08003670                __sfp_lock_release
 .text.__sinit  0x0800367c       0x30 /Applications/ArmGNUToolchain/13.3.rel1/arm-none-eabi/bin/../lib/gcc/arm-none-eabi/13.3.1/../../../../arm-none-eabi/lib/thumb/v7-m/nofp/libc_nano.a(libc_a-findfp.o)
                0x0800367c                __sinit
 .text._fwalk_sglue
                0x080036ac       0x3c /Applications/ArmGNUToolchain/13.3.rel1/arm-none-eabi/bin/../lib/gcc/arm-none-eabi/13.3.1/../../../../arm-none-eabi/lib/thumb/v7-m/nofp/libc_nano.a(libc_a-fwalk.o)
                0x080036ac                _fwalk_sglue
 .text.printf   0x080036e8       0x24 /Applications/ArmGNUToolchain/13.3.rel1/arm-none-eabi/bin/../lib/gcc/arm-none-eabi/13.3.1/../../../../arm-none-eabi/lib/thumb/v7-m/nofp/libc_nano.a(libc_a-printf.o)
                0x080036e8                printf
                0x080036e8                iprintf
 .text._puts_r  0x0800370c       0xaa /Applications/ArmGNUToolchain/13.3.rel1/arm-none-eabi/bin/../lib/gcc/arm-none-eabi/13.3.1/../../../../arm-none-eabi/lib/thumb/v7-m/nofp/libc_nano.a(libc_a-puts.o)
                0x0800370c                _puts_r
 *fill*         0x080037b6        0x2 
 .text.puts     0x080037b8       0x10 /Applications/ArmGNUToolchain/13.3.rel1/arm-none-eabi/bin/../lib/gcc/arm-none-eabi/13.3.1/../../../../arm-none-eabi/lib/thumb/v7-m/nofp/libc_nano.a(libc_a-puts.o)
                0x080037b8                puts
 .text.memset   0x080037c8       0x10 /Applications/ArmGNUToolchain/13.3.rel1/arm-none-eabi/bin/../lib/gcc/arm-none-eabi/13.3.1/../../../../arm-none-eabi/lib/thumb/v7-m/nofp/libc_nano.a(libc_a-memset.o)
                0x080037c8                memset
 .text.__errno  0x080037d8        0xc /Applications/ArmGNUToolchain/13.3.rel1/arm-none-eabi/bin/../lib/gcc/arm-none-eabi/13.3.1/../../../../arm-none-eabi/lib/thumb/v7-m/nofp/libc_nano.a(libc_a-errno.o)
                0x080037d8                __errno
 .text.__libc_init_array
                0x080037e4       0x48 /Applications/ArmGNUToolchain/13.3.rel1/arm-none-eabi/bin/../lib/gcc/arm-none-eabi/13.3.1/../../../../arm-none-eabi/lib/thumb/v7-m/nofp/libc_nano.a(libc_a-init.o)
                0x080037e4                __libc_init_array
 .text.__retarget_lock_init_recursive
                0x0800382c        0x2 /Applications/ArmGNUToolchain/13.3.rel1/arm-none-eabi/bin/../lib/gcc/arm-none-eabi/13.3.1/../../../../arm-none-eabi/lib/thumb/v7-m/nofp/libc_nano.a(libc_a-lock.o)
                0x0800382c                __retarget_lock_init_recursive
 .text.__retarget_lock_acquire_recursive
                0x0800382e        0x2 /Applications/ArmGNUToolchain/13.3.rel1/arm-none-eabi/bin/../lib/gcc/arm-none-eabi/13.3.1/../../../../arm-none-eabi/lib/thumb/v7-m/nofp/libc_nano.a(libc_a-lock.o)
                0x0800382e                __retarget_lock_acquire_recursive
 .text.__retarget_lock_release_recursive
                0x08003830        0x2 /Applications/ArmGNUToolchain/13.3.rel1/arm-none-eabi/bin/../lib/gcc/arm-none-eabi/13.3.1/../../../../arm-none-eabi/lib/thumb/v7-m/nofp/libc_nano.a(libc_a-lock.o)
                0x08003830                __retarget_lock_release_recursive
 .text.__sfputc_r
                0x08003832       0x2a /Applications/ArmGNUToolchain/13.3.rel1/arm-none-eabi/bin/../lib/gcc/arm-none-eabi/13.3.1/../../../../arm-none-eabi/lib/thumb/v7-m/nofp/libc_nano.a(libc_a-nano-vfprintf.o)
 .text.__sfputs_r
                0x0800385c       0x24 /Applications/ArmGNUToolchain/13.3.rel1/arm-none-eabi/bin/../lib/gcc/arm-none-eabi/13.3.1/../../../../arm-none-eabi/lib/thumb/v7-m/nofp/libc_nano.a(libc_a-nano-vfprintf.o)
                0x0800385c                __sfputs_r
 .text._vfprintf_r
                0x08003880      0x230 /Applications/ArmGNUToolchain/13.3.rel1/arm-none-eabi/bin/../lib/gcc/arm-none-eabi/13.3.1/../../../../arm-none-eabi/lib/thumb/v7-m/nofp/libc_nano.a(libc_a-nano-vfprintf.o)
                0x08003880                _vfiprintf_r
                0x08003880                _vfprintf_r
 .text.sbrk_aligned
                0x08003ab0       0x44 /Applications/ArmGNUToolchain/13.3.rel1/arm-none-eabi/bin/../lib/gcc/arm-none-eabi/13.3.1/../../../../arm-none-eabi/lib/thumb/v7-m/nofp/libc_nano.a(libc_a-mallocr.o)
 .text._malloc_r
                0x08003af4      0x100 /Applications/ArmGNUToolchain/13.3.rel1/arm-none-eabi/bin/../lib/gcc/arm-none-eabi/13.3.1/../../../../arm-none-eabi/lib/thumb/v7-m/nofp/libc_nano.a(libc_a-mallocr.o)
                0x08003af4                _malloc_r
 .text._printf_common
                0x08003bf4       0xe4 /Applications/ArmGNUToolchain/13.3.rel1/arm-none-eabi/bin/../lib/gcc/arm-none-eabi/13.3.1/../../../../arm-none-eabi/lib/thumb/v7-m/nofp/libc_nano.a(libc_a-nano-vfprintf_i.o)
                0x08003bf4                _printf_common
 .text._printf_i
                0x08003cd8      0x23c /Applications/ArmGNUToolchain/13.3.rel1/arm-none-eabi/bin/../lib/gcc/arm-none-eabi/13.3.1/../../../../arm-none-eabi/lib/thumb/v7-m/nofp/libc_nano.a(libc_a-nano-vfprintf_i.o)
                0x08003cd8                _printf_i
 .text.__sflush_r
                0x08003f14      0x100 /Applications/ArmGNUToolchain/13.3.rel1/arm-none-eabi/bin/../lib/gcc/arm-none-eabi/13.3.1/../../../../arm-none-eabi/lib/thumb/v7-m/nofp/libc_nano.a(libc_a-fflush.o)
                0x08003f14                __sflush_r
 .text._fflush_r
                0x08004014       0x50 /Applications/ArmGNUToolchain/13.3.rel1/arm-none-eabi/bin/../lib/gcc/arm-none-eabi/13.3.1/../../../../arm-none-eabi/lib/thumb/v7-m/nofp/libc_nano.a(libc_a-fflush.o)
                0x08004014                _fflush_r
 .text.__malloc_lock
                0x08004064        0xc /Applications/ArmGNUToolchain/13.3.rel1/arm-none-eabi/bin/../lib/gcc/arm-none-eabi/13.3.1/../../../../arm-none-eabi/lib/thumb/v7-m/nofp/libc_nano.a(libc_a-mlock.o)
                0x08004064                __malloc_lock
 .text.__malloc_unlock
                0x08004070        0xc /Applications/ArmGNUToolchain/13.3.rel1/arm-none-eabi/bin/../lib/gcc/arm-none-eabi/13.3.1/../../../../arm-none-eabi/lib/thumb/v7-m/nofp/libc_nano.a(libc_a-mlock.o)
                0x08004070                __malloc_unlock
 .text.__sread  0x0800407c       0x22 /Applications/ArmGNUToolchain/13.3.rel1/arm-none-eabi/bin/../lib/gcc/arm-none-eabi/13.3.1/../../../../arm-none-eabi/lib/thumb/v7-m/nofp/libc_nano.a(libc_a-stdio.o)
                0x0800407c                __sread
 .text.__swrite
                0x0800409e       0x38 /Applications/ArmGNUToolchain/13.3.rel1/arm-none-eabi/bin/../lib/gcc/arm-none-eabi/13.3.1/../../../../arm-none-eabi/lib/thumb/v7-m/nofp/libc_nano.a(libc_a-stdio.o)
                0x0800409e                __swrite
 .text.__sseek  0x080040d6       0x24 /Applications/ArmGNUToolchain/13.3.rel1/arm-none-eabi/bin/../lib/gcc/arm-none-eabi/13.3.1/../../../../arm-none-eabi/lib/thumb/v7-m/nofp/libc_nano.a(libc_a-stdio.o)
                0x080040d6                __sseek
 .text.__sclose
                0x080040fa        0x8 /Applications/ArmGNUToolchain/13.3.rel1/arm-none-eabi/bin/../lib/gcc/arm-none-eabi/13.3.1/../../../../arm-none-eabi/lib/thumb/v7-m/nofp/libc_nano.a(libc_a-stdio.o)
                0x080040fa                __sclose
 .text.__swbuf_r
                0x08004102       0x7c /Applications/ArmGNUToolchain/13.3.rel1/arm-none-eabi/bin/../lib/gcc/arm-none-eabi/13.3.1/../../../../arm-none-eabi/lib/thumb/v7-m/nofp/libc_nano.a(libc_a-wbuf.o)
                0x08004102                __swbuf_r
 *fill*         0x0800417e        0x2 
 .text.__swsetup_r
                0x08004180       0xac /Applications/ArmGNUToolchain/13.3.rel1/arm-none-eabi/bin/../lib/gcc/arm-none-eabi/13.3.1/../../../../arm-none-eabi/lib/thumb/v7-m/nofp/libc_nano.a(libc_a-wsetup.o)
                0x08004180                __swsetup_r
 .text.__swhatbuf_r
                0x0800422c       0x4a /Applications/ArmGNUToolchain/13.3.rel1/arm-none-eabi/bin/../lib/gcc/arm-none-eabi/13.3.1/../../../../arm-none-eabi/lib/thumb/v7-m/nofp/libc_nano.a(libc_a-makebuf.o)
                0x0800422c                __swhatbuf_r
 .text.__smakebuf_r
                0x08004276       0x78 /Applications/ArmGNUToolchain/13.3.rel1/arm-none-eabi/bin/../lib/gcc/arm-none-eabi/13.3.1/../../../../arm-none-eabi/lib/thumb/v7-m/nofp/libc_nano.a(libc_a-makebuf.o)
                0x08004276                __smakebuf_r
 *fill*         0x080042ee        0x2 
 .text._isatty_r
                0x080042f0       0x20 /Applications/ArmGNUToolchain/13.3.rel1/arm-none-eabi/bin/../lib/gcc/arm-none-eabi/13.3.1/../../../../arm-none-eabi/lib/thumb/v7-m/nofp/libc_nano.a(libc_a-isattyr.o)
                0x080042f0                _isatty_r
 .text._lseek_r
                0x08004310       0x24 /Applications/ArmGNUToolchain/13.3.rel1/arm-none-eabi/bin/../lib/gcc/arm-none-eabi/13.3.1/../../../../arm-none-eabi/lib/thumb/v7-m/nofp/libc_nano.a(libc_a-lseekr.o)
                0x08004310                _lseek_r
 .text._read_r  0x08004334       0x24 /Applications/ArmGNUToolchain/13.3.rel1/arm-none-eabi/bin/../lib/gcc/arm-none-eabi/13.3.1/../../../../arm-none-eabi/lib/thumb/v7-m/nofp/libc_nano.a(libc_a-readr.o)
                0x08004334                _read_r
 .text._sbrk_r  0x08004358       0x20 /Applications/ArmGNUToolchain/13.3.rel1/arm-none-eabi/bin/../lib/gcc/arm-none-eabi/13.3.1/../../../../arm-none-eabi/lib/thumb/v7-m/nofp/libc_nano.a(libc_a-sbrkr.o)
                0x08004358                _sbrk_r
 .text._write_r
                0x08004378       0x24 /Applications/ArmGNUToolchain/13.3.rel1/arm-none-eabi/bin/../lib/gcc/arm-none-eabi/13.3.1/../../../../arm-none-eabi/lib/thumb/v7-m/nofp/libc_nano.a(libc_a-writer.o)
                0x08004378                _write_r
 .text._close_r
                0x0800439c       0x20 /Applications/ArmGNUToolchain/13.3.rel1/arm-none-eabi/bin/../lib/gcc/arm-none-eabi/13.3.1/../../../../arm-none-eabi/lib/thumb/v7-m/nofp/libc_nano.a(libc_a-closer.o)
                0x0800439c                _close_r
 .text._fstat_r
                0x080043bc       0x24 /Applications/ArmGNUToolchain/13.3.rel1/arm-none-eabi/bin/../lib/gcc/arm-none-eabi/13.3.1/../../../../arm-none-eabi/lib/thumb/v7-m/nofp/libc_nano.a(libc_a-fstatr.o)
                0x080043bc                _fstat_r
 .text.memchr   0x080043e0       0x1c /Applications/ArmGNUToolchain/13.3.rel1/arm-none-eabi/bin/../lib/gcc/arm-none-eabi/13.3.1/../../../../arm-none-eabi/lib/thumb/v7-m/nofp/libc_nano.a(libc_a-memchr-stub.o)
                0x080043e0                memchr
 .text._free_r  0x080043fc       0x90 /Applications/ArmGNUToolchain/13.3.rel1/arm-none-eabi/bin/../lib/gcc/arm-none-eabi/13.3.1/../../../../arm-none-eabi/lib/thumb/v7-m/nofp/libc_nano.a(libc_a-freer.o)
                0x080043fc                _free_r
 *(.glue_7)
 .glue_7        0x0800448c        0x0 linker stubs
 *(.glue_7t)
 .glue_7t       0x0800448c        0x0 linker stubs
 *(.eh_frame)
 .eh_frame      0x0800448c        0x0 /Applications/ArmGNUToolchain/13.3.rel1/arm-none-eabi/bin/../lib/gcc/arm-none-eabi/13.3.1/thumb/v7-m/nofp/crtbegin.o
 *(.init)
 .init          0x0800448c        0x4 /Applications/ArmGNUToolchain/13.3.rel1/arm-none-eabi/bin/../lib/gcc/arm-none-eabi/13.3.1/thumb/v7-m/nofp/crti.o
                0x0800448c                _init
 .init          0x08004490        0x8 /Applications/ArmGNUToolchain/13.3.rel1/arm-none-eabi/bin/../lib/gcc/arm-none-eabi/13.3.1/thumb/v7-m/nofp/crtn.o
 *(.fini)
 .fini          0x08004498        0x4 /Applications/ArmGNUToolchain/13.3.rel1/arm-none-eabi/bin/../lib/gcc/arm-none-eabi/13.3.1/thumb/v7-m/nofp/crti.o
                0x08004498                _fini
 .fini          0x0800449c        0x8 /Applications/ArmGNUToolchain/13.3.rel1/arm-none-eabi/bin/../lib/gcc/arm-none-eabi/13.3.1/thumb/v7-m/nofp/crtn.o
                0x080044a4                        . = ALIGN (0x4)
                0x080044a4                        _etext = .

.vfp11_veneer   0x080044a4        0x0
 .vfp11_veneer  0x080044a4        0x0 linker stubs

.v4_bx          0x080044a4        0x0
 .v4_bx         0x080044a4        0x0 linker stubs

.iplt           0x080044a4        0x0
 .iplt          0x080044a4        0x0 /Applications/ArmGNUToolchain/13.3.rel1/arm-none-eabi/bin/../lib/gcc/arm-none-eabi/13.3.1/thumb/v7-m/nofp/crtbegin.o

.rodata         0x080044a4       0xf8
                0x080044a4                        . = ALIGN (0x4)
 *(.rodata)
 *(.rodata*)
 .rodata.printRPM.str1.4
                0x080044a4       0x96 build/main.o
                                  0x8 (size before relaxing)
 .rodata.HAL_CAN_RxFifo0MsgPendingCallback.str1.4
                0x0800453a       0x8e build/main.o
 *fill*         0x0800453a        0x2 
 .rodata.aPredivFactorTable.0
                0x0800453c        0x2 build/stm32f1xx_hal_rcc.o
 *fill*         0x0800453e        0x2 
 .rodata.aPLLMULFactorTable.1
                0x08004540       0x10 build/stm32f1xx_hal_rcc.o
 .rodata.APBPrescTable
                0x08004550        0x8 build/system_stm32f1xx.o
                0x08004550                APBPrescTable
 .rodata.AHBPrescTable
                0x08004558       0x10 build/system_stm32f1xx.o
                0x08004558                AHBPrescTable
 .rodata._vfprintf_r.str1.1
                0x08004568       0x33 /Applications/ArmGNUToolchain/13.3.rel1/arm-none-eabi/bin/../lib/gcc/arm-none-eabi/13.3.1/../../../../arm-none-eabi/lib/thumb/v7-m/nofp/libc_nano.a(libc_a-nano-vfprintf.o)
                                 0x11 (size before relaxing)
 .rodata._printf_i.str1.1
                0x0800459b       0x22 /Applications/ArmGNUToolchain/13.3.rel1/arm-none-eabi/bin/../lib/gcc/arm-none-eabi/13.3.1/../../../../arm-none-eabi/lib/thumb/v7-m/nofp/libc_nano.a(libc_a-nano-vfprintf_i.o)
                0x080045c0                        . = ALIGN (0x4)
 *fill*         0x0800459b        0x1 

.rel.dyn        0x0800459c        0x0
 .rel.iplt      0x0800459c        0x0 /Applications/ArmGNUToolchain/13.3.rel1/arm-none-eabi/bin/../lib/gcc/arm-none-eabi/13.3.1/thumb/v7-m/nofp/crtbegin.o

.ARM.extab
 *(.ARM.extab* .gnu.linkonce.armextab.*)

.ARM            0x0800459c        0x0
                0x0800459c                        __exidx_start = .
 *(.ARM.exidx*)
                0x0800459c                        __exidx_end = .

.preinit_array  0x0800459c        0x0
                0x0800459c                        PROVIDE (__preinit_array_start = .)
 *(.preinit_array*)
                0x0800459c                        PROVIDE (__preinit_array_end = .)

.init_array     0x0800459c        0x4
                0x0800459c                        PROVIDE (__init_array_start = .)
 *(SORT_BY_NAME(.init_array.*))
 *(.init_array*)
 .init_array    0x0800459c        0x4 /Applications/ArmGNUToolchain/13.3.rel1/arm-none-eabi/bin/../lib/gcc/arm-none-eabi/13.3.1/thumb/v7-m/nofp/crtbegin.o
                0x080045a0                        PROVIDE (__init_array_end = .)

.fini_array     0x080045a0        0x4
                [!provide]                        PROVIDE (__fini_array_start = .)
 *(SORT_BY_NAME(.fini_array.*))
 *(.fini_array*)
 .fini_array    0x080045a0        0x4 /Applications/ArmGNUToolchain/13.3.rel1/arm-none-eabi/bin/../lib/gcc/arm-none-eabi/13.3.1/thumb/v7-m/nofp/crtbegin.o
                [!provide]                        PROVIDE (__fini_array_end = .)
                0x080045a4                        _sidata = LOADADDR (.data)

.data           0x20000000       0x68 load address 0x080045a4
                0x20000000                        . = ALIGN (0x4)
                0x20000000                        _sdata = .
 *(.data)
 *(.data*)
 .data.uwTickFreq
                0x20000000        0x1 build/stm32f1xx_hal.o
                0x20000000                uwTickFreq
 *fill*         0x20000001        0x3 
 .data.uwTickPrio
                0x20000004        0x4 build/stm32f1xx_hal.o
                0x20000004                uwTickPrio
 .data.SystemCoreClock
                0x20000008        0x4 build/system_stm32f1xx.o
                0x20000008                SystemCoreClock
 .data.__sglue  0x2000000c        0xc /Applications/ArmGNUToolchain/13.3.rel1/arm-none-eabi/bin/../lib/gcc/arm-none-eabi/13.3.1/../../../../arm-none-eabi/lib/thumb/v7-m/nofp/libc_nano.a(libc_a-findfp.o)
                0x2000000c                __sglue
 .data._impure_ptr
                0x20000018        0x4 /Applications/ArmGNUToolchain/13.3.rel1/arm-none-eabi/bin/../lib/gcc/arm-none-eabi/13.3.1/../../../../arm-none-eabi/lib/thumb/v7-m/nofp/libc_nano.a(libc_a-impure.o)
                0x20000018                _impure_ptr
 .data._impure_data
                0x2000001c       0x4c /Applications/ArmGNUToolchain/13.3.rel1/arm-none-eabi/bin/../lib/gcc/arm-none-eabi/13.3.1/../../../../arm-none-eabi/lib/thumb/v7-m/nofp/libc_nano.a(libc_a-impure.o)
                0x2000001c                _impure_data
                0x20000068                        . = ALIGN (0x4)
                0x20000068                        _edata = .

.tm_clone_table
                0x20000068        0x0 load address 0x0800460c
 .tm_clone_table
                0x20000068        0x0 /Applications/ArmGNUToolchain/13.3.rel1/arm-none-eabi/bin/../lib/gcc/arm-none-eabi/13.3.1/thumb/v7-m/nofp/crtbegin.o
 .tm_clone_table
                0x20000068        0x0 /Applications/ArmGNUToolchain/13.3.rel1/arm-none-eabi/bin/../lib/gcc/arm-none-eabi/13.3.1/thumb/v7-m/nofp/crtend.o

.igot.plt       0x20000068        0x0 load address 0x0800460c
 .igot.plt      0x20000068        0x0 /Applications/ArmGNUToolchain/13.3.rel1/arm-none-eabi/bin/../lib/gcc/arm-none-eabi/13.3.1/thumb/v7-m/nofp/crtbegin.o
                0x20000068                        . = ALIGN (0x4)

.bss            0x20000068      0x57c load address 0x0800460c
                0x20000068                        _sbss = .
                0x20000068                        __bss_start__ = _sbss
 *(.bss)
 *(.bss*)
 .bss.completed.1
                0x20000068        0x1 /Applications/ArmGNUToolchain/13.3.rel1/arm-none-eabi/bin/../lib/gcc/arm-none-eabi/13.3.1/thumb/v7-m/nofp/crtbegin.o
 *fill*         0x20000069        0x3 
 .bss.object.0  0x2000006c       0x18 /Applications/ArmGNUToolchain/13.3.rel1/arm-none-eabi/bin/../lib/gcc/arm-none-eabi/13.3.1/thumb/v7-m/nofp/crtbegin.o
 .bss.canRX     0x20000084        0x8 build/main.o
                0x20000084                canRX
 .bss.canfil    0x2000008c       0x28 build/main.o
                0x2000008c                canfil
 .bss.TxMailbox
                0x200000b4        0x4 build/main.o
                0x200000b4                TxMailbox
 .bss.TxData    0x200000b8        0x8 build/main.o
                0x200000b8                TxData
 .bss.RxHeader  0x200000c0       0x1c build/main.o
                0x200000c0                RxHeader
 .bss.TxHeader  0x200000dc       0x18 build/main.o
                0x200000dc                TxHeader
 .bss.hcan      0x200000f4       0x28 build/can.o
                0x200000f4                hcan
 .bss.hi2c1     0x2000011c       0x54 build/i2c.o
                0x2000011c                hi2c1
 .bss.huart1    0x20000170       0x48 build/usart.o
                0x20000170                huart1
 .bss.uwTick    0x200001b8        0x4 build/stm32f1xx_hal.o
                0x200001b8                uwTick
 .bss.__sbrk_heap_end
                0x200001bc        0x4 build/sysmem.o
 .bss.hpcd_USB_FS
                0x200001c0      0x2d8 build/usb.o
                0x200001c0                hpcd_USB_FS
 .bss.__sf      0x20000498      0x138 /Applications/ArmGNUToolchain/13.3.rel1/arm-none-eabi/bin/../lib/gcc/arm-none-eabi/13.3.1/../../../../arm-none-eabi/lib/thumb/v7-m/nofp/libc_nano.a(libc_a-findfp.o)
                0x20000498                __sf
 .bss.__stdio_exit_handler
                0x200005d0        0x4 /Applications/ArmGNUToolchain/13.3.rel1/arm-none-eabi/bin/../lib/gcc/arm-none-eabi/13.3.1/../../../../arm-none-eabi/lib/thumb/v7-m/nofp/libc_nano.a(libc_a-findfp.o)
                0x200005d0                __stdio_exit_handler
 .bss.__lock___malloc_recursive_mutex
                0x200005d4        0x1 /Applications/ArmGNUToolchain/13.3.rel1/arm-none-eabi/bin/../lib/gcc/arm-none-eabi/13.3.1/../../../../arm-none-eabi/lib/thumb/v7-m/nofp/libc_nano.a(libc_a-lock.o)
                0x200005d4                __lock___malloc_recursive_mutex
 .bss.__lock___sfp_recursive_mutex
                0x200005d5        0x1 /Applications/ArmGNUToolchain/13.3.rel1/arm-none-eabi/bin/../lib/gcc/arm-none-eabi/13.3.1/../../../../arm-none-eabi/lib/thumb/v7-m/nofp/libc_nano.a(libc_a-lock.o)
                0x200005d5                __lock___sfp_recursive_mutex
 *fill*         0x200005d6        0x2 
 .bss.__malloc_sbrk_start
                0x200005d8        0x4 /Applications/ArmGNUToolchain/13.3.rel1/arm-none-eabi/bin/../lib/gcc/arm-none-eabi/13.3.1/../../../../arm-none-eabi/lib/thumb/v7-m/nofp/libc_nano.a(libc_a-mallocr.o)
                0x200005d8                __malloc_sbrk_start
 .bss.__malloc_free_list
                0x200005dc        0x4 /Applications/ArmGNUToolchain/13.3.rel1/arm-none-eabi/bin/../lib/gcc/arm-none-eabi/13.3.1/../../../../arm-none-eabi/lib/thumb/v7-m/nofp/libc_nano.a(libc_a-mallocr.o)
                0x200005dc                __malloc_free_list
 .bss.errno     0x200005e0        0x4 /Applications/ArmGNUToolchain/13.3.rel1/arm-none-eabi/bin/../lib/gcc/arm-none-eabi/13.3.1/../../../../arm-none-eabi/lib/thumb/v7-m/nofp/libc_nano.a(libc_a-reent.o)
                0x200005e0                errno
 *(COMMON)
                0x200005e4                        . = ALIGN (0x4)
                0x200005e4                        _ebss = .
                0x200005e4                        __bss_end__ = _ebss

._user_heap_stack
                0x200005e4      0x604 load address 0x0800460c
                0x200005e8                        . = ALIGN (0x8)
 *fill*         0x200005e4        0x4 
                [!provide]                        PROVIDE (end = .)
                0x200005e8                        PROVIDE (_end = .)
                0x200007e8                        . = (. + _Min_Heap_Size)
 *fill*         0x200005e8      0x200 
                0x20000be8                        . = (. + _Min_Stack_Size)
 *fill*         0x200007e8      0x400 
                0x20000be8                        . = ALIGN (0x8)

/DISCARD/
 libc.a(*)
 libm.a(*)
 libgcc.a(*)

.ARM.attributes
                0x00000000       0x29
 *(.ARM.attributes)
 .ARM.attributes
                0x00000000       0x1d /Applications/ArmGNUToolchain/13.3.rel1/arm-none-eabi/bin/../lib/gcc/arm-none-eabi/13.3.1/thumb/v7-m/nofp/crti.o
 .ARM.attributes
                0x0000001d       0x2d /Applications/ArmGNUToolchain/13.3.rel1/arm-none-eabi/bin/../lib/gcc/arm-none-eabi/13.3.1/thumb/v7-m/nofp/crtbegin.o
 .ARM.attributes
                0x0000004a       0x2d build/main.o
 .ARM.attributes
                0x00000077       0x2d build/gpio.o
 .ARM.attributes
                0x000000a4       0x2d build/can.o
 .ARM.attributes
                0x000000d1       0x2d build/i2c.o
 .ARM.attributes
                0x000000fe       0x2d build/usart.o
 .ARM.attributes
                0x0000012b       0x2d build/stm32f1xx_it.o
 .ARM.attributes
                0x00000158       0x2d build/stm32f1xx_hal_msp.o
 .ARM.attributes
                0x00000185       0x2d build/stm32f1xx_hal_can.o
 .ARM.attributes
                0x000001b2       0x2d build/stm32f1xx_hal.o
 .ARM.attributes
                0x000001df       0x2d build/stm32f1xx_hal_rcc.o
 .ARM.attributes
                0x0000020c       0x2d build/stm32f1xx_hal_rcc_ex.o
 .ARM.attributes
                0x00000239       0x2d build/stm32f1xx_hal_gpio.o
 .ARM.attributes
                0x00000266       0x2d build/stm32f1xx_hal_cortex.o
 .ARM.attributes
                0x00000293       0x2d build/stm32f1xx_hal_i2c.o
 .ARM.attributes
                0x000002c0       0x2d build/stm32f1xx_hal_uart.o
 .ARM.attributes
                0x000002ed       0x2d build/system_stm32f1xx.o
 .ARM.attributes
                0x0000031a       0x2d build/sysmem.o
 .ARM.attributes
                0x00000347       0x2d build/syscalls.o
 .ARM.attributes
                0x00000374       0x2d build/usb.o
 .ARM.attributes
                0x000003a1       0x2d build/stm32f1xx_hal_pcd.o
 .ARM.attributes
                0x000003ce       0x2d build/stm32f1xx_ll_usb.o
 .ARM.attributes
                0x000003fb       0x21 build/startup_stm32f103xb.o
 .ARM.attributes
                0x0000041c       0x2d /Applications/ArmGNUToolchain/13.3.rel1/arm-none-eabi/bin/../lib/gcc/arm-none-eabi/13.3.1/../../../../arm-none-eabi/lib/thumb/v7-m/nofp/libc_nano.a(libc_a-findfp.o)
 .ARM.attributes
                0x00000449       0x2d /Applications/ArmGNUToolchain/13.3.rel1/arm-none-eabi/bin/../lib/gcc/arm-none-eabi/13.3.1/../../../../arm-none-eabi/lib/thumb/v7-m/nofp/libc_nano.a(libc_a-fwalk.o)
 .ARM.attributes
                0x00000476       0x2d /Applications/ArmGNUToolchain/13.3.rel1/arm-none-eabi/bin/../lib/gcc/arm-none-eabi/13.3.1/../../../../arm-none-eabi/lib/thumb/v7-m/nofp/libc_nano.a(libc_a-printf.o)
 .ARM.attributes
                0x000004a3       0x2d /Applications/ArmGNUToolchain/13.3.rel1/arm-none-eabi/bin/../lib/gcc/arm-none-eabi/13.3.1/../../../../arm-none-eabi/lib/thumb/v7-m/nofp/libc_nano.a(libc_a-puts.o)
 .ARM.attributes
                0x000004d0       0x2d /Applications/ArmGNUToolchain/13.3.rel1/arm-none-eabi/bin/../lib/gcc/arm-none-eabi/13.3.1/../../../../arm-none-eabi/lib/thumb/v7-m/nofp/libc_nano.a(libc_a-memset.o)
 .ARM.attributes
                0x000004fd       0x2d /Applications/ArmGNUToolchain/13.3.rel1/arm-none-eabi/bin/../lib/gcc/arm-none-eabi/13.3.1/../../../../arm-none-eabi/lib/thumb/v7-m/nofp/libc_nano.a(libc_a-errno.o)
 .ARM.attributes
                0x0000052a       0x2d /Applications/ArmGNUToolchain/13.3.rel1/arm-none-eabi/bin/../lib/gcc/arm-none-eabi/13.3.1/../../../../arm-none-eabi/lib/thumb/v7-m/nofp/libc_nano.a(libc_a-init.o)
 .ARM.attributes
                0x00000557       0x2d /Applications/ArmGNUToolchain/13.3.rel1/arm-none-eabi/bin/../lib/gcc/arm-none-eabi/13.3.1/../../../../arm-none-eabi/lib/thumb/v7-m/nofp/libc_nano.a(libc_a-lock.o)
 .ARM.attributes
                0x00000584       0x2d /Applications/ArmGNUToolchain/13.3.rel1/arm-none-eabi/bin/../lib/gcc/arm-none-eabi/13.3.1/../../../../arm-none-eabi/lib/thumb/v7-m/nofp/libc_nano.a(libc_a-impure.o)
 .ARM.attributes
                0x000005b1       0x2d /Applications/ArmGNUToolchain/13.3.rel1/arm-none-eabi/bin/../lib/gcc/arm-none-eabi/13.3.1/../../../../arm-none-eabi/lib/thumb/v7-m/nofp/libc_nano.a(libc_a-nano-vfprintf.o)
 .ARM.attributes
                0x000005de       0x2d /Applications/ArmGNUToolchain/13.3.rel1/arm-none-eabi/bin/../lib/gcc/arm-none-eabi/13.3.1/../../../../arm-none-eabi/lib/thumb/v7-m/nofp/libc_nano.a(libc_a-mallocr.o)
 .ARM.attributes
                0x0000060b       0x2d /Applications/ArmGNUToolchain/13.3.rel1/arm-none-eabi/bin/../lib/gcc/arm-none-eabi/13.3.1/../../../../arm-none-eabi/lib/thumb/v7-m/nofp/libc_nano.a(libc_a-nano-vfprintf_i.o)
 .ARM.attributes
                0x00000638       0x2d /Applications/ArmGNUToolchain/13.3.rel1/arm-none-eabi/bin/../lib/gcc/arm-none-eabi/13.3.1/../../../../arm-none-eabi/lib/thumb/v7-m/nofp/libc_nano.a(libc_a-fflush.o)
 .ARM.attributes
                0x00000665       0x2d /Applications/ArmGNUToolchain/13.3.rel1/arm-none-eabi/bin/../lib/gcc/arm-none-eabi/13.3.1/../../../../arm-none-eabi/lib/thumb/v7-m/nofp/libc_nano.a(libc_a-mlock.o)
 .ARM.attributes
                0x00000692       0x2d /Applications/ArmGNUToolchain/13.3.rel1/arm-none-eabi/bin/../lib/gcc/arm-none-eabi/13.3.1/../../../../arm-none-eabi/lib/thumb/v7-m/nofp/libc_nano.a(libc_a-stdio.o)
 .ARM.attributes
                0x000006bf       0x2d /Applications/ArmGNUToolchain/13.3.rel1/arm-none-eabi/bin/../lib/gcc/arm-none-eabi/13.3.1/../../../../arm-none-eabi/lib/thumb/v7-m/nofp/libc_nano.a(libc_a-wbuf.o)
 .ARM.attributes
                0x000006ec       0x2d /Applications/ArmGNUToolchain/13.3.rel1/arm-none-eabi/bin/../lib/gcc/arm-none-eabi/13.3.1/../../../../arm-none-eabi/lib/thumb/v7-m/nofp/libc_nano.a(libc_a-wsetup.o)
 .ARM.attributes
                0x00000719       0x2d /Applications/ArmGNUToolchain/13.3.rel1/arm-none-eabi/bin/../lib/gcc/arm-none-eabi/13.3.1/../../../../arm-none-eabi/lib/thumb/v7-m/nofp/libc_nano.a(libc_a-makebuf.o)
 .ARM.attributes
                0x00000746       0x2d /Applications/ArmGNUToolchain/13.3.rel1/arm-none-eabi/bin/../lib/gcc/arm-none-eabi/13.3.1/../../../../arm-none-eabi/lib/thumb/v7-m/nofp/libc_nano.a(libc_a-isattyr.o)
 .ARM.attributes
                0x00000773       0x2d /Applications/ArmGNUToolchain/13.3.rel1/arm-none-eabi/bin/../lib/gcc/arm-none-eabi/13.3.1/../../../../arm-none-eabi/lib/thumb/v7-m/nofp/libc_nano.a(libc_a-lseekr.o)
 .ARM.attributes
                0x000007a0       0x2d /Applications/ArmGNUToolchain/13.3.rel1/arm-none-eabi/bin/../lib/gcc/arm-none-eabi/13.3.1/../../../../arm-none-eabi/lib/thumb/v7-m/nofp/libc_nano.a(libc_a-readr.o)
 .ARM.attributes
                0x000007cd       0x2d /Applications/ArmGNUToolchain/13.3.rel1/arm-none-eabi/bin/../lib/gcc/arm-none-eabi/13.3.1/../../../../arm-none-eabi/lib/thumb/v7-m/nofp/libc_nano.a(libc_a-sbrkr.o)
 .ARM.attributes
                0x000007fa       0x2d /Applications/ArmGNUToolchain/13.3.rel1/arm-none-eabi/bin/../lib/gcc/arm-none-eabi/13.3.1/../../../../arm-none-eabi/lib/thumb/v7-m/nofp/libc_nano.a(libc_a-writer.o)
 .ARM.attributes
                0x00000827       0x2d /Applications/ArmGNUToolchain/13.3.rel1/arm-none-eabi/bin/../lib/gcc/arm-none-eabi/13.3.1/../../../../arm-none-eabi/lib/thumb/v7-m/nofp/libc_nano.a(libc_a-closer.o)
 .ARM.attributes
                0x00000854       0x2d /Applications/ArmGNUToolchain/13.3.rel1/arm-none-eabi/bin/../lib/gcc/arm-none-eabi/13.3.1/../../../../arm-none-eabi/lib/thumb/v7-m/nofp/libc_nano.a(libc_a-reent.o)
 .ARM.attributes
                0x00000881       0x2d /Applications/ArmGNUToolchain/13.3.rel1/arm-none-eabi/bin/../lib/gcc/arm-none-eabi/13.3.1/../../../../arm-none-eabi/lib/thumb/v7-m/nofp/libc_nano.a(libc_a-fstatr.o)
 .ARM.attributes
                0x000008ae       0x2d /Applications/ArmGNUToolchain/13.3.rel1/arm-none-eabi/bin/../lib/gcc/arm-none-eabi/13.3.1/../../../../arm-none-eabi/lib/thumb/v7-m/nofp/libc_nano.a(libc_a-memchr-stub.o)
 .ARM.attributes
                0x000008db       0x2d /Applications/ArmGNUToolchain/13.3.rel1/arm-none-eabi/bin/../lib/gcc/arm-none-eabi/13.3.1/../../../../arm-none-eabi/lib/thumb/v7-m/nofp/libc_nano.a(libc_a-freer.o)
 .ARM.attributes
                0x00000908       0x2d /Applications/ArmGNUToolchain/13.3.rel1/arm-none-eabi/bin/../lib/gcc/arm-none-eabi/13.3.1/thumb/v7-m/nofp/crtend.o
 .ARM.attributes
                0x00000935       0x1d /Applications/ArmGNUToolchain/13.3.rel1/arm-none-eabi/bin/../lib/gcc/arm-none-eabi/13.3.1/thumb/v7-m/nofp/crtn.o
OUTPUT(build/CAN_Firmware_Left.elf elf32-littlearm)
LOAD linker stubs
LOAD /Applications/ArmGNUToolchain/13.3.rel1/arm-none-eabi/bin/../lib/gcc/arm-none-eabi/13.3.1/../../../../arm-none-eabi/lib/thumb/v7-m/nofp/libc.a
LOAD /Applications/ArmGNUToolchain/13.3.rel1/arm-none-eabi/bin/../lib/gcc/arm-none-eabi/13.3.1/../../../../arm-none-eabi/lib/thumb/v7-m/nofp/libm.a
LOAD /Applications/ArmGNUToolchain/13.3.rel1/arm-none-eabi/bin/../lib/gcc/arm-none-eabi/13.3.1/thumb/v7-m/nofp/libgcc.a

.debug_info     0x00000000    0x157e8
 .debug_info    0x00000000     0x15ac build/main.o
 .debug_info    0x000015ac      0x35c build/gpio.o
 .debug_info    0x00001908      0xaa3 build/can.o
 .debug_info    0x000023ab      0x996 build/i2c.o
 .debug_info    0x00002d41      0x93f build/usart.o
 .debug_info    0x00003680      0xb78 build/stm32f1xx_it.o
 .debug_info    0x000041f8      0x238 build/stm32f1xx_hal_msp.o
 .debug_info    0x00004430     0x1385 build/stm32f1xx_hal_can.o
 .debug_info    0x000057b5      0x880 build/stm32f1xx_hal.o
 .debug_info    0x00006035      0xb10 build/stm32f1xx_hal_rcc.o
 .debug_info    0x00006b45      0x47d build/stm32f1xx_hal_rcc_ex.o
 .debug_info    0x00006fc2      0x6d7 build/stm32f1xx_hal_gpio.o
 .debug_info    0x00007699      0xe3f build/stm32f1xx_hal_cortex.o
 .debug_info    0x000084d8     0x3d27 build/stm32f1xx_hal_i2c.o
 .debug_info    0x0000c1ff     0x430f build/stm32f1xx_hal_uart.o
 .debug_info    0x0001050e      0x26e build/system_stm32f1xx.o
 .debug_info    0x0001077c      0x18c build/sysmem.o
 .debug_info    0x00010908      0x848 build/syscalls.o
 .debug_info    0x00011150      0x9ab build/usb.o
 .debug_info    0x00011afb     0x1f87 build/stm32f1xx_hal_pcd.o
 .debug_info    0x00013a82     0x1d36 build/stm32f1xx_ll_usb.o
 .debug_info    0x000157b8       0x30 build/startup_stm32f103xb.o

.debug_abbrev   0x00000000     0x2e84
 .debug_abbrev  0x00000000      0x34a build/main.o
 .debug_abbrev  0x0000034a      0x14e build/gpio.o
 .debug_abbrev  0x00000498      0x228 build/can.o
 .debug_abbrev  0x000006c0      0x1f6 build/i2c.o
 .debug_abbrev  0x000008b6      0x1fd build/usart.o
 .debug_abbrev  0x00000ab3      0x183 build/stm32f1xx_it.o
 .debug_abbrev  0x00000c36       0xe7 build/stm32f1xx_hal_msp.o
 .debug_abbrev  0x00000d1d      0x255 build/stm32f1xx_hal_can.o
 .debug_abbrev  0x00000f72      0x232 build/stm32f1xx_hal.o
 .debug_abbrev  0x000011a4      0x2d6 build/stm32f1xx_hal_rcc.o
 .debug_abbrev  0x0000147a      0x1d4 build/stm32f1xx_hal_rcc_ex.o
 .debug_abbrev  0x0000164e      0x222 build/stm32f1xx_hal_gpio.o
 .debug_abbrev  0x00001870      0x3aa build/stm32f1xx_hal_cortex.o
 .debug_abbrev  0x00001c1a      0x31e build/stm32f1xx_hal_i2c.o
 .debug_abbrev  0x00001f38      0x35f build/stm32f1xx_hal_uart.o
 .debug_abbrev  0x00002297      0x140 build/system_stm32f1xx.o
 .debug_abbrev  0x000023d7       0xeb build/sysmem.o
 .debug_abbrev  0x000024c2      0x1e3 build/syscalls.o
 .debug_abbrev  0x000026a5      0x233 build/usb.o
 .debug_abbrev  0x000028d8      0x32d build/stm32f1xx_hal_pcd.o
 .debug_abbrev  0x00002c05      0x262 build/stm32f1xx_ll_usb.o
 .debug_abbrev  0x00002e67       0x1d build/startup_stm32f103xb.o

.debug_loc      0x00000000    0x11679
 .debug_loc     0x00000000      0x292 build/main.o
 .debug_loc     0x00000292       0x38 build/gpio.o
 .debug_loc     0x000002ca      0x155 build/can.o
 .debug_loc     0x0000041f       0xfd build/i2c.o
 .debug_loc     0x0000051c      0x120 build/usart.o
 .debug_loc     0x0000063c       0x40 build/stm32f1xx_it.o
 .debug_loc     0x0000067c       0x41 build/stm32f1xx_hal_msp.o
 .debug_loc     0x000006bd     0x10bb build/stm32f1xx_hal_can.o
 .debug_loc     0x00001778      0x1f9 build/stm32f1xx_hal.o
 .debug_loc     0x00001971      0x7d3 build/stm32f1xx_hal_rcc.o
 .debug_loc     0x00002144      0x4ab build/stm32f1xx_hal_rcc_ex.o
 .debug_loc     0x000025ef      0x56c build/stm32f1xx_hal_gpio.o
 .debug_loc     0x00002b5b      0x8b4 build/stm32f1xx_hal_cortex.o
 .debug_loc     0x0000340f     0x54d3 build/stm32f1xx_hal_i2c.o
 .debug_loc     0x000088e2     0x4ff4 build/stm32f1xx_hal_uart.o
 .debug_loc     0x0000d8d6      0x11b build/system_stm32f1xx.o
 .debug_loc     0x0000d9f1       0x90 build/sysmem.o
 .debug_loc     0x0000da81      0x583 build/syscalls.o
 .debug_loc     0x0000e004       0x83 build/usb.o
 .debug_loc     0x0000e087     0x1aa9 build/stm32f1xx_hal_pcd.o
 .debug_loc     0x0000fb30     0x1b49 build/stm32f1xx_ll_usb.o

.debug_aranges  0x00000000      0xda8
 .debug_aranges
                0x00000000       0x50 build/main.o
 .debug_aranges
                0x00000050       0x20 build/gpio.o
 .debug_aranges
                0x00000070       0x30 build/can.o
 .debug_aranges
                0x000000a0       0x30 build/i2c.o
 .debug_aranges
                0x000000d0       0x30 build/usart.o
 .debug_aranges
                0x00000100       0x68 build/stm32f1xx_it.o
 .debug_aranges
                0x00000168       0x20 build/stm32f1xx_hal_msp.o
 .debug_aranges
                0x00000188      0x138 build/stm32f1xx_hal_can.o
 .debug_aranges
                0x000002c0       0xe0 build/stm32f1xx_hal.o
 .debug_aranges
                0x000003a0       0x90 build/stm32f1xx_hal_rcc.o
 .debug_aranges
                0x00000430       0x30 build/stm32f1xx_hal_rcc_ex.o
 .debug_aranges
                0x00000460       0x58 build/stm32f1xx_hal_gpio.o
 .debug_aranges
                0x000004b8       0xc0 build/stm32f1xx_hal_cortex.o
 .debug_aranges
                0x00000578      0x2a8 build/stm32f1xx_hal_i2c.o
 .debug_aranges
                0x00000820      0x208 build/stm32f1xx_hal_uart.o
 .debug_aranges
                0x00000a28       0x28 build/system_stm32f1xx.o
 .debug_aranges
                0x00000a50       0x20 build/sysmem.o
 .debug_aranges
                0x00000a70       0xa8 build/syscalls.o
 .debug_aranges
                0x00000b18       0x30 build/usb.o
 .debug_aranges
                0x00000b48      0x140 build/stm32f1xx_hal_pcd.o
 .debug_aranges
                0x00000c88       0xf8 build/stm32f1xx_ll_usb.o
 .debug_aranges
                0x00000d80       0x28 build/startup_stm32f103xb.o

.debug_ranges   0x00000000     0x1000
 .debug_ranges  0x00000000       0x40 build/main.o
 .debug_ranges  0x00000040       0x10 build/gpio.o
 .debug_ranges  0x00000050       0x20 build/can.o
 .debug_ranges  0x00000070       0x20 build/i2c.o
 .debug_ranges  0x00000090       0x20 build/usart.o
 .debug_ranges  0x000000b0       0x58 build/stm32f1xx_it.o
 .debug_ranges  0x00000108       0x10 build/stm32f1xx_hal_msp.o
 .debug_ranges  0x00000118      0x128 build/stm32f1xx_hal_can.o
 .debug_ranges  0x00000240       0xd0 build/stm32f1xx_hal.o
 .debug_ranges  0x00000310       0xa0 build/stm32f1xx_hal_rcc.o
 .debug_ranges  0x000003b0       0x38 build/stm32f1xx_hal_rcc_ex.o
 .debug_ranges  0x000003e8       0x48 build/stm32f1xx_hal_gpio.o
 .debug_ranges  0x00000430       0xb0 build/stm32f1xx_hal_cortex.o
 .debug_ranges  0x000004e0      0x2b0 build/stm32f1xx_hal_i2c.o
 .debug_ranges  0x00000790      0x210 build/stm32f1xx_hal_uart.o
 .debug_ranges  0x000009a0       0x18 build/system_stm32f1xx.o
 .debug_ranges  0x000009b8       0x10 build/sysmem.o
 .debug_ranges  0x000009c8       0x98 build/syscalls.o
 .debug_ranges  0x00000a60       0x20 build/usb.o
 .debug_ranges  0x00000a80      0x240 build/stm32f1xx_hal_pcd.o
 .debug_ranges  0x00000cc0      0x320 build/stm32f1xx_ll_usb.o
 .debug_ranges  0x00000fe0       0x20 build/startup_stm32f103xb.o

.debug_line     0x00000000    0x10d41
 .debug_line    0x00000000      0x5c0 build/main.o
 .debug_line    0x000005c0      0x1bc build/gpio.o
 .debug_line    0x0000077c      0x315 build/can.o
 .debug_line    0x00000a91      0x2cb build/i2c.o
 .debug_line    0x00000d5c      0x2e1 build/usart.o
 .debug_line    0x0000103d      0x2c1 build/stm32f1xx_it.o
 .debug_line    0x000012fe      0x166 build/stm32f1xx_hal_msp.o
 .debug_line    0x00001464     0x112f build/stm32f1xx_hal_can.o
 .debug_line    0x00002593      0x518 build/stm32f1xx_hal.o
 .debug_line    0x00002aab      0xc99 build/stm32f1xx_hal_rcc.o
 .debug_line    0x00003744      0x494 build/stm32f1xx_hal_rcc_ex.o
 .debug_line    0x00003bd8      0x5ba build/stm32f1xx_hal_gpio.o
 .debug_line    0x00004192      0x691 build/stm32f1xx_hal_cortex.o
 .debug_line    0x00004823     0x5632 build/stm32f1xx_hal_i2c.o
 .debug_line    0x00009e55     0x3489 build/stm32f1xx_hal_uart.o
 .debug_line    0x0000d2de      0x22f build/system_stm32f1xx.o
 .debug_line    0x0000d50d      0x1cf build/sysmem.o
 .debug_line    0x0000d6dc      0x3e2 build/syscalls.o
 .debug_line    0x0000dabe      0x294 build/usb.o
 .debug_line    0x0000dd52     0x181e build/stm32f1xx_hal_pcd.o
 .debug_line    0x0000f570     0x1760 build/stm32f1xx_ll_usb.o
 .debug_line    0x00010cd0       0x71 build/startup_stm32f103xb.o

.debug_str      0x00000000     0x3dd2
 .debug_str     0x00000000     0x3dd2 build/main.o
                                0xd12 (size before relaxing)
 .debug_str     0x00003dd2      0x284 build/gpio.o
 .debug_str     0x00003dd2      0x886 build/can.o
 .debug_str     0x00003dd2      0x73f build/i2c.o
 .debug_str     0x00003dd2      0x6cb build/usart.o
 .debug_str     0x00003dd2      0x829 build/stm32f1xx_it.o
 .debug_str     0x00003dd2      0x218 build/stm32f1xx_hal_msp.o
 .debug_str     0x00003dd2      0xa1b build/stm32f1xx_hal_can.o
 .debug_str     0x00003dd2      0x827 build/stm32f1xx_hal.o
 .debug_str     0x00003dd2      0x624 build/stm32f1xx_hal_rcc.o
 .debug_str     0x00003dd2      0x3cc build/stm32f1xx_hal_rcc_ex.o
 .debug_str     0x00003dd2      0x3f9 build/stm32f1xx_hal_gpio.o
 .debug_str     0x00003dd2      0x8cc build/stm32f1xx_hal_cortex.o
 .debug_str     0x00003dd2      0xfbe build/stm32f1xx_hal_i2c.o
 .debug_str     0x00003dd2      0xced build/stm32f1xx_hal_uart.o
 .debug_str     0x00003dd2      0x24d build/system_stm32f1xx.o
 .debug_str     0x00003dd2      0x211 build/sysmem.o
 .debug_str     0x00003dd2      0x3e5 build/syscalls.o
 .debug_str     0x00003dd2      0x8fd build/usb.o
 .debug_str     0x00003dd2      0xb1c build/stm32f1xx_hal_pcd.o
 .debug_str     0x00003dd2      0x71e build/stm32f1xx_ll_usb.o
 .debug_str     0x00003dd2       0x84 build/startup_stm32f103xb.o

.comment        0x00000000       0x45
 .comment       0x00000000       0x45 build/main.o
                                 0x46 (size before relaxing)
 .comment       0x00000045       0x46 build/gpio.o
 .comment       0x00000045       0x46 build/can.o
 .comment       0x00000045       0x46 build/i2c.o
 .comment       0x00000045       0x46 build/usart.o
 .comment       0x00000045       0x46 build/stm32f1xx_it.o
 .comment       0x00000045       0x46 build/stm32f1xx_hal_msp.o
 .comment       0x00000045       0x46 build/stm32f1xx_hal_can.o
 .comment       0x00000045       0x46 build/stm32f1xx_hal.o
 .comment       0x00000045       0x46 build/stm32f1xx_hal_rcc.o
 .comment       0x00000045       0x46 build/stm32f1xx_hal_rcc_ex.o
 .comment       0x00000045       0x46 build/stm32f1xx_hal_gpio.o
 .comment       0x00000045       0x46 build/stm32f1xx_hal_cortex.o
 .comment       0x00000045       0x46 build/stm32f1xx_hal_i2c.o
 .comment       0x00000045       0x46 build/stm32f1xx_hal_uart.o
 .comment       0x00000045       0x46 build/system_stm32f1xx.o
 .comment       0x00000045       0x46 build/sysmem.o
 .comment       0x00000045       0x46 build/syscalls.o
 .comment       0x00000045       0x46 build/usb.o
 .comment       0x00000045       0x46 build/stm32f1xx_hal_pcd.o
 .comment       0x00000045       0x46 build/stm32f1xx_ll_usb.o

.debug_frame    0x00000000     0x2b30
 .debug_frame   0x00000000       0xc8 build/main.o
 .debug_frame   0x000000c8       0x30 build/gpio.o
 .debug_frame   0x000000f8       0x60 build/can.o
 .debug_frame   0x00000158       0x60 build/i2c.o
 .debug_frame   0x000001b8       0x60 build/usart.o
 .debug_frame   0x00000218       0xc0 build/stm32f1xx_it.o
 .debug_frame   0x000002d8       0x28 build/stm32f1xx_hal_msp.o
 .debug_frame   0x00000300      0x2d4 build/stm32f1xx_hal_can.o
 .debug_frame   0x000005d4      0x1cc build/stm32f1xx_hal.o
 .debug_frame   0x000007a0      0x184 build/stm32f1xx_hal_rcc.o
 .debug_frame   0x00000924       0x5c build/stm32f1xx_hal_rcc_ex.o
 .debug_frame   0x00000980       0xe4 build/stm32f1xx_hal_gpio.o
 .debug_frame   0x00000a64      0x19c build/stm32f1xx_hal_cortex.o
 .debug_frame   0x00000c00      0x988 build/stm32f1xx_hal_i2c.o
 .debug_frame   0x00001588      0x5dc build/stm32f1xx_hal_uart.o
 .debug_frame   0x00001b64       0x30 build/system_stm32f1xx.o
 .debug_frame   0x00001b94       0x28 build/sysmem.o
 .debug_frame   0x00001bbc      0x190 build/syscalls.o
 .debug_frame   0x00001d4c       0x54 build/usb.o
 .debug_frame   0x00001da0      0x358 build/stm32f1xx_hal_pcd.o
 .debug_frame   0x000020f8      0x200 build/stm32f1xx_ll_usb.o
 .debug_frame   0x000022f8      0x144 /Applications/ArmGNUToolchain/13.3.rel1/arm-none-eabi/bin/../lib/gcc/arm-none-eabi/13.3.1/../../../../arm-none-eabi/lib/thumb/v7-m/nofp/libc_nano.a(libc_a-findfp.o)
 .debug_frame   0x0000243c       0x34 /Applications/ArmGNUToolchain/13.3.rel1/arm-none-eabi/bin/../lib/gcc/arm-none-eabi/13.3.1/../../../../arm-none-eabi/lib/thumb/v7-m/nofp/libc_nano.a(libc_a-fwalk.o)
 .debug_frame   0x00002470       0x6c /Applications/ArmGNUToolchain/13.3.rel1/arm-none-eabi/bin/../lib/gcc/arm-none-eabi/13.3.1/../../../../arm-none-eabi/lib/thumb/v7-m/nofp/libc_nano.a(libc_a-printf.o)
 .debug_frame   0x000024dc       0x3c /Applications/ArmGNUToolchain/13.3.rel1/arm-none-eabi/bin/../lib/gcc/arm-none-eabi/13.3.1/../../../../arm-none-eabi/lib/thumb/v7-m/nofp/libc_nano.a(libc_a-puts.o)
 .debug_frame   0x00002518       0x20 /Applications/ArmGNUToolchain/13.3.rel1/arm-none-eabi/bin/../lib/gcc/arm-none-eabi/13.3.1/../../../../arm-none-eabi/lib/thumb/v7-m/nofp/libc_nano.a(libc_a-memset.o)
 .debug_frame   0x00002538       0x20 /Applications/ArmGNUToolchain/13.3.rel1/arm-none-eabi/bin/../lib/gcc/arm-none-eabi/13.3.1/../../../../arm-none-eabi/lib/thumb/v7-m/nofp/libc_nano.a(libc_a-errno.o)
 .debug_frame   0x00002558       0x2c /Applications/ArmGNUToolchain/13.3.rel1/arm-none-eabi/bin/../lib/gcc/arm-none-eabi/13.3.1/../../../../arm-none-eabi/lib/thumb/v7-m/nofp/libc_nano.a(libc_a-init.o)
 .debug_frame   0x00002584       0xb0 /Applications/ArmGNUToolchain/13.3.rel1/arm-none-eabi/bin/../lib/gcc/arm-none-eabi/13.3.1/../../../../arm-none-eabi/lib/thumb/v7-m/nofp/libc_nano.a(libc_a-lock.o)
 .debug_frame   0x00002634       0xa8 /Applications/ArmGNUToolchain/13.3.rel1/arm-none-eabi/bin/../lib/gcc/arm-none-eabi/13.3.1/../../../../arm-none-eabi/lib/thumb/v7-m/nofp/libc_nano.a(libc_a-nano-vfprintf.o)
 .debug_frame   0x000026dc       0x50 /Applications/ArmGNUToolchain/13.3.rel1/arm-none-eabi/bin/../lib/gcc/arm-none-eabi/13.3.1/../../../../arm-none-eabi/lib/thumb/v7-m/nofp/libc_nano.a(libc_a-mallocr.o)
 .debug_frame   0x0000272c       0x60 /Applications/ArmGNUToolchain/13.3.rel1/arm-none-eabi/bin/../lib/gcc/arm-none-eabi/13.3.1/../../../../arm-none-eabi/lib/thumb/v7-m/nofp/libc_nano.a(libc_a-nano-vfprintf_i.o)
 .debug_frame   0x0000278c       0x5c /Applications/ArmGNUToolchain/13.3.rel1/arm-none-eabi/bin/../lib/gcc/arm-none-eabi/13.3.1/../../../../arm-none-eabi/lib/thumb/v7-m/nofp/libc_nano.a(libc_a-fflush.o)
 .debug_frame   0x000027e8       0x30 /Applications/ArmGNUToolchain/13.3.rel1/arm-none-eabi/bin/../lib/gcc/arm-none-eabi/13.3.1/../../../../arm-none-eabi/lib/thumb/v7-m/nofp/libc_nano.a(libc_a-mlock.o)
 .debug_frame   0x00002818       0x88 /Applications/ArmGNUToolchain/13.3.rel1/arm-none-eabi/bin/../lib/gcc/arm-none-eabi/13.3.1/../../../../arm-none-eabi/lib/thumb/v7-m/nofp/libc_nano.a(libc_a-stdio.o)
 .debug_frame   0x000028a0       0x40 /Applications/ArmGNUToolchain/13.3.rel1/arm-none-eabi/bin/../lib/gcc/arm-none-eabi/13.3.1/../../../../arm-none-eabi/lib/thumb/v7-m/nofp/libc_nano.a(libc_a-wbuf.o)
 .debug_frame   0x000028e0       0x2c /Applications/ArmGNUToolchain/13.3.rel1/arm-none-eabi/bin/../lib/gcc/arm-none-eabi/13.3.1/../../../../arm-none-eabi/lib/thumb/v7-m/nofp/libc_nano.a(libc_a-wsetup.o)
 .debug_frame   0x0000290c       0x58 /Applications/ArmGNUToolchain/13.3.rel1/arm-none-eabi/bin/../lib/gcc/arm-none-eabi/13.3.1/../../../../arm-none-eabi/lib/thumb/v7-m/nofp/libc_nano.a(libc_a-makebuf.o)
 .debug_frame   0x00002964       0x2c /Applications/ArmGNUToolchain/13.3.rel1/arm-none-eabi/bin/../lib/gcc/arm-none-eabi/13.3.1/../../../../arm-none-eabi/lib/thumb/v7-m/nofp/libc_nano.a(libc_a-isattyr.o)
 .debug_frame   0x00002990       0x2c /Applications/ArmGNUToolchain/13.3.rel1/arm-none-eabi/bin/../lib/gcc/arm-none-eabi/13.3.1/../../../../arm-none-eabi/lib/thumb/v7-m/nofp/libc_nano.a(libc_a-lseekr.o)
 .debug_frame   0x000029bc       0x2c /Applications/ArmGNUToolchain/13.3.rel1/arm-none-eabi/bin/../lib/gcc/arm-none-eabi/13.3.1/../../../../arm-none-eabi/lib/thumb/v7-m/nofp/libc_nano.a(libc_a-readr.o)
 .debug_frame   0x000029e8       0x2c /Applications/ArmGNUToolchain/13.3.rel1/arm-none-eabi/bin/../lib/gcc/arm-none-eabi/13.3.1/../../../../arm-none-eabi/lib/thumb/v7-m/nofp/libc_nano.a(libc_a-sbrkr.o)
 .debug_frame   0x00002a14       0x2c /Applications/ArmGNUToolchain/13.3.rel1/arm-none-eabi/bin/../lib/gcc/arm-none-eabi/13.3.1/../../../../arm-none-eabi/lib/thumb/v7-m/nofp/libc_nano.a(libc_a-writer.o)
 .debug_frame   0x00002a40       0x2c /Applications/ArmGNUToolchain/13.3.rel1/arm-none-eabi/bin/../lib/gcc/arm-none-eabi/13.3.1/../../../../arm-none-eabi/lib/thumb/v7-m/nofp/libc_nano.a(libc_a-closer.o)
 .debug_frame   0x00002a6c       0x38 /Applications/ArmGNUToolchain/13.3.rel1/arm-none-eabi/bin/../lib/gcc/arm-none-eabi/13.3.1/../../../../arm-none-eabi/lib/thumb/v7-m/nofp/libc_nano.a(libc_a-reent.o)
 .debug_frame   0x00002aa4       0x2c /Applications/ArmGNUToolchain/13.3.rel1/arm-none-eabi/bin/../lib/gcc/arm-none-eabi/13.3.1/../../../../arm-none-eabi/lib/thumb/v7-m/nofp/libc_nano.a(libc_a-fstatr.o)
 .debug_frame   0x00002ad0       0x28 /Applications/ArmGNUToolchain/13.3.rel1/arm-none-eabi/bin/../lib/gcc/arm-none-eabi/13.3.1/../../../../arm-none-eabi/lib/thumb/v7-m/nofp/libc_nano.a(libc_a-memchr-stub.o)
 .debug_frame   0x00002af8       0x38 /Applications/ArmGNUToolchain/13.3.rel1/arm-none-eabi/bin/../lib/gcc/arm-none-eabi/13.3.1/../../../../arm-none-eabi/lib/thumb/v7-m/nofp/libc_nano.a(libc_a-freer.o)

Cross Reference Table

Symbol                                            File
ADC1_2_IRQHandler                                 build/startup_stm32f103xb.o
AHBPrescTable                                     build/system_stm32f1xx.o
                                                  build/stm32f1xx_hal_rcc.o
APBPrescTable                                     build/system_stm32f1xx.o
                                                  build/stm32f1xx_hal_rcc.o
BusFault_Handler                                  build/stm32f1xx_it.o
CAN1_RX1_IRQHandler                               build/startup_stm32f103xb.o
CAN1_SCE_IRQHandler                               build/startup_stm32f103xb.o
DMA1_Channel1_IRQHandler                          build/startup_stm32f103xb.o
DMA1_Channel2_IRQHandler                          build/startup_stm32f103xb.o
DMA1_Channel3_IRQHandler                          build/startup_stm32f103xb.o
DMA1_Channel4_IRQHandler                          build/startup_stm32f103xb.o
DMA1_Channel5_IRQHandler                          build/startup_stm32f103xb.o
DMA1_Channel6_IRQHandler                          build/startup_stm32f103xb.o
DMA1_Channel7_IRQHandler                          build/startup_stm32f103xb.o
DebugMon_Handler                                  build/stm32f1xx_it.o
Default_Handler                                   build/startup_stm32f103xb.o
EXTI0_IRQHandler                                  build/startup_stm32f103xb.o
EXTI15_10_IRQHandler                              build/startup_stm32f103xb.o
EXTI1_IRQHandler                                  build/startup_stm32f103xb.o
EXTI2_IRQHandler                                  build/startup_stm32f103xb.o
EXTI3_IRQHandler                                  build/startup_stm32f103xb.o
EXTI4_IRQHandler                                  build/startup_stm32f103xb.o
EXTI9_5_IRQHandler                                build/startup_stm32f103xb.o
Error_Handler                                     build/main.o
                                                  build/usb.o
                                                  build/usart.o
                                                  build/i2c.o
                                                  build/can.o
FLASH_IRQHandler                                  build/startup_stm32f103xb.o
FLASH_PageErase                                   build/stm32f1xx_hal_flash_ex.o
                                                  build/stm32f1xx_hal_flash.o
FLASH_WaitForLastOperation                        build/stm32f1xx_hal_flash.o
                                                  build/stm32f1xx_hal_flash_ex.o
HAL_CAN_AbortTxRequest                            build/stm32f1xx_hal_can.o
HAL_CAN_ActivateNotification                      build/stm32f1xx_hal_can.o
                                                  build/main.o
HAL_CAN_AddTxMessage                              build/stm32f1xx_hal_can.o
                                                  build/main.o
HAL_CAN_ConfigFilter                              build/stm32f1xx_hal_can.o
                                                  build/main.o
HAL_CAN_DeInit                                    build/stm32f1xx_hal_can.o
HAL_CAN_DeactivateNotification                    build/stm32f1xx_hal_can.o
HAL_CAN_ErrorCallback                             build/stm32f1xx_hal_can.o
HAL_CAN_GetError                                  build/stm32f1xx_hal_can.o
HAL_CAN_GetRxFifoFillLevel                        build/stm32f1xx_hal_can.o
HAL_CAN_GetRxMessage                              build/stm32f1xx_hal_can.o
                                                  build/main.o
HAL_CAN_GetState                                  build/stm32f1xx_hal_can.o
HAL_CAN_GetTxMailboxesFreeLevel                   build/stm32f1xx_hal_can.o
HAL_CAN_GetTxTimestamp                            build/stm32f1xx_hal_can.o
HAL_CAN_IRQHandler                                build/stm32f1xx_hal_can.o
                                                  build/stm32f1xx_it.o
HAL_CAN_Init                                      build/stm32f1xx_hal_can.o
                                                  build/can.o
HAL_CAN_IsSleepActive                             build/stm32f1xx_hal_can.o
HAL_CAN_IsTxMessagePending                        build/stm32f1xx_hal_can.o
HAL_CAN_MspDeInit                                 build/can.o
HAL_CAN_MspInit                                   build/can.o
HAL_CAN_RequestSleep                              build/stm32f1xx_hal_can.o
HAL_CAN_ResetError                                build/stm32f1xx_hal_can.o
HAL_CAN_RxFifo0FullCallback                       build/stm32f1xx_hal_can.o
HAL_CAN_RxFifo0MsgPendingCallback                 build/main.o
HAL_CAN_RxFifo1FullCallback                       build/stm32f1xx_hal_can.o
HAL_CAN_RxFifo1MsgPendingCallback                 build/stm32f1xx_hal_can.o
HAL_CAN_SleepCallback                             build/stm32f1xx_hal_can.o
HAL_CAN_Start                                     build/stm32f1xx_hal_can.o
                                                  build/main.o
HAL_CAN_Stop                                      build/stm32f1xx_hal_can.o
HAL_CAN_TxMailbox0AbortCallback                   build/stm32f1xx_hal_can.o
HAL_CAN_TxMailbox0CompleteCallback                build/stm32f1xx_hal_can.o
HAL_CAN_TxMailbox1AbortCallback                   build/stm32f1xx_hal_can.o
HAL_CAN_TxMailbox1CompleteCallback                build/stm32f1xx_hal_can.o
HAL_CAN_TxMailbox2AbortCallback                   build/stm32f1xx_hal_can.o
HAL_CAN_TxMailbox2CompleteCallback                build/stm32f1xx_hal_can.o
HAL_CAN_WakeUp                                    build/stm32f1xx_hal_can.o
HAL_CAN_WakeUpFromRxMsgCallback                   build/stm32f1xx_hal_can.o
HAL_DBGMCU_DisableDBGSleepMode                    build/stm32f1xx_hal.o
HAL_DBGMCU_DisableDBGStandbyMode                  build/stm32f1xx_hal.o
HAL_DBGMCU_DisableDBGStopMode                     build/stm32f1xx_hal.o
HAL_DBGMCU_EnableDBGSleepMode                     build/stm32f1xx_hal.o
HAL_DBGMCU_EnableDBGStandbyMode                   build/stm32f1xx_hal.o
HAL_DBGMCU_EnableDBGStopMode                      build/stm32f1xx_hal.o
HAL_DMA_Abort                                     build/stm32f1xx_hal_dma.o
                                                  build/stm32f1xx_hal_uart.o
HAL_DMA_Abort_IT                                  build/stm32f1xx_hal_dma.o
                                                  build/stm32f1xx_hal_uart.o
                                                  build/stm32f1xx_hal_i2c.o
HAL_DMA_DeInit                                    build/stm32f1xx_hal_dma.o
HAL_DMA_GetError                                  build/stm32f1xx_hal_dma.o
                                                  build/stm32f1xx_hal_uart.o
HAL_DMA_GetState                                  build/stm32f1xx_hal_dma.o
                                                  build/stm32f1xx_hal_i2c.o
HAL_DMA_IRQHandler                                build/stm32f1xx_hal_dma.o
HAL_DMA_Init                                      build/stm32f1xx_hal_dma.o
HAL_DMA_PollForTransfer                           build/stm32f1xx_hal_dma.o
HAL_DMA_RegisterCallback                          build/stm32f1xx_hal_dma.o
HAL_DMA_Start                                     build/stm32f1xx_hal_dma.o
HAL_DMA_Start_IT                                  build/stm32f1xx_hal_dma.o
                                                  build/stm32f1xx_hal_uart.o
                                                  build/stm32f1xx_hal_i2c.o
HAL_DMA_UnRegisterCallback                        build/stm32f1xx_hal_dma.o
HAL_DeInit                                        build/stm32f1xx_hal.o
HAL_Delay                                         build/stm32f1xx_hal.o
                                                  build/main.o
HAL_EXTI_ClearConfigLine                          build/stm32f1xx_hal_exti.o
HAL_EXTI_ClearPending                             build/stm32f1xx_hal_exti.o
HAL_EXTI_GenerateSWI                              build/stm32f1xx_hal_exti.o
HAL_EXTI_GetConfigLine                            build/stm32f1xx_hal_exti.o
HAL_EXTI_GetHandle                                build/stm32f1xx_hal_exti.o
HAL_EXTI_GetPending                               build/stm32f1xx_hal_exti.o
HAL_EXTI_IRQHandler                               build/stm32f1xx_hal_exti.o
HAL_EXTI_RegisterCallback                         build/stm32f1xx_hal_exti.o
HAL_EXTI_SetConfigLine                            build/stm32f1xx_hal_exti.o
HAL_FLASHEx_Erase                                 build/stm32f1xx_hal_flash_ex.o
HAL_FLASHEx_Erase_IT                              build/stm32f1xx_hal_flash_ex.o
HAL_FLASHEx_OBErase                               build/stm32f1xx_hal_flash_ex.o
HAL_FLASHEx_OBGetConfig                           build/stm32f1xx_hal_flash_ex.o
HAL_FLASHEx_OBGetUserData                         build/stm32f1xx_hal_flash_ex.o
HAL_FLASHEx_OBProgram                             build/stm32f1xx_hal_flash_ex.o
HAL_FLASH_EndOfOperationCallback                  build/stm32f1xx_hal_flash.o
HAL_FLASH_GetError                                build/stm32f1xx_hal_flash.o
HAL_FLASH_IRQHandler                              build/stm32f1xx_hal_flash.o
HAL_FLASH_Lock                                    build/stm32f1xx_hal_flash.o
HAL_FLASH_OB_Launch                               build/stm32f1xx_hal_flash.o
HAL_FLASH_OB_Lock                                 build/stm32f1xx_hal_flash.o
HAL_FLASH_OB_Unlock                               build/stm32f1xx_hal_flash.o
HAL_FLASH_OperationErrorCallback                  build/stm32f1xx_hal_flash.o
HAL_FLASH_Program                                 build/stm32f1xx_hal_flash.o
HAL_FLASH_Program_IT                              build/stm32f1xx_hal_flash.o
HAL_FLASH_Unlock                                  build/stm32f1xx_hal_flash.o
HAL_GPIOEx_ConfigEventout                         build/stm32f1xx_hal_gpio_ex.o
HAL_GPIOEx_DisableEventout                        build/stm32f1xx_hal_gpio_ex.o
HAL_GPIOEx_EnableEventout                         build/stm32f1xx_hal_gpio_ex.o
HAL_GPIO_DeInit                                   build/stm32f1xx_hal_gpio.o
                                                  build/usart.o
                                                  build/i2c.o
                                                  build/can.o
HAL_GPIO_EXTI_Callback                            build/stm32f1xx_hal_gpio.o
HAL_GPIO_EXTI_IRQHandler                          build/stm32f1xx_hal_gpio.o
HAL_GPIO_Init                                     build/stm32f1xx_hal_gpio.o
                                                  build/stm32f1xx_hal_rcc.o
                                                  build/usart.o
                                                  build/i2c.o
                                                  build/can.o
                                                  build/gpio.o
HAL_GPIO_LockPin                                  build/stm32f1xx_hal_gpio.o
HAL_GPIO_ReadPin                                  build/stm32f1xx_hal_gpio.o
HAL_GPIO_TogglePin                                build/stm32f1xx_hal_gpio.o
                                                  build/main.o
HAL_GPIO_WritePin                                 build/stm32f1xx_hal_gpio.o
                                                  build/gpio.o
HAL_GetDEVID                                      build/stm32f1xx_hal.o
HAL_GetHalVersion                                 build/stm32f1xx_hal.o
HAL_GetREVID                                      build/stm32f1xx_hal.o
HAL_GetTick                                       build/stm32f1xx_hal.o
                                                  build/stm32f1xx_hal_uart.o
                                                  build/stm32f1xx_hal_i2c.o
                                                  build/stm32f1xx_hal_flash.o
                                                  build/stm32f1xx_hal_dma.o
                                                  build/stm32f1xx_hal_rcc_ex.o
                                                  build/stm32f1xx_hal_rcc.o
                                                  build/stm32f1xx_hal_can.o
HAL_GetTickFreq                                   build/stm32f1xx_hal.o
HAL_GetTickPrio                                   build/stm32f1xx_hal.o
HAL_GetUIDw0                                      build/stm32f1xx_hal.o
HAL_GetUIDw1                                      build/stm32f1xx_hal.o
HAL_GetUIDw2                                      build/stm32f1xx_hal.o
HAL_HalfDuplex_EnableReceiver                     build/stm32f1xx_hal_uart.o
HAL_HalfDuplex_EnableTransmitter                  build/stm32f1xx_hal_uart.o
HAL_HalfDuplex_Init                               build/stm32f1xx_hal_uart.o
HAL_I2C_AbortCpltCallback                         build/stm32f1xx_hal_i2c.o
HAL_I2C_AddrCallback                              build/stm32f1xx_hal_i2c.o
HAL_I2C_DeInit                                    build/stm32f1xx_hal_i2c.o
HAL_I2C_DisableListen_IT                          build/stm32f1xx_hal_i2c.o
HAL_I2C_ER_IRQHandler                             build/stm32f1xx_hal_i2c.o
HAL_I2C_EV_IRQHandler                             build/stm32f1xx_hal_i2c.o
HAL_I2C_EnableListen_IT                           build/stm32f1xx_hal_i2c.o
HAL_I2C_ErrorCallback                             build/stm32f1xx_hal_i2c.o
HAL_I2C_GetError                                  build/stm32f1xx_hal_i2c.o
HAL_I2C_GetMode                                   build/stm32f1xx_hal_i2c.o
HAL_I2C_GetState                                  build/stm32f1xx_hal_i2c.o
HAL_I2C_Init                                      build/stm32f1xx_hal_i2c.o
                                                  build/i2c.o
HAL_I2C_IsDeviceReady                             build/stm32f1xx_hal_i2c.o
HAL_I2C_ListenCpltCallback                        build/stm32f1xx_hal_i2c.o
HAL_I2C_MasterRxCpltCallback                      build/stm32f1xx_hal_i2c.o
HAL_I2C_MasterTxCpltCallback                      build/stm32f1xx_hal_i2c.o
HAL_I2C_Master_Abort_IT                           build/stm32f1xx_hal_i2c.o
HAL_I2C_Master_Receive                            build/stm32f1xx_hal_i2c.o
HAL_I2C_Master_Receive_DMA                        build/stm32f1xx_hal_i2c.o
HAL_I2C_Master_Receive_IT                         build/stm32f1xx_hal_i2c.o
HAL_I2C_Master_Seq_Receive_DMA                    build/stm32f1xx_hal_i2c.o
HAL_I2C_Master_Seq_Receive_IT                     build/stm32f1xx_hal_i2c.o
HAL_I2C_Master_Seq_Transmit_DMA                   build/stm32f1xx_hal_i2c.o
HAL_I2C_Master_Seq_Transmit_IT                    build/stm32f1xx_hal_i2c.o
HAL_I2C_Master_Transmit                           build/stm32f1xx_hal_i2c.o
HAL_I2C_Master_Transmit_DMA                       build/stm32f1xx_hal_i2c.o
HAL_I2C_Master_Transmit_IT                        build/stm32f1xx_hal_i2c.o
HAL_I2C_MemRxCpltCallback                         build/stm32f1xx_hal_i2c.o
HAL_I2C_MemTxCpltCallback                         build/stm32f1xx_hal_i2c.o
HAL_I2C_Mem_Read                                  build/stm32f1xx_hal_i2c.o
HAL_I2C_Mem_Read_DMA                              build/stm32f1xx_hal_i2c.o
HAL_I2C_Mem_Read_IT                               build/stm32f1xx_hal_i2c.o
HAL_I2C_Mem_Write                                 build/stm32f1xx_hal_i2c.o
HAL_I2C_Mem_Write_DMA                             build/stm32f1xx_hal_i2c.o
HAL_I2C_Mem_Write_IT                              build/stm32f1xx_hal_i2c.o
HAL_I2C_MspDeInit                                 build/i2c.o
HAL_I2C_MspInit                                   build/i2c.o
HAL_I2C_SlaveRxCpltCallback                       build/stm32f1xx_hal_i2c.o
HAL_I2C_SlaveTxCpltCallback                       build/stm32f1xx_hal_i2c.o
HAL_I2C_Slave_Receive                             build/stm32f1xx_hal_i2c.o
HAL_I2C_Slave_Receive_DMA                         build/stm32f1xx_hal_i2c.o
HAL_I2C_Slave_Receive_IT                          build/stm32f1xx_hal_i2c.o
HAL_I2C_Slave_Seq_Receive_DMA                     build/stm32f1xx_hal_i2c.o
HAL_I2C_Slave_Seq_Receive_IT                      build/stm32f1xx_hal_i2c.o
HAL_I2C_Slave_Seq_Transmit_DMA                    build/stm32f1xx_hal_i2c.o
HAL_I2C_Slave_Seq_Transmit_IT                     build/stm32f1xx_hal_i2c.o
HAL_I2C_Slave_Transmit                            build/stm32f1xx_hal_i2c.o
HAL_I2C_Slave_Transmit_DMA                        build/stm32f1xx_hal_i2c.o
HAL_I2C_Slave_Transmit_IT                         build/stm32f1xx_hal_i2c.o
HAL_IncTick                                       build/stm32f1xx_hal.o
                                                  build/stm32f1xx_it.o
HAL_Init                                          build/stm32f1xx_hal.o
                                                  build/main.o
HAL_InitTick                                      build/stm32f1xx_hal.o
                                                  build/stm32f1xx_hal_rcc.o
HAL_LIN_Init                                      build/stm32f1xx_hal_uart.o
HAL_LIN_SendBreak                                 build/stm32f1xx_hal_uart.o
HAL_MspDeInit                                     build/stm32f1xx_hal.o
HAL_MspInit                                       build/stm32f1xx_hal_msp.o
HAL_MultiProcessor_EnterMuteMode                  build/stm32f1xx_hal_uart.o
HAL_MultiProcessor_ExitMuteMode                   build/stm32f1xx_hal_uart.o
HAL_MultiProcessor_Init                           build/stm32f1xx_hal_uart.o
HAL_NVIC_ClearPendingIRQ                          build/stm32f1xx_hal_cortex.o
HAL_NVIC_DisableIRQ                               build/stm32f1xx_hal_cortex.o
HAL_NVIC_EnableIRQ                                build/stm32f1xx_hal_cortex.o
                                                  build/usb.o
                                                  build/can.o
HAL_NVIC_GetActive                                build/stm32f1xx_hal_cortex.o
HAL_NVIC_GetPendingIRQ                            build/stm32f1xx_hal_cortex.o
HAL_NVIC_GetPriority                              build/stm32f1xx_hal_cortex.o
HAL_NVIC_GetPriorityGrouping                      build/stm32f1xx_hal_cortex.o
HAL_NVIC_SetPendingIRQ                            build/stm32f1xx_hal_cortex.o
HAL_NVIC_SetPriority                              build/stm32f1xx_hal_cortex.o
                                                  build/usb.o
                                                  build/stm32f1xx_hal.o
                                                  build/can.o
HAL_NVIC_SetPriorityGrouping                      build/stm32f1xx_hal_cortex.o
                                                  build/stm32f1xx_hal.o
HAL_NVIC_SystemReset                              build/stm32f1xx_hal_cortex.o
                                                  build/stm32f1xx_hal_flash.o
HAL_PCDEx_BCD_Callback                            build/stm32f1xx_hal_pcd_ex.o
HAL_PCDEx_LPM_Callback                            build/stm32f1xx_hal_pcd_ex.o
HAL_PCDEx_PMAConfig                               build/stm32f1xx_hal_pcd_ex.o
HAL_PCDEx_SetConnectionState                      build/stm32f1xx_hal_pcd_ex.o
                                                  build/stm32f1xx_hal_pcd.o
HAL_PCD_ActivateRemoteWakeup                      build/stm32f1xx_hal_pcd.o
HAL_PCD_ConnectCallback                           build/stm32f1xx_hal_pcd.o
HAL_PCD_DataInStageCallback                       build/stm32f1xx_hal_pcd.o
HAL_PCD_DataOutStageCallback                      build/stm32f1xx_hal_pcd.o
HAL_PCD_DeActivateRemoteWakeup                    build/stm32f1xx_hal_pcd.o
HAL_PCD_DeInit                                    build/stm32f1xx_hal_pcd.o
HAL_PCD_DevConnect                                build/stm32f1xx_hal_pcd.o
HAL_PCD_DevDisconnect                             build/stm32f1xx_hal_pcd.o
HAL_PCD_DisconnectCallback                        build/stm32f1xx_hal_pcd.o
HAL_PCD_EP_Abort                                  build/stm32f1xx_hal_pcd.o
HAL_PCD_EP_Close                                  build/stm32f1xx_hal_pcd.o
HAL_PCD_EP_ClrStall                               build/stm32f1xx_hal_pcd.o
HAL_PCD_EP_Flush                                  build/stm32f1xx_hal_pcd.o
HAL_PCD_EP_GetRxCount                             build/stm32f1xx_hal_pcd.o
HAL_PCD_EP_Open                                   build/stm32f1xx_hal_pcd.o
HAL_PCD_EP_Receive                                build/stm32f1xx_hal_pcd.o
HAL_PCD_EP_SetStall                               build/stm32f1xx_hal_pcd.o
HAL_PCD_EP_Transmit                               build/stm32f1xx_hal_pcd.o
HAL_PCD_GetState                                  build/stm32f1xx_hal_pcd.o
HAL_PCD_IRQHandler                                build/stm32f1xx_hal_pcd.o
                                                  build/stm32f1xx_it.o
HAL_PCD_ISOINIncompleteCallback                   build/stm32f1xx_hal_pcd.o
HAL_PCD_ISOOUTIncompleteCallback                  build/stm32f1xx_hal_pcd.o
HAL_PCD_Init                                      build/stm32f1xx_hal_pcd.o
                                                  build/usb.o
HAL_PCD_MspDeInit                                 build/usb.o
HAL_PCD_MspInit                                   build/usb.o
HAL_PCD_ResetCallback                             build/stm32f1xx_hal_pcd.o
HAL_PCD_ResumeCallback                            build/stm32f1xx_hal_pcd.o
HAL_PCD_SOFCallback                               build/stm32f1xx_hal_pcd.o
HAL_PCD_SetAddress                                build/stm32f1xx_hal_pcd.o
HAL_PCD_SetupStageCallback                        build/stm32f1xx_hal_pcd.o
HAL_PCD_Start                                     build/stm32f1xx_hal_pcd.o
HAL_PCD_Stop                                      build/stm32f1xx_hal_pcd.o
HAL_PCD_SuspendCallback                           build/stm32f1xx_hal_pcd.o
HAL_PCD_WKUP_IRQHandler                           build/stm32f1xx_hal_pcd.o
HAL_PWR_ConfigPVD                                 build/stm32f1xx_hal_pwr.o
HAL_PWR_DeInit                                    build/stm32f1xx_hal_pwr.o
HAL_PWR_DisableBkUpAccess                         build/stm32f1xx_hal_pwr.o
HAL_PWR_DisablePVD                                build/stm32f1xx_hal_pwr.o
HAL_PWR_DisableSEVOnPend                          build/stm32f1xx_hal_pwr.o
HAL_PWR_DisableSleepOnExit                        build/stm32f1xx_hal_pwr.o